{"timestamp":"2025-12-30 00:00:16.000000","request_id":"70834dd0-fbf7-4dd3-bea9-59ef85afd4c8","event":"request_start","endpoint":"/api/pois-for-route","method":"POST","ip_address":"127.0.0.1","user_id":null}
{"timestamp":"2025-12-30 00:00:16.000000","request_id":"70834dd0-fbf7-4dd3-bea9-59ef85afd4c8","event":"debug","phase":"VALIDATION","message":"Polyline received","latency_ms":1,"data":{"point_count":1041}}
{"timestamp":"2025-12-30 00:00:16.000000","request_id":"70834dd0-fbf7-4dd3-bea9-59ef85afd4c8","event":"debug","phase":"VALIDATION","message":"Input validated","latency_ms":2,"data":{"polyline_points":1041,"categories":["temple","fuel","charger","toll","restaurant","hospital"],"radius_km":3}}
{"timestamp":"2025-12-30 00:00:16.000000","request_id":"70834dd0-fbf7-4dd3-bea9-59ef85afd4c8","event":"debug","phase":"BBOX_QUERY","message":"Executing spatial query","latency_ms":2,"data":{"min_lat":19.03780797297297,"max_lat":28.640936027027028,"min_lng":72.84751697297297,"max_lng":77.37201402702703,"categories":["temple","fuel","charger","toll","restaurant","hospital"]}}
{"timestamp":"2025-12-30 00:00:17.000000","request_id":"70834dd0-fbf7-4dd3-bea9-59ef85afd4c8","event":"debug","phase":"BBOX_RESULT","message":"Bounding box query completed","latency_ms":40,"data":{"pois_in_bbox":0}}
{"timestamp":"2025-12-30 00:00:17.000000","request_id":"70834dd0-fbf7-4dd3-bea9-59ef85afd4c8","event":"debug","phase":"DISTANCE_FILTER","message":"Starting distance-to-route filtering","latency_ms":40,"data":{"all_pois_count":0,"buffer_meters":3000}}
{"timestamp":"2025-12-30 00:00:17.000000","request_id":"70834dd0-fbf7-4dd3-bea9-59ef85afd4c8","event":"debug","phase":"DISTANCE_FILTER","message":"Filtering complete","latency_ms":40,"data":{"filtered_pois_count":0}}
{"timestamp":"2025-12-30 00:00:17.000000","request_id":"70834dd0-fbf7-4dd3-bea9-59ef85afd4c8","event":"response_error","endpoint":"/api/pois-for-route","http_code":200,"error_code":"POI_ZERO_RESULTS","message":"No POIs found within criteria","latency_ms":40,"user_id":null,"details":null}
{"timestamp":"2025-12-30 00:00:17.000000","request_id":"70834dd0-fbf7-4dd3-bea9-59ef85afd4c8","event":"debug","phase":"RESPONSE","message":"Final POI count","latency_ms":40,"data":{"total_in_route":0,"returned":0,"by_category":[]}}
{"timestamp":"2025-12-30 00:01:12.000000","request_id":"d7a3e667-9723-4488-b19b-bea1b4f43140","event":"request_start","endpoint":"/api/pois-for-route","method":"POST","ip_address":"127.0.0.1","user_id":null}
{"timestamp":"2025-12-30 00:01:12.000000","request_id":"d7a3e667-9723-4488-b19b-bea1b4f43140","event":"debug","phase":"VALIDATION","message":"Polyline received","latency_ms":1,"data":{"point_count":1041}}
{"timestamp":"2025-12-30 00:01:12.000000","request_id":"d7a3e667-9723-4488-b19b-bea1b4f43140","event":"debug","phase":"VALIDATION","message":"Input validated","latency_ms":2,"data":{"polyline_points":1041,"categories":["temple","fuel","charger","toll","restaurant","hospital"],"radius_km":3}}
{"timestamp":"2025-12-30 00:01:12.000000","request_id":"d7a3e667-9723-4488-b19b-bea1b4f43140","event":"debug","phase":"BBOX_QUERY","message":"Executing spatial query","latency_ms":2,"data":{"min_lat":19.03780797297297,"max_lat":28.640936027027028,"min_lng":72.84751697297297,"max_lng":77.37201402702703,"categories":["temple","fuel","charger","toll","restaurant","hospital"]}}
{"timestamp":"2025-12-30 00:01:12.000000","request_id":"d7a3e667-9723-4488-b19b-bea1b4f43140","event":"debug","phase":"BBOX_RESULT","message":"Bounding box query completed","latency_ms":4,"data":{"pois_in_bbox":0}}
{"timestamp":"2025-12-30 00:01:12.000000","request_id":"d7a3e667-9723-4488-b19b-bea1b4f43140","event":"debug","phase":"DISTANCE_FILTER","message":"Starting distance-to-route filtering","latency_ms":5,"data":{"all_pois_count":0,"buffer_meters":3000}}
{"timestamp":"2025-12-30 00:01:12.000000","request_id":"d7a3e667-9723-4488-b19b-bea1b4f43140","event":"debug","phase":"DISTANCE_FILTER","message":"Filtering complete","latency_ms":5,"data":{"filtered_pois_count":0}}
{"timestamp":"2025-12-30 00:01:12.000000","request_id":"d7a3e667-9723-4488-b19b-bea1b4f43140","event":"response_error","endpoint":"/api/pois-for-route","http_code":200,"error_code":"POI_ZERO_RESULTS","message":"No POIs found within criteria","latency_ms":5,"user_id":null,"details":null}
{"timestamp":"2025-12-30 00:01:12.000000","request_id":"d7a3e667-9723-4488-b19b-bea1b4f43140","event":"debug","phase":"RESPONSE","message":"Final POI count","latency_ms":6,"data":{"total_in_route":0,"returned":0,"by_category":[]}}
{"timestamp":"2025-12-30 00:02:29.000000","request_id":"5c6609a4-eaed-43f6-8e66-6e51c94f336a","event":"request_start","endpoint":"/api/pois-for-route","method":"POST","ip_address":"127.0.0.1","user_id":null}
{"timestamp":"2025-12-30 00:02:29.000000","request_id":"5c6609a4-eaed-43f6-8e66-6e51c94f336a","event":"debug","phase":"VALIDATION","message":"Polyline received","latency_ms":2,"data":{"point_count":1041}}
{"timestamp":"2025-12-30 00:02:29.000000","request_id":"5c6609a4-eaed-43f6-8e66-6e51c94f336a","event":"debug","phase":"VALIDATION","message":"Input validated","latency_ms":2,"data":{"polyline_points":1041,"categories":["temple","fuel","charger","toll","restaurant","hospital"],"radius_km":3}}
{"timestamp":"2025-12-30 00:02:29.000000","request_id":"5c6609a4-eaed-43f6-8e66-6e51c94f336a","event":"debug","phase":"BBOX_QUERY","message":"Executing spatial query","latency_ms":3,"data":{"min_lat":19.03780797297297,"max_lat":28.640936027027028,"min_lng":72.84751697297297,"max_lng":77.37201402702703,"categories":["temple","fuel","charger","toll","restaurant","hospital"]}}
{"timestamp":"2025-12-30 00:02:29.000000","request_id":"5c6609a4-eaed-43f6-8e66-6e51c94f336a","event":"debug","phase":"BBOX_RESULT","message":"Bounding box query completed","latency_ms":9,"data":{"pois_in_bbox":0}}
{"timestamp":"2025-12-30 00:02:29.000000","request_id":"5c6609a4-eaed-43f6-8e66-6e51c94f336a","event":"debug","phase":"DISTANCE_FILTER","message":"Starting distance-to-route filtering","latency_ms":10,"data":{"all_pois_count":0,"buffer_meters":3000}}
{"timestamp":"2025-12-30 00:02:29.000000","request_id":"5c6609a4-eaed-43f6-8e66-6e51c94f336a","event":"debug","phase":"DISTANCE_FILTER","message":"Filtering complete","latency_ms":10,"data":{"filtered_pois_count":0}}
{"timestamp":"2025-12-30 00:02:29.000000","request_id":"5c6609a4-eaed-43f6-8e66-6e51c94f336a","event":"response_error","endpoint":"/api/pois-for-route","http_code":200,"error_code":"POI_ZERO_RESULTS","message":"No POIs found within criteria","latency_ms":11,"user_id":null,"details":null}
{"timestamp":"2025-12-30 00:02:29.000000","request_id":"5c6609a4-eaed-43f6-8e66-6e51c94f336a","event":"debug","phase":"RESPONSE","message":"Final POI count","latency_ms":11,"data":{"total_in_route":0,"returned":0,"by_category":[]}}
{"timestamp":"2025-12-30 00:31:18.000000","request_id":"aae456ce-b6bc-40f1-b2bc-cd7145181452","event":"request_start","endpoint":"/api/pois-for-route","method":"POST","ip_address":"127.0.0.1","user_id":null}
{"timestamp":"2025-12-30 00:31:18.000000","request_id":"aae456ce-b6bc-40f1-b2bc-cd7145181452","event":"debug","phase":"VALIDATION","message":"Polyline received","latency_ms":4,"data":{"point_count":1041}}
{"timestamp":"2025-12-30 00:31:18.000000","request_id":"aae456ce-b6bc-40f1-b2bc-cd7145181452","event":"debug","phase":"VALIDATION","message":"Input validated","latency_ms":4,"data":{"polyline_points":1041,"categories":["temple","fuel","charger","toll","restaurant","hospital"],"radius_km":3}}
{"timestamp":"2025-12-30 00:31:18.000000","request_id":"aae456ce-b6bc-40f1-b2bc-cd7145181452","event":"debug","phase":"BBOX_QUERY","message":"Executing spatial query","latency_ms":5,"data":{"min_lat":19.03780797297297,"max_lat":28.640936027027028,"min_lng":72.84751697297297,"max_lng":77.37201402702703,"categories":["temple","fuel","charger","toll","restaurant","hospital"]}}
{"timestamp":"2025-12-30 00:31:18.000000","request_id":"aae456ce-b6bc-40f1-b2bc-cd7145181452","event":"debug","phase":"BBOX_RESULT","message":"Bounding box query completed","latency_ms":49,"data":{"pois_in_bbox":0}}
{"timestamp":"2025-12-30 00:31:18.000000","request_id":"aae456ce-b6bc-40f1-b2bc-cd7145181452","event":"debug","phase":"DISTANCE_FILTER","message":"Starting distance-to-route filtering","latency_ms":50,"data":{"all_pois_count":0,"buffer_meters":3000}}
{"timestamp":"2025-12-30 00:31:18.000000","request_id":"aae456ce-b6bc-40f1-b2bc-cd7145181452","event":"debug","phase":"DISTANCE_FILTER","message":"Filtering complete","latency_ms":51,"data":{"filtered_pois_count":0}}
{"timestamp":"2025-12-30 00:31:18.000000","request_id":"aae456ce-b6bc-40f1-b2bc-cd7145181452","event":"response_error","endpoint":"/api/pois-for-route","http_code":200,"error_code":"POI_ZERO_RESULTS","message":"No POIs found within criteria","latency_ms":51,"user_id":null,"details":null}
{"timestamp":"2025-12-30 00:31:18.000000","request_id":"aae456ce-b6bc-40f1-b2bc-cd7145181452","event":"debug","phase":"RESPONSE","message":"Final POI count","latency_ms":51,"data":{"total_in_route":0,"returned":0,"by_category":[]}}
{"timestamp":"2025-12-30 00:43:01.000000","request_id":"4e23c869-1123-4470-adab-d08598ea7f20","event":"request_start","endpoint":"/api/pois-for-route","method":"POST","ip_address":"127.0.0.1","user_id":null}
{"timestamp":"2025-12-30 00:43:01.000000","request_id":"4e23c869-1123-4470-adab-d08598ea7f20","event":"debug","phase":"VALIDATION","message":"Polyline received","latency_ms":4,"data":{"point_count":526}}
{"timestamp":"2025-12-30 00:43:01.000000","request_id":"4e23c869-1123-4470-adab-d08598ea7f20","event":"debug","phase":"VALIDATION","message":"Input validated","latency_ms":5,"data":{"polyline_points":526,"categories":["temple","fuel","charger","toll","restaurant","hospital"],"radius_km":3}}
{"timestamp":"2025-12-30 00:43:01.000000","request_id":"4e23c869-1123-4470-adab-d08598ea7f20","event":"debug","phase":"BBOX_QUERY","message":"Executing spatial query","latency_ms":6,"data":{"min_lat":13.056419972972973,"max_lat":17.387531027027027,"min_lng":78.44743597297297,"max_lng":80.30056402702704,"categories":["temple","fuel","charger","toll","restaurant","hospital"]}}
{"timestamp":"2025-12-30 00:43:01.000000","request_id":"4e23c869-1123-4470-adab-d08598ea7f20","event":"debug","phase":"BBOX_RESULT","message":"Bounding box query completed","latency_ms":64,"data":{"pois_in_bbox":0}}
{"timestamp":"2025-12-30 00:43:01.000000","request_id":"4e23c869-1123-4470-adab-d08598ea7f20","event":"debug","phase":"DISTANCE_FILTER","message":"Starting distance-to-route filtering","latency_ms":65,"data":{"all_pois_count":0,"buffer_meters":3000}}
{"timestamp":"2025-12-30 00:43:01.000000","request_id":"4e23c869-1123-4470-adab-d08598ea7f20","event":"debug","phase":"DISTANCE_FILTER","message":"Filtering complete","latency_ms":65,"data":{"filtered_pois_count":0}}
{"timestamp":"2025-12-30 00:43:01.000000","request_id":"4e23c869-1123-4470-adab-d08598ea7f20","event":"response_error","endpoint":"/api/pois-for-route","http_code":200,"error_code":"POI_ZERO_RESULTS","message":"No POIs found within criteria","latency_ms":65,"user_id":null,"details":null}
{"timestamp":"2025-12-30 00:43:01.000000","request_id":"4e23c869-1123-4470-adab-d08598ea7f20","event":"debug","phase":"RESPONSE","message":"Final POI count","latency_ms":66,"data":{"total_in_route":0,"returned":0,"by_category":[]}}
{"timestamp":"2025-12-30 00:44:04.000000","request_id":"7011ff83-4b4a-494e-86f1-196706ae25be","event":"request_start","endpoint":"/api/pois-for-route","method":"POST","ip_address":"127.0.0.1","user_id":null}
{"timestamp":"2025-12-30 00:44:04.000000","request_id":"7011ff83-4b4a-494e-86f1-196706ae25be","event":"debug","phase":"VALIDATION","message":"Polyline received","latency_ms":0,"data":{"point_count":526}}
{"timestamp":"2025-12-30 00:44:04.000000","request_id":"7011ff83-4b4a-494e-86f1-196706ae25be","event":"debug","phase":"VALIDATION","message":"Input validated","latency_ms":1,"data":{"polyline_points":526,"categories":["temple","fuel","charger","toll","restaurant","hospital"],"radius_km":3}}
{"timestamp":"2025-12-30 00:44:04.000000","request_id":"7011ff83-4b4a-494e-86f1-196706ae25be","event":"debug","phase":"BBOX_QUERY","message":"Executing spatial query","latency_ms":2,"data":{"min_lat":13.056419972972973,"max_lat":17.387531027027027,"min_lng":78.44743597297297,"max_lng":80.30056402702704,"categories":["temple","fuel","charger","toll","restaurant","hospital"]}}
{"timestamp":"2025-12-30 00:44:04.000000","request_id":"7011ff83-4b4a-494e-86f1-196706ae25be","event":"debug","phase":"BBOX_RESULT","message":"Bounding box query completed","latency_ms":4,"data":{"pois_in_bbox":0}}
{"timestamp":"2025-12-30 00:44:04.000000","request_id":"7011ff83-4b4a-494e-86f1-196706ae25be","event":"debug","phase":"DISTANCE_FILTER","message":"Starting distance-to-route filtering","latency_ms":5,"data":{"all_pois_count":0,"buffer_meters":3000}}
{"timestamp":"2025-12-30 00:44:04.000000","request_id":"7011ff83-4b4a-494e-86f1-196706ae25be","event":"debug","phase":"DISTANCE_FILTER","message":"Filtering complete","latency_ms":5,"data":{"filtered_pois_count":0}}
{"timestamp":"2025-12-30 00:44:04.000000","request_id":"7011ff83-4b4a-494e-86f1-196706ae25be","event":"response_error","endpoint":"/api/pois-for-route","http_code":200,"error_code":"POI_ZERO_RESULTS","message":"No POIs found within criteria","latency_ms":6,"user_id":null,"details":null}
{"timestamp":"2025-12-30 00:44:04.000000","request_id":"7011ff83-4b4a-494e-86f1-196706ae25be","event":"debug","phase":"RESPONSE","message":"Final POI count","latency_ms":6,"data":{"total_in_route":0,"returned":0,"by_category":[]}}
{"timestamp":"2025-12-30 00:44:56.000000","request_id":"195ba491-9219-4ff5-bcd1-fe7b0f319b20","event":"request_start","endpoint":"/api/pois-for-route","method":"POST","ip_address":"127.0.0.1","user_id":null}
{"timestamp":"2025-12-30 00:44:56.000000","request_id":"195ba491-9219-4ff5-bcd1-fe7b0f319b20","event":"debug","phase":"VALIDATION","message":"Polyline received","latency_ms":0,"data":{"point_count":526}}
{"timestamp":"2025-12-30 00:44:56.000000","request_id":"195ba491-9219-4ff5-bcd1-fe7b0f319b20","event":"debug","phase":"VALIDATION","message":"Input validated","latency_ms":1,"data":{"polyline_points":526,"categories":["temple","fuel","charger","toll","restaurant","hospital"],"radius_km":3}}
{"timestamp":"2025-12-30 00:44:56.000000","request_id":"195ba491-9219-4ff5-bcd1-fe7b0f319b20","event":"debug","phase":"BBOX_QUERY","message":"Executing spatial query","latency_ms":1,"data":{"min_lat":13.056419972972973,"max_lat":17.387531027027027,"min_lng":78.44743597297297,"max_lng":80.30056402702704,"categories":["temple","fuel","charger","toll","restaurant","hospital"]}}
{"timestamp":"2025-12-30 00:44:56.000000","request_id":"195ba491-9219-4ff5-bcd1-fe7b0f319b20","event":"debug","phase":"BBOX_RESULT","message":"Bounding box query completed","latency_ms":4,"data":{"pois_in_bbox":0}}
{"timestamp":"2025-12-30 00:44:56.000000","request_id":"195ba491-9219-4ff5-bcd1-fe7b0f319b20","event":"debug","phase":"DISTANCE_FILTER","message":"Starting distance-to-route filtering","latency_ms":5,"data":{"all_pois_count":0,"buffer_meters":3000}}
{"timestamp":"2025-12-30 00:44:56.000000","request_id":"195ba491-9219-4ff5-bcd1-fe7b0f319b20","event":"debug","phase":"DISTANCE_FILTER","message":"Filtering complete","latency_ms":5,"data":{"filtered_pois_count":0}}
{"timestamp":"2025-12-30 00:44:56.000000","request_id":"195ba491-9219-4ff5-bcd1-fe7b0f319b20","event":"response_error","endpoint":"/api/pois-for-route","http_code":200,"error_code":"POI_ZERO_RESULTS","message":"No POIs found within criteria","latency_ms":7,"user_id":null,"details":null}
{"timestamp":"2025-12-30 00:44:56.000000","request_id":"195ba491-9219-4ff5-bcd1-fe7b0f319b20","event":"debug","phase":"RESPONSE","message":"Final POI count","latency_ms":9,"data":{"total_in_route":0,"returned":0,"by_category":[]}}
{"timestamp":"2025-12-30 00:49:00.000000","request_id":"5875f854-7fcf-4b6f-9b21-9c587379fb0c","event":"request_start","endpoint":"/api/pois-for-route","method":"POST","ip_address":"127.0.0.1","user_id":null}
{"timestamp":"2025-12-30 00:49:00.000000","request_id":"5875f854-7fcf-4b6f-9b21-9c587379fb0c","event":"debug","phase":"VALIDATION","message":"Polyline received","latency_ms":1,"data":{"point_count":526}}
{"timestamp":"2025-12-30 00:49:00.000000","request_id":"5875f854-7fcf-4b6f-9b21-9c587379fb0c","event":"debug","phase":"VALIDATION","message":"Input validated","latency_ms":2,"data":{"polyline_points":526,"categories":["temple","fuel","charger","toll","restaurant","hospital"],"radius_km":3}}
{"timestamp":"2025-12-30 00:49:00.000000","request_id":"5875f854-7fcf-4b6f-9b21-9c587379fb0c","event":"debug","phase":"BBOX_QUERY","message":"Executing spatial query","latency_ms":3,"data":{"min_lat":13.056419972972973,"max_lat":17.387531027027027,"min_lng":78.44743597297297,"max_lng":80.30056402702704,"categories":["temple","fuel","charger","toll","restaurant","hospital"]}}
{"timestamp":"2025-12-30 00:49:00.000000","request_id":"5875f854-7fcf-4b6f-9b21-9c587379fb0c","event":"debug","phase":"BBOX_RESULT","message":"Bounding box query completed","latency_ms":47,"data":{"pois_in_bbox":0}}
{"timestamp":"2025-12-30 00:49:00.000000","request_id":"5875f854-7fcf-4b6f-9b21-9c587379fb0c","event":"debug","phase":"DISTANCE_FILTER","message":"Starting distance-to-route filtering","latency_ms":47,"data":{"all_pois_count":0,"buffer_meters":3000}}
{"timestamp":"2025-12-30 00:49:00.000000","request_id":"5875f854-7fcf-4b6f-9b21-9c587379fb0c","event":"debug","phase":"DISTANCE_FILTER","message":"Filtering complete","latency_ms":47,"data":{"filtered_pois_count":0}}
{"timestamp":"2025-12-30 00:49:00.000000","request_id":"5875f854-7fcf-4b6f-9b21-9c587379fb0c","event":"response_error","endpoint":"/api/pois-for-route","http_code":200,"error_code":"POI_ZERO_RESULTS","message":"No POIs found within criteria","latency_ms":48,"user_id":null,"details":null}
{"timestamp":"2025-12-30 00:49:00.000000","request_id":"5875f854-7fcf-4b6f-9b21-9c587379fb0c","event":"debug","phase":"RESPONSE","message":"Final POI count","latency_ms":48,"data":{"total_in_route":0,"returned":0,"by_category":[]}}
{"timestamp":"2025-12-30 00:57:03.000000","request_id":"3410bff7-4307-46c2-9479-b4908d04eecd","event":"request_start","endpoint":"/api/pois-for-route","method":"POST","ip_address":"127.0.0.1","user_id":null}
{"timestamp":"2025-12-30 00:57:03.000000","request_id":"3410bff7-4307-46c2-9479-b4908d04eecd","event":"debug","phase":"VALIDATION","message":"Polyline received","latency_ms":1,"data":{"point_count":526}}
{"timestamp":"2025-12-30 00:57:03.000000","request_id":"3410bff7-4307-46c2-9479-b4908d04eecd","event":"debug","phase":"VALIDATION","message":"Input validated","latency_ms":2,"data":{"polyline_points":526,"categories":["toll","restaurant","hospital","fuel","charger"],"radius_km":3}}
{"timestamp":"2025-12-30 00:57:03.000000","request_id":"3410bff7-4307-46c2-9479-b4908d04eecd","event":"debug","phase":"BBOX_QUERY","message":"Executing spatial query","latency_ms":3,"data":{"min_lat":13.056419972972973,"max_lat":17.387531027027027,"min_lng":78.44743597297297,"max_lng":80.30056402702704,"categories":["toll","restaurant","hospital","fuel","charger"]}}
{"timestamp":"2025-12-30 00:57:03.000000","request_id":"3410bff7-4307-46c2-9479-b4908d04eecd","event":"debug","phase":"BBOX_RESULT","message":"Bounding box query completed","latency_ms":42,"data":{"pois_in_bbox":0}}
{"timestamp":"2025-12-30 00:57:03.000000","request_id":"3410bff7-4307-46c2-9479-b4908d04eecd","event":"debug","phase":"DISTANCE_FILTER","message":"Starting distance-to-route filtering","latency_ms":43,"data":{"all_pois_count":0,"buffer_meters":3000}}
{"timestamp":"2025-12-30 00:57:03.000000","request_id":"3410bff7-4307-46c2-9479-b4908d04eecd","event":"debug","phase":"DISTANCE_FILTER","message":"Filtering complete","latency_ms":43,"data":{"filtered_pois_count":0}}
{"timestamp":"2025-12-30 00:57:03.000000","request_id":"3410bff7-4307-46c2-9479-b4908d04eecd","event":"response_error","endpoint":"/api/pois-for-route","http_code":200,"error_code":"POI_ZERO_RESULTS","message":"No POIs found within criteria","latency_ms":46,"user_id":null,"details":null}
{"timestamp":"2025-12-30 00:57:03.000000","request_id":"3410bff7-4307-46c2-9479-b4908d04eecd","event":"debug","phase":"RESPONSE","message":"Final POI count","latency_ms":46,"data":{"total_in_route":0,"returned":0,"by_category":[]}}
{"timestamp":"2025-12-30 00:58:42.000000","request_id":"74956102-38be-4800-80ff-bc0c220dbc84","event":"request_start","endpoint":"/api/pois-for-route","method":"POST","ip_address":"127.0.0.1","user_id":null}
{"timestamp":"2025-12-30 00:58:42.000000","request_id":"74956102-38be-4800-80ff-bc0c220dbc84","event":"debug","phase":"VALIDATION","message":"Polyline received","latency_ms":4,"data":{"point_count":526}}
{"timestamp":"2025-12-30 00:58:42.000000","request_id":"74956102-38be-4800-80ff-bc0c220dbc84","event":"debug","phase":"VALIDATION","message":"Input validated","latency_ms":7,"data":{"polyline_points":526,"categories":["temple","fuel","charger","toll","restaurant","hospital"],"radius_km":3}}
{"timestamp":"2025-12-30 00:58:42.000000","request_id":"74956102-38be-4800-80ff-bc0c220dbc84","event":"debug","phase":"BBOX_QUERY","message":"Executing spatial query","latency_ms":7,"data":{"min_lat":13.056419972972973,"max_lat":17.387531027027027,"min_lng":78.44743597297297,"max_lng":80.30056402702704,"categories":["temple","fuel","charger","toll","restaurant","hospital"]}}
{"timestamp":"2025-12-30 00:58:42.000000","request_id":"74956102-38be-4800-80ff-bc0c220dbc84","event":"debug","phase":"BBOX_RESULT","message":"Bounding box query completed","latency_ms":17,"data":{"pois_in_bbox":0}}
{"timestamp":"2025-12-30 00:58:42.000000","request_id":"74956102-38be-4800-80ff-bc0c220dbc84","event":"debug","phase":"DISTANCE_FILTER","message":"Starting distance-to-route filtering","latency_ms":17,"data":{"all_pois_count":0,"buffer_meters":3000}}
{"timestamp":"2025-12-30 00:58:42.000000","request_id":"74956102-38be-4800-80ff-bc0c220dbc84","event":"debug","phase":"DISTANCE_FILTER","message":"Filtering complete","latency_ms":18,"data":{"filtered_pois_count":0}}
{"timestamp":"2025-12-30 00:58:42.000000","request_id":"74956102-38be-4800-80ff-bc0c220dbc84","event":"response_error","endpoint":"/api/pois-for-route","http_code":200,"error_code":"POI_ZERO_RESULTS","message":"No POIs found within criteria","latency_ms":18,"user_id":null,"details":null}
{"timestamp":"2025-12-30 00:58:42.000000","request_id":"74956102-38be-4800-80ff-bc0c220dbc84","event":"debug","phase":"RESPONSE","message":"Final POI count","latency_ms":19,"data":{"total_in_route":0,"returned":0,"by_category":[]}}
{"timestamp":"2025-12-30 01:01:16.000000","request_id":"cc4e1dd7-8427-471f-bc69-eecf68b153f0","event":"request_start","endpoint":"/api/pois-for-route","method":"POST","ip_address":"127.0.0.1","user_id":null}
{"timestamp":"2025-12-30 01:01:16.000000","request_id":"cc4e1dd7-8427-471f-bc69-eecf68b153f0","event":"debug","phase":"VALIDATION","message":"Polyline received","latency_ms":4,"data":{"point_count":526}}
{"timestamp":"2025-12-30 01:01:16.000000","request_id":"cc4e1dd7-8427-471f-bc69-eecf68b153f0","event":"debug","phase":"VALIDATION","message":"Input validated","latency_ms":4,"data":{"polyline_points":526,"categories":["temple","fuel","charger","toll","restaurant","hospital"],"radius_km":3}}
{"timestamp":"2025-12-30 01:01:16.000000","request_id":"cc4e1dd7-8427-471f-bc69-eecf68b153f0","event":"debug","phase":"BBOX_QUERY","message":"Executing spatial query","latency_ms":5,"data":{"min_lat":13.056419972972973,"max_lat":17.387531027027027,"min_lng":78.44743597297297,"max_lng":80.30056402702704,"categories":["temple","fuel","charger","toll","restaurant","hospital"]}}
{"timestamp":"2025-12-30 01:01:16.000000","request_id":"cc4e1dd7-8427-471f-bc69-eecf68b153f0","event":"debug","phase":"BBOX_RESULT","message":"Bounding box query completed","latency_ms":76,"data":{"pois_in_bbox":0}}
{"timestamp":"2025-12-30 01:01:16.000000","request_id":"cc4e1dd7-8427-471f-bc69-eecf68b153f0","event":"debug","phase":"DISTANCE_FILTER","message":"Starting distance-to-route filtering","latency_ms":76,"data":{"all_pois_count":0,"buffer_meters":3000}}
{"timestamp":"2025-12-30 01:01:16.000000","request_id":"cc4e1dd7-8427-471f-bc69-eecf68b153f0","event":"debug","phase":"DISTANCE_FILTER","message":"Filtering complete","latency_ms":77,"data":{"filtered_pois_count":0}}
{"timestamp":"2025-12-30 01:01:16.000000","request_id":"cc4e1dd7-8427-471f-bc69-eecf68b153f0","event":"response_error","endpoint":"/api/pois-for-route","http_code":200,"error_code":"POI_ZERO_RESULTS","message":"No POIs found within criteria","latency_ms":77,"user_id":null,"details":null}
{"timestamp":"2025-12-30 01:01:16.000000","request_id":"cc4e1dd7-8427-471f-bc69-eecf68b153f0","event":"debug","phase":"RESPONSE","message":"Final POI count","latency_ms":78,"data":{"total_in_route":0,"returned":0,"by_category":[]}}
{"timestamp":"2025-12-30 01:04:54.000000","request_id":"65a4ca68-51ec-47a4-a055-b56f3239613e","event":"request_start","endpoint":"/api/pois-for-route","method":"POST","ip_address":"127.0.0.1","user_id":null}
{"timestamp":"2025-12-30 01:04:54.000000","request_id":"65a4ca68-51ec-47a4-a055-b56f3239613e","event":"debug","phase":"VALIDATION","message":"Polyline received","latency_ms":5,"data":{"point_count":526}}
{"timestamp":"2025-12-30 01:04:54.000000","request_id":"65a4ca68-51ec-47a4-a055-b56f3239613e","event":"debug","phase":"VALIDATION","message":"Input validated","latency_ms":5,"data":{"polyline_points":526,"categories":["temple","fuel","charger","toll","restaurant","hospital"],"radius_km":3}}
{"timestamp":"2025-12-30 01:04:54.000000","request_id":"65a4ca68-51ec-47a4-a055-b56f3239613e","event":"debug","phase":"BBOX_QUERY","message":"Executing spatial query","latency_ms":6,"data":{"min_lat":13.056419972972973,"max_lat":17.387531027027027,"min_lng":78.44743597297297,"max_lng":80.30056402702704,"categories":["temple","fuel","charger","toll","restaurant","hospital"]}}
{"timestamp":"2025-12-30 01:04:54.000000","request_id":"65a4ca68-51ec-47a4-a055-b56f3239613e","event":"debug","phase":"BBOX_RESULT","message":"Bounding box query completed","latency_ms":65,"data":{"pois_in_bbox":0}}
{"timestamp":"2025-12-30 01:04:54.000000","request_id":"65a4ca68-51ec-47a4-a055-b56f3239613e","event":"debug","phase":"DISTANCE_FILTER","message":"Starting distance-to-route filtering","latency_ms":65,"data":{"all_pois_count":0,"buffer_meters":3000}}
{"timestamp":"2025-12-30 01:04:54.000000","request_id":"65a4ca68-51ec-47a4-a055-b56f3239613e","event":"debug","phase":"DISTANCE_FILTER","message":"Filtering complete","latency_ms":66,"data":{"filtered_pois_count":0}}
{"timestamp":"2025-12-30 01:04:54.000000","request_id":"65a4ca68-51ec-47a4-a055-b56f3239613e","event":"response_error","endpoint":"/api/pois-for-route","http_code":200,"error_code":"POI_ZERO_RESULTS","message":"No POIs found within criteria","latency_ms":67,"user_id":null,"details":null}
{"timestamp":"2025-12-30 01:04:54.000000","request_id":"65a4ca68-51ec-47a4-a055-b56f3239613e","event":"debug","phase":"RESPONSE","message":"Final POI count","latency_ms":68,"data":{"total_in_route":0,"returned":0,"by_category":[]}}
{"timestamp":"2025-12-30 01:11:26.000000","request_id":"0d98d9ac-3f6c-4739-a7d9-286285101eb8","event":"request_start","endpoint":"/api/pois-for-route","method":"POST","ip_address":"127.0.0.1","user_id":null}
{"timestamp":"2025-12-30 01:11:26.000000","request_id":"0d98d9ac-3f6c-4739-a7d9-286285101eb8","event":"debug","phase":"VALIDATION","message":"Polyline received","latency_ms":5,"data":{"point_count":526}}
{"timestamp":"2025-12-30 01:11:26.000000","request_id":"0d98d9ac-3f6c-4739-a7d9-286285101eb8","event":"debug","phase":"VALIDATION","message":"Input validated","latency_ms":6,"data":{"polyline_points":526,"categories":["temple","fuel","charger","toll","restaurant","hospital"],"radius_km":3}}
{"timestamp":"2025-12-30 01:11:26.000000","request_id":"0d98d9ac-3f6c-4739-a7d9-286285101eb8","event":"debug","phase":"BBOX_QUERY","message":"Executing spatial query","latency_ms":8,"data":{"min_lat":13.056419972972973,"max_lat":17.387531027027027,"min_lng":78.44743597297297,"max_lng":80.30056402702704,"categories":["temple","fuel","charger","toll","restaurant","hospital"]}}
{"timestamp":"2025-12-30 01:11:26.000000","request_id":"0d98d9ac-3f6c-4739-a7d9-286285101eb8","event":"debug","phase":"BBOX_RESULT","message":"Bounding box query completed","latency_ms":71,"data":{"pois_in_bbox":0}}
{"timestamp":"2025-12-30 01:11:26.000000","request_id":"0d98d9ac-3f6c-4739-a7d9-286285101eb8","event":"debug","phase":"DISTANCE_FILTER","message":"Starting distance-to-route filtering","latency_ms":72,"data":{"all_pois_count":0,"buffer_meters":3000}}
{"timestamp":"2025-12-30 01:11:26.000000","request_id":"0d98d9ac-3f6c-4739-a7d9-286285101eb8","event":"debug","phase":"DISTANCE_FILTER","message":"Filtering complete","latency_ms":73,"data":{"filtered_pois_count":0}}
{"timestamp":"2025-12-30 01:11:26.000000","request_id":"0d98d9ac-3f6c-4739-a7d9-286285101eb8","event":"response_error","endpoint":"/api/pois-for-route","http_code":200,"error_code":"POI_ZERO_RESULTS","message":"No POIs found within criteria","latency_ms":73,"user_id":null,"details":null}
{"timestamp":"2025-12-30 01:11:26.000000","request_id":"0d98d9ac-3f6c-4739-a7d9-286285101eb8","event":"debug","phase":"RESPONSE","message":"Final POI count","latency_ms":74,"data":{"total_in_route":0,"returned":0,"by_category":[]}}
{"timestamp":"2025-12-30 01:13:51.000000","request_id":"c5cba961-0263-4118-b092-20b5783bb134","event":"request_start","endpoint":"/api/pois-for-route","method":"POST","ip_address":"127.0.0.1","user_id":null}
{"timestamp":"2025-12-30 01:13:51.000000","request_id":"c5cba961-0263-4118-b092-20b5783bb134","event":"debug","phase":"VALIDATION","message":"Polyline received","latency_ms":4,"data":{"point_count":526}}
{"timestamp":"2025-12-30 01:13:51.000000","request_id":"c5cba961-0263-4118-b092-20b5783bb134","event":"debug","phase":"VALIDATION","message":"Input validated","latency_ms":4,"data":{"polyline_points":526,"categories":["temple","fuel","charger","toll","restaurant","hospital"],"radius_km":3}}
{"timestamp":"2025-12-30 01:13:51.000000","request_id":"c5cba961-0263-4118-b092-20b5783bb134","event":"debug","phase":"BBOX_QUERY","message":"Executing spatial query","latency_ms":5,"data":{"min_lat":13.056419972972973,"max_lat":17.387531027027027,"min_lng":78.44743597297297,"max_lng":80.30056402702704,"categories":["temple","fuel","charger","toll","restaurant","hospital"]}}
{"timestamp":"2025-12-30 01:13:51.000000","request_id":"c5cba961-0263-4118-b092-20b5783bb134","event":"debug","phase":"BBOX_RESULT","message":"Bounding box query completed","latency_ms":67,"data":{"pois_in_bbox":0}}
{"timestamp":"2025-12-30 01:13:51.000000","request_id":"c5cba961-0263-4118-b092-20b5783bb134","event":"debug","phase":"DISTANCE_FILTER","message":"Starting distance-to-route filtering","latency_ms":68,"data":{"all_pois_count":0,"buffer_meters":3000}}
{"timestamp":"2025-12-30 01:13:51.000000","request_id":"c5cba961-0263-4118-b092-20b5783bb134","event":"debug","phase":"DISTANCE_FILTER","message":"Filtering complete","latency_ms":69,"data":{"filtered_pois_count":0}}
{"timestamp":"2025-12-30 01:13:51.000000","request_id":"c5cba961-0263-4118-b092-20b5783bb134","event":"response_error","endpoint":"/api/pois-for-route","http_code":200,"error_code":"POI_ZERO_RESULTS","message":"No POIs found within criteria","latency_ms":70,"user_id":null,"details":null}
{"timestamp":"2025-12-30 01:13:51.000000","request_id":"c5cba961-0263-4118-b092-20b5783bb134","event":"debug","phase":"RESPONSE","message":"Final POI count","latency_ms":71,"data":{"total_in_route":0,"returned":0,"by_category":[]}}
{"timestamp":"2025-12-30 01:17:33.000000","request_id":"7e113112-82a1-4082-9684-10950d5a761f","event":"request_start","endpoint":"/api/trips","method":"GET","ip_address":"127.0.0.1","user_id":null}
{"timestamp":"2025-12-30 01:17:33.000000","request_id":"7e113112-82a1-4082-9684-10950d5a761f","event":"response_success","endpoint":"/api/trips","http_code":200,"latency_ms":15,"cache_hit":false,"cache_miss":false,"data_count":5}
{"timestamp":"2025-12-30 01:17:33.000000","request_id":"b11dcada-5561-4e43-abf9-279a84c43fa8","event":"request_start","endpoint":"/api/trips","method":"GET","ip_address":"127.0.0.1","user_id":null}
{"timestamp":"2025-12-30 01:17:33.000000","request_id":"b11dcada-5561-4e43-abf9-279a84c43fa8","event":"response_success","endpoint":"/api/trips","http_code":200,"latency_ms":1,"cache_hit":false,"cache_miss":false,"data_count":5}
{"timestamp":"2025-12-30 01:29:40.000000","request_id":"f4448773-ecd2-42d9-9983-e183575d184a","event":"request_start","endpoint":"/api/pois-for-route","method":"POST","ip_address":"127.0.0.1","user_id":null}
{"timestamp":"2025-12-30 01:29:40.000000","request_id":"f4448773-ecd2-42d9-9983-e183575d184a","event":"debug","phase":"VALIDATION","message":"Polyline received","latency_ms":3,"data":{"point_count":779}}
{"timestamp":"2025-12-30 01:29:40.000000","request_id":"f4448773-ecd2-42d9-9983-e183575d184a","event":"debug","phase":"VALIDATION","message":"Input validated","latency_ms":5,"data":{"polyline_points":779,"categories":["temple","fuel","charger","toll","restaurant","hospital"],"radius_km":3}}
{"timestamp":"2025-12-30 01:29:40.000000","request_id":"f4448773-ecd2-42d9-9983-e183575d184a","event":"debug","phase":"BBOX_QUERY","message":"Executing spatial query","latency_ms":6,"data":{"min_lat":12.945860972972973,"max_lat":17.76991502702703,"min_lng":77.56300597297297,"max_lng":83.32054502702704,"categories":["temple","fuel","charger","toll","restaurant","hospital"]}}
{"timestamp":"2025-12-30 01:29:40.000000","request_id":"f4448773-ecd2-42d9-9983-e183575d184a","event":"debug","phase":"BBOX_RESULT","message":"Bounding box query completed","latency_ms":53,"data":{"pois_in_bbox":4}}
{"timestamp":"2025-12-30 01:29:40.000000","request_id":"f4448773-ecd2-42d9-9983-e183575d184a","event":"debug","phase":"DISTANCE_FILTER","message":"Starting distance-to-route filtering","latency_ms":53,"data":{"all_pois_count":4,"buffer_meters":3000}}
{"timestamp":"2025-12-30 01:29:40.000000","request_id":"f4448773-ecd2-42d9-9983-e183575d184a","event":"debug","phase":"DISTANCE_FILTER","message":"Filtering complete","latency_ms":54,"data":{"filtered_pois_count":0}}
{"timestamp":"2025-12-30 01:29:40.000000","request_id":"f4448773-ecd2-42d9-9983-e183575d184a","event":"response_error","endpoint":"/api/pois-for-route","http_code":200,"error_code":"POI_ZERO_RESULTS","message":"No POIs found within criteria","latency_ms":55,"user_id":null,"details":null}
{"timestamp":"2025-12-30 01:29:40.000000","request_id":"f4448773-ecd2-42d9-9983-e183575d184a","event":"debug","phase":"RESPONSE","message":"Final POI count","latency_ms":56,"data":{"total_in_route":0,"returned":0,"by_category":[]}}
{"timestamp":"2025-12-30 01:34:49.000000","request_id":"e7e515ea-81ea-4842-879b-c750f0f7a376","event":"request_start","endpoint":"/api/pois-for-route","method":"POST","ip_address":"127.0.0.1","user_id":null}
{"timestamp":"2025-12-30 01:34:49.000000","request_id":"e7e515ea-81ea-4842-879b-c750f0f7a376","event":"debug","phase":"VALIDATION","message":"Polyline received","latency_ms":3,"data":{"point_count":526}}
{"timestamp":"2025-12-30 01:34:49.000000","request_id":"e7e515ea-81ea-4842-879b-c750f0f7a376","event":"debug","phase":"VALIDATION","message":"Input validated","latency_ms":4,"data":{"polyline_points":526,"categories":["temple","fuel","charger","toll","restaurant","hospital"],"radius_km":3}}
{"timestamp":"2025-12-30 01:34:49.000000","request_id":"e7e515ea-81ea-4842-879b-c750f0f7a376","event":"debug","phase":"BBOX_QUERY","message":"Executing spatial query","latency_ms":7,"data":{"min_lat":13.056419972972973,"max_lat":17.387531027027027,"min_lng":78.44743597297297,"max_lng":80.30056402702704,"categories":["temple","fuel","charger","toll","restaurant","hospital"]}}
{"timestamp":"2025-12-30 01:34:49.000000","request_id":"e7e515ea-81ea-4842-879b-c750f0f7a376","event":"debug","phase":"BBOX_RESULT","message":"Bounding box query completed","latency_ms":56,"data":{"pois_in_bbox":0}}
{"timestamp":"2025-12-30 01:34:49.000000","request_id":"e7e515ea-81ea-4842-879b-c750f0f7a376","event":"debug","phase":"DISTANCE_FILTER","message":"Starting distance-to-route filtering","latency_ms":57,"data":{"all_pois_count":0,"buffer_meters":3000}}
{"timestamp":"2025-12-30 01:34:49.000000","request_id":"e7e515ea-81ea-4842-879b-c750f0f7a376","event":"debug","phase":"DISTANCE_FILTER","message":"Filtering complete","latency_ms":57,"data":{"filtered_pois_count":0}}
{"timestamp":"2025-12-30 01:34:49.000000","request_id":"e7e515ea-81ea-4842-879b-c750f0f7a376","event":"response_error","endpoint":"/api/pois-for-route","http_code":200,"error_code":"POI_ZERO_RESULTS","message":"No POIs found within criteria","latency_ms":59,"user_id":null,"details":null}
{"timestamp":"2025-12-30 01:34:49.000000","request_id":"e7e515ea-81ea-4842-879b-c750f0f7a376","event":"debug","phase":"RESPONSE","message":"Final POI count","latency_ms":60,"data":{"total_in_route":0,"returned":0,"by_category":[]}}
{"timestamp":"2025-12-30 01:59:43.000000","request_id":"a3efd1f7-75c5-458c-85a7-c9ba82a02870","event":"request_start","endpoint":"/api/pois-for-route","method":"POST","ip_address":"127.0.0.1","user_id":null}
{"timestamp":"2025-12-30 01:59:43.000000","request_id":"a3efd1f7-75c5-458c-85a7-c9ba82a02870","event":"debug","phase":"VALIDATION","message":"Polyline received","latency_ms":3,"data":{"point_count":527}}
{"timestamp":"2025-12-30 01:59:43.000000","request_id":"a3efd1f7-75c5-458c-85a7-c9ba82a02870","event":"debug","phase":"VALIDATION","message":"Input validated","latency_ms":3,"data":{"polyline_points":527,"categories":["temple","fuel","charger","toll","restaurant","hospital"],"radius_km":3}}
{"timestamp":"2025-12-30 01:59:43.000000","request_id":"a3efd1f7-75c5-458c-85a7-c9ba82a02870","event":"debug","phase":"BBOX_QUERY","message":"Executing spatial query","latency_ms":5,"data":{"min_lat":13.056419972972973,"max_lat":17.388385027027027,"min_lng":78.44770797297296,"max_lng":80.29827102702703,"categories":["temple","fuel","charger","toll","restaurant","hospital"]}}
{"timestamp":"2025-12-30 01:59:43.000000","request_id":"a3efd1f7-75c5-458c-85a7-c9ba82a02870","event":"debug","phase":"BBOX_RESULT","message":"Bounding box query completed","latency_ms":52,"data":{"pois_in_bbox":0}}
{"timestamp":"2025-12-30 01:59:43.000000","request_id":"a3efd1f7-75c5-458c-85a7-c9ba82a02870","event":"debug","phase":"DISTANCE_FILTER","message":"Starting distance-to-route filtering","latency_ms":52,"data":{"all_pois_count":0,"buffer_meters":3000}}
{"timestamp":"2025-12-30 01:59:43.000000","request_id":"a3efd1f7-75c5-458c-85a7-c9ba82a02870","event":"debug","phase":"DISTANCE_FILTER","message":"Filtering complete","latency_ms":53,"data":{"filtered_pois_count":0}}
{"timestamp":"2025-12-30 01:59:43.000000","request_id":"a3efd1f7-75c5-458c-85a7-c9ba82a02870","event":"response_error","endpoint":"/api/pois-for-route","http_code":200,"error_code":"POI_ZERO_RESULTS","message":"No POIs found within criteria","latency_ms":54,"user_id":null,"details":null}
{"timestamp":"2025-12-30 01:59:43.000000","request_id":"a3efd1f7-75c5-458c-85a7-c9ba82a02870","event":"debug","phase":"RESPONSE","message":"Final POI count","latency_ms":54,"data":{"total_in_route":0,"returned":0,"by_category":[]}}
{"timestamp":"2025-12-30 02:05:30.000000","request_id":"931d1825-8cd4-4d12-9bec-cee60baa2664","event":"request_start","endpoint":"/api/pois-for-route","method":"POST","ip_address":"127.0.0.1","user_id":null}
{"timestamp":"2025-12-30 02:05:30.000000","request_id":"931d1825-8cd4-4d12-9bec-cee60baa2664","event":"debug","phase":"VALIDATION","message":"Polyline received","latency_ms":1,"data":{"point_count":526}}
{"timestamp":"2025-12-30 02:05:30.000000","request_id":"931d1825-8cd4-4d12-9bec-cee60baa2664","event":"debug","phase":"VALIDATION","message":"Input validated","latency_ms":1,"data":{"polyline_points":526,"categories":["temple","fuel","charger","toll","restaurant","hospital"],"radius_km":3}}
{"timestamp":"2025-12-30 02:05:30.000000","request_id":"931d1825-8cd4-4d12-9bec-cee60baa2664","event":"debug","phase":"BBOX_QUERY","message":"Executing spatial query","latency_ms":2,"data":{"min_lat":13.056419972972973,"max_lat":17.387531027027027,"min_lng":78.44743597297297,"max_lng":80.30056402702704,"categories":["temple","fuel","charger","toll","restaurant","hospital"]}}
{"timestamp":"2025-12-30 02:05:30.000000","request_id":"931d1825-8cd4-4d12-9bec-cee60baa2664","event":"debug","phase":"BBOX_RESULT","message":"Bounding box query completed","latency_ms":35,"data":{"pois_in_bbox":0}}
{"timestamp":"2025-12-30 02:05:30.000000","request_id":"931d1825-8cd4-4d12-9bec-cee60baa2664","event":"debug","phase":"DISTANCE_FILTER","message":"Starting distance-to-route filtering","latency_ms":36,"data":{"all_pois_count":0,"buffer_meters":3000}}
{"timestamp":"2025-12-30 02:05:30.000000","request_id":"931d1825-8cd4-4d12-9bec-cee60baa2664","event":"debug","phase":"DISTANCE_FILTER","message":"Filtering complete","latency_ms":36,"data":{"filtered_pois_count":0}}
{"timestamp":"2025-12-30 02:05:30.000000","request_id":"931d1825-8cd4-4d12-9bec-cee60baa2664","event":"response_error","endpoint":"/api/pois-for-route","http_code":200,"error_code":"POI_ZERO_RESULTS","message":"No POIs found within criteria","latency_ms":36,"user_id":null,"details":null}
{"timestamp":"2025-12-30 02:05:30.000000","request_id":"931d1825-8cd4-4d12-9bec-cee60baa2664","event":"debug","phase":"RESPONSE","message":"Final POI count","latency_ms":37,"data":{"total_in_route":0,"returned":0,"by_category":[]}}
{"timestamp":"2025-12-30 02:13:21.000000","request_id":"92073c9f-6355-45e7-83b0-bc64260680b5","event":"request_start","endpoint":"/api/pois-for-route","method":"POST","ip_address":"127.0.0.1","user_id":null}
{"timestamp":"2025-12-30 02:13:21.000000","request_id":"92073c9f-6355-45e7-83b0-bc64260680b5","event":"debug","phase":"VALIDATION","message":"Polyline received","latency_ms":2,"data":{"point_count":975}}
{"timestamp":"2025-12-30 02:13:21.000000","request_id":"92073c9f-6355-45e7-83b0-bc64260680b5","event":"debug","phase":"VALIDATION","message":"Input validated","latency_ms":3,"data":{"polyline_points":975,"categories":["temple","fuel","charger","toll","restaurant","hospital"],"radius_km":3}}
{"timestamp":"2025-12-30 02:13:21.000000","request_id":"92073c9f-6355-45e7-83b0-bc64260680b5","event":"debug","phase":"BBOX_QUERY","message":"Executing spatial query","latency_ms":4,"data":{"min_lat":13.056419972972973,"max_lat":19.10290602702703,"min_lng":72.85033197297297,"max_lng":80.29757802702703,"categories":["temple","fuel","charger","toll","restaurant","hospital"]}}
{"timestamp":"2025-12-30 02:13:21.000000","request_id":"92073c9f-6355-45e7-83b0-bc64260680b5","event":"debug","phase":"BBOX_RESULT","message":"Bounding box query completed","latency_ms":45,"data":{"pois_in_bbox":4}}
{"timestamp":"2025-12-30 02:13:21.000000","request_id":"92073c9f-6355-45e7-83b0-bc64260680b5","event":"debug","phase":"DISTANCE_FILTER","message":"Starting distance-to-route filtering","latency_ms":46,"data":{"all_pois_count":4,"buffer_meters":3000}}
{"timestamp":"2025-12-30 02:13:21.000000","request_id":"92073c9f-6355-45e7-83b0-bc64260680b5","event":"debug","phase":"DISTANCE_FILTER","message":"Filtering complete","latency_ms":47,"data":{"filtered_pois_count":0}}
{"timestamp":"2025-12-30 02:13:21.000000","request_id":"92073c9f-6355-45e7-83b0-bc64260680b5","event":"response_error","endpoint":"/api/pois-for-route","http_code":200,"error_code":"POI_ZERO_RESULTS","message":"No POIs found within criteria","latency_ms":47,"user_id":null,"details":null}
{"timestamp":"2025-12-30 02:13:21.000000","request_id":"92073c9f-6355-45e7-83b0-bc64260680b5","event":"debug","phase":"RESPONSE","message":"Final POI count","latency_ms":48,"data":{"total_in_route":0,"returned":0,"by_category":[]}}
{"timestamp":"2025-12-30 02:14:02.000000","request_id":"4d18f3a4-5ab9-4ab8-ac5e-f38b6870cb38","event":"request_start","endpoint":"/api/trips","method":"POST","ip_address":"127.0.0.1","user_id":null}
{"timestamp":"2025-12-30 02:14:02.000000","request_id":"4d18f3a4-5ab9-4ab8-ac5e-f38b6870cb38","event":"response_error","endpoint":"/api/trips","http_code":400,"error_code":"INVALID_SIGNATURE","message":"Missing signed journey data","latency_ms":23,"user_id":null,"details":null}
{"timestamp":"2025-12-30 02:14:11.000000","request_id":"104c2cac-fc29-431b-8d09-878e2883d9eb","event":"request_start","endpoint":"/api/pois-for-route","method":"POST","ip_address":"127.0.0.1","user_id":null}
{"timestamp":"2025-12-30 02:14:11.000000","request_id":"104c2cac-fc29-431b-8d09-878e2883d9eb","event":"debug","phase":"VALIDATION","message":"Polyline received","latency_ms":1,"data":{"point_count":975}}
{"timestamp":"2025-12-30 02:14:11.000000","request_id":"104c2cac-fc29-431b-8d09-878e2883d9eb","event":"debug","phase":"VALIDATION","message":"Input validated","latency_ms":3,"data":{"polyline_points":975,"categories":["temple","fuel","charger","toll","restaurant","hospital"],"radius_km":3}}
{"timestamp":"2025-12-30 02:14:11.000000","request_id":"104c2cac-fc29-431b-8d09-878e2883d9eb","event":"debug","phase":"BBOX_QUERY","message":"Executing spatial query","latency_ms":4,"data":{"min_lat":13.056419972972973,"max_lat":19.10290602702703,"min_lng":72.85033197297297,"max_lng":80.29757802702703,"categories":["temple","fuel","charger","toll","restaurant","hospital"]}}
{"timestamp":"2025-12-30 02:14:11.000000","request_id":"104c2cac-fc29-431b-8d09-878e2883d9eb","event":"debug","phase":"BBOX_RESULT","message":"Bounding box query completed","latency_ms":6,"data":{"pois_in_bbox":4}}
{"timestamp":"2025-12-30 02:14:11.000000","request_id":"104c2cac-fc29-431b-8d09-878e2883d9eb","event":"debug","phase":"DISTANCE_FILTER","message":"Starting distance-to-route filtering","latency_ms":6,"data":{"all_pois_count":4,"buffer_meters":3000}}
{"timestamp":"2025-12-30 02:14:11.000000","request_id":"104c2cac-fc29-431b-8d09-878e2883d9eb","event":"debug","phase":"DISTANCE_FILTER","message":"Filtering complete","latency_ms":7,"data":{"filtered_pois_count":0}}
{"timestamp":"2025-12-30 02:14:11.000000","request_id":"104c2cac-fc29-431b-8d09-878e2883d9eb","event":"response_error","endpoint":"/api/pois-for-route","http_code":200,"error_code":"POI_ZERO_RESULTS","message":"No POIs found within criteria","latency_ms":8,"user_id":null,"details":null}
{"timestamp":"2025-12-30 02:14:11.000000","request_id":"104c2cac-fc29-431b-8d09-878e2883d9eb","event":"debug","phase":"RESPONSE","message":"Final POI count","latency_ms":8,"data":{"total_in_route":0,"returned":0,"by_category":[]}}
{"timestamp":"2025-12-30 02:22:04.000000","request_id":"9f387861-86db-4930-8bc8-fcd6a916e4ec","event":"request_start","endpoint":"/api/pois-for-route","method":"POST","ip_address":"127.0.0.1","user_id":null}
{"timestamp":"2025-12-30 02:22:04.000000","request_id":"9f387861-86db-4930-8bc8-fcd6a916e4ec","event":"debug","phase":"VALIDATION","message":"Polyline received","latency_ms":3,"data":{"point_count":633}}
{"timestamp":"2025-12-30 02:22:04.000000","request_id":"9f387861-86db-4930-8bc8-fcd6a916e4ec","event":"debug","phase":"VALIDATION","message":"Input validated","latency_ms":4,"data":{"polyline_points":633,"categories":["temple","fuel","charger","toll","restaurant","hospital"],"radius_km":3}}
{"timestamp":"2025-12-30 02:22:04.000000","request_id":"9f387861-86db-4930-8bc8-fcd6a916e4ec","event":"debug","phase":"BBOX_QUERY","message":"Executing spatial query","latency_ms":5,"data":{"min_lat":13.056419972972973,"max_lat":17.77463602702703,"min_lng":79.83595097297297,"max_lng":83.31906802702703,"categories":["temple","fuel","charger","toll","restaurant","hospital"]}}
{"timestamp":"2025-12-30 02:22:04.000000","request_id":"9f387861-86db-4930-8bc8-fcd6a916e4ec","event":"debug","phase":"BBOX_RESULT","message":"Bounding box query completed","latency_ms":48,"data":{"pois_in_bbox":0}}
{"timestamp":"2025-12-30 02:22:04.000000","request_id":"9f387861-86db-4930-8bc8-fcd6a916e4ec","event":"debug","phase":"DISTANCE_FILTER","message":"Starting distance-to-route filtering","latency_ms":49,"data":{"all_pois_count":0,"buffer_meters":3000}}
{"timestamp":"2025-12-30 02:22:04.000000","request_id":"9f387861-86db-4930-8bc8-fcd6a916e4ec","event":"debug","phase":"DISTANCE_FILTER","message":"Filtering complete","latency_ms":49,"data":{"filtered_pois_count":0}}
{"timestamp":"2025-12-30 02:22:04.000000","request_id":"9f387861-86db-4930-8bc8-fcd6a916e4ec","event":"response_error","endpoint":"/api/pois-for-route","http_code":200,"error_code":"POI_ZERO_RESULTS","message":"No POIs found within criteria","latency_ms":50,"user_id":null,"details":null}
{"timestamp":"2025-12-30 02:22:04.000000","request_id":"9f387861-86db-4930-8bc8-fcd6a916e4ec","event":"debug","phase":"RESPONSE","message":"Final POI count","latency_ms":50,"data":{"total_in_route":0,"returned":0,"by_category":[]}}
{"timestamp":"2025-12-30 02:23:42.000000","request_id":"5a971bdb-b3d0-428c-9afe-6b1d5c4716fe","event":"request_start","endpoint":"/api/pois-for-route","method":"POST","ip_address":"127.0.0.1","user_id":null}
{"timestamp":"2025-12-30 02:23:42.000000","request_id":"5a971bdb-b3d0-428c-9afe-6b1d5c4716fe","event":"debug","phase":"VALIDATION","message":"Polyline received","latency_ms":3,"data":{"point_count":633}}
{"timestamp":"2025-12-30 02:23:42.000000","request_id":"5a971bdb-b3d0-428c-9afe-6b1d5c4716fe","event":"debug","phase":"VALIDATION","message":"Input validated","latency_ms":5,"data":{"polyline_points":633,"categories":["toll","restaurant","hospital","fuel","charger"],"radius_km":3}}
{"timestamp":"2025-12-30 02:23:42.000000","request_id":"5a971bdb-b3d0-428c-9afe-6b1d5c4716fe","event":"debug","phase":"BBOX_QUERY","message":"Executing spatial query","latency_ms":6,"data":{"min_lat":13.056419972972973,"max_lat":17.77463602702703,"min_lng":79.83595097297297,"max_lng":83.31906802702703,"categories":["toll","restaurant","hospital","fuel","charger"]}}
{"timestamp":"2025-12-30 02:23:42.000000","request_id":"5a971bdb-b3d0-428c-9afe-6b1d5c4716fe","event":"debug","phase":"BBOX_RESULT","message":"Bounding box query completed","latency_ms":11,"data":{"pois_in_bbox":0}}
{"timestamp":"2025-12-30 02:23:42.000000","request_id":"5a971bdb-b3d0-428c-9afe-6b1d5c4716fe","event":"debug","phase":"DISTANCE_FILTER","message":"Starting distance-to-route filtering","latency_ms":12,"data":{"all_pois_count":0,"buffer_meters":3000}}
{"timestamp":"2025-12-30 02:23:42.000000","request_id":"5a971bdb-b3d0-428c-9afe-6b1d5c4716fe","event":"debug","phase":"DISTANCE_FILTER","message":"Filtering complete","latency_ms":13,"data":{"filtered_pois_count":0}}
{"timestamp":"2025-12-30 02:23:42.000000","request_id":"5a971bdb-b3d0-428c-9afe-6b1d5c4716fe","event":"response_error","endpoint":"/api/pois-for-route","http_code":200,"error_code":"POI_ZERO_RESULTS","message":"No POIs found within criteria","latency_ms":19,"user_id":null,"details":null}
{"timestamp":"2025-12-30 02:23:42.000000","request_id":"5a971bdb-b3d0-428c-9afe-6b1d5c4716fe","event":"debug","phase":"RESPONSE","message":"Final POI count","latency_ms":20,"data":{"total_in_route":0,"returned":0,"by_category":[]}}
{"timestamp":"2025-12-30 02:23:56.000000","request_id":"70ce1ed9-e029-450a-a8a3-4656cbb3b51f","event":"request_start","endpoint":"/api/pois-for-route","method":"POST","ip_address":"127.0.0.1","user_id":null}
{"timestamp":"2025-12-30 02:23:56.000000","request_id":"70ce1ed9-e029-450a-a8a3-4656cbb3b51f","event":"debug","phase":"VALIDATION","message":"Polyline received","latency_ms":0,"data":{"point_count":633}}
{"timestamp":"2025-12-30 02:23:56.000000","request_id":"70ce1ed9-e029-450a-a8a3-4656cbb3b51f","event":"debug","phase":"VALIDATION","message":"Input validated","latency_ms":1,"data":{"polyline_points":633,"categories":["toll","restaurant","hospital","fuel","charger"],"radius_km":3}}
{"timestamp":"2025-12-30 02:23:56.000000","request_id":"70ce1ed9-e029-450a-a8a3-4656cbb3b51f","event":"debug","phase":"BBOX_QUERY","message":"Executing spatial query","latency_ms":2,"data":{"min_lat":13.056419972972973,"max_lat":17.77463602702703,"min_lng":79.83595097297297,"max_lng":83.31906802702703,"categories":["toll","restaurant","hospital","fuel","charger"]}}
{"timestamp":"2025-12-30 02:23:56.000000","request_id":"70ce1ed9-e029-450a-a8a3-4656cbb3b51f","event":"debug","phase":"BBOX_RESULT","message":"Bounding box query completed","latency_ms":3,"data":{"pois_in_bbox":0}}
{"timestamp":"2025-12-30 02:23:56.000000","request_id":"70ce1ed9-e029-450a-a8a3-4656cbb3b51f","event":"debug","phase":"DISTANCE_FILTER","message":"Starting distance-to-route filtering","latency_ms":4,"data":{"all_pois_count":0,"buffer_meters":3000}}
{"timestamp":"2025-12-30 02:23:56.000000","request_id":"70ce1ed9-e029-450a-a8a3-4656cbb3b51f","event":"debug","phase":"DISTANCE_FILTER","message":"Filtering complete","latency_ms":4,"data":{"filtered_pois_count":0}}
{"timestamp":"2025-12-30 02:23:56.000000","request_id":"70ce1ed9-e029-450a-a8a3-4656cbb3b51f","event":"response_error","endpoint":"/api/pois-for-route","http_code":200,"error_code":"POI_ZERO_RESULTS","message":"No POIs found within criteria","latency_ms":5,"user_id":null,"details":null}
{"timestamp":"2025-12-30 02:23:56.000000","request_id":"70ce1ed9-e029-450a-a8a3-4656cbb3b51f","event":"debug","phase":"RESPONSE","message":"Final POI count","latency_ms":6,"data":{"total_in_route":0,"returned":0,"by_category":[]}}
{"timestamp":"2025-12-30 02:24:08.000000","request_id":"7cf4ad69-ae7c-48a2-90fc-dea8c1d5d046","event":"request_start","endpoint":"/api/pois-for-route","method":"POST","ip_address":"127.0.0.1","user_id":null}
{"timestamp":"2025-12-30 02:24:08.000000","request_id":"7cf4ad69-ae7c-48a2-90fc-dea8c1d5d046","event":"debug","phase":"VALIDATION","message":"Polyline received","latency_ms":1,"data":{"point_count":633}}
{"timestamp":"2025-12-30 02:24:08.000000","request_id":"7cf4ad69-ae7c-48a2-90fc-dea8c1d5d046","event":"debug","phase":"VALIDATION","message":"Input validated","latency_ms":1,"data":{"polyline_points":633,"categories":["toll","restaurant","hospital","fuel","charger"],"radius_km":3}}
{"timestamp":"2025-12-30 02:24:08.000000","request_id":"7cf4ad69-ae7c-48a2-90fc-dea8c1d5d046","event":"debug","phase":"BBOX_QUERY","message":"Executing spatial query","latency_ms":2,"data":{"min_lat":13.056419972972973,"max_lat":17.77463602702703,"min_lng":79.83595097297297,"max_lng":83.31906802702703,"categories":["toll","restaurant","hospital","fuel","charger"]}}
{"timestamp":"2025-12-30 02:24:08.000000","request_id":"7cf4ad69-ae7c-48a2-90fc-dea8c1d5d046","event":"debug","phase":"BBOX_RESULT","message":"Bounding box query completed","latency_ms":3,"data":{"pois_in_bbox":0}}
{"timestamp":"2025-12-30 02:24:08.000000","request_id":"7cf4ad69-ae7c-48a2-90fc-dea8c1d5d046","event":"debug","phase":"DISTANCE_FILTER","message":"Starting distance-to-route filtering","latency_ms":3,"data":{"all_pois_count":0,"buffer_meters":3000}}
{"timestamp":"2025-12-30 02:24:08.000000","request_id":"7cf4ad69-ae7c-48a2-90fc-dea8c1d5d046","event":"debug","phase":"DISTANCE_FILTER","message":"Filtering complete","latency_ms":4,"data":{"filtered_pois_count":0}}
{"timestamp":"2025-12-30 02:24:08.000000","request_id":"7cf4ad69-ae7c-48a2-90fc-dea8c1d5d046","event":"response_error","endpoint":"/api/pois-for-route","http_code":200,"error_code":"POI_ZERO_RESULTS","message":"No POIs found within criteria","latency_ms":5,"user_id":null,"details":null}
{"timestamp":"2025-12-30 02:24:08.000000","request_id":"7cf4ad69-ae7c-48a2-90fc-dea8c1d5d046","event":"debug","phase":"RESPONSE","message":"Final POI count","latency_ms":5,"data":{"total_in_route":0,"returned":0,"by_category":[]}}
{"timestamp":"2025-12-30 02:29:24.000000","request_id":"fe20d84a-c6f9-4a3f-960b-7ebcab35cfb9","event":"request_start","endpoint":"/api/pois-for-route","method":"POST","ip_address":"127.0.0.1","user_id":null}
{"timestamp":"2025-12-30 02:29:24.000000","request_id":"fe20d84a-c6f9-4a3f-960b-7ebcab35cfb9","event":"debug","phase":"VALIDATION","message":"Polyline received","latency_ms":4,"data":{"point_count":1041}}
{"timestamp":"2025-12-30 02:29:24.000000","request_id":"fe20d84a-c6f9-4a3f-960b-7ebcab35cfb9","event":"debug","phase":"VALIDATION","message":"Input validated","latency_ms":5,"data":{"polyline_points":1041,"categories":["temple","fuel","charger","toll","restaurant","hospital"],"radius_km":3}}
{"timestamp":"2025-12-30 02:29:24.000000","request_id":"fe20d84a-c6f9-4a3f-960b-7ebcab35cfb9","event":"debug","phase":"BBOX_QUERY","message":"Executing spatial query","latency_ms":6,"data":{"min_lat":19.03780797297297,"max_lat":28.640936027027028,"min_lng":72.84751697297297,"max_lng":77.37201402702703,"categories":["temple","fuel","charger","toll","restaurant","hospital"]}}
{"timestamp":"2025-12-30 02:29:24.000000","request_id":"fe20d84a-c6f9-4a3f-960b-7ebcab35cfb9","event":"debug","phase":"BBOX_RESULT","message":"Bounding box query completed","latency_ms":42,"data":{"pois_in_bbox":0}}
{"timestamp":"2025-12-30 02:29:24.000000","request_id":"fe20d84a-c6f9-4a3f-960b-7ebcab35cfb9","event":"debug","phase":"DISTANCE_FILTER","message":"Starting distance-to-route filtering","latency_ms":43,"data":{"all_pois_count":0,"buffer_meters":3000}}
{"timestamp":"2025-12-30 02:29:24.000000","request_id":"fe20d84a-c6f9-4a3f-960b-7ebcab35cfb9","event":"debug","phase":"DISTANCE_FILTER","message":"Filtering complete","latency_ms":43,"data":{"filtered_pois_count":0}}
{"timestamp":"2025-12-30 02:29:24.000000","request_id":"fe20d84a-c6f9-4a3f-960b-7ebcab35cfb9","event":"response_error","endpoint":"/api/pois-for-route","http_code":200,"error_code":"POI_ZERO_RESULTS","message":"No POIs found within criteria","latency_ms":44,"user_id":null,"details":null}
{"timestamp":"2025-12-30 02:29:24.000000","request_id":"fe20d84a-c6f9-4a3f-960b-7ebcab35cfb9","event":"debug","phase":"RESPONSE","message":"Final POI count","latency_ms":44,"data":{"total_in_route":0,"returned":0,"by_category":[]}}
{"timestamp":"2025-12-30 02:37:50.000000","request_id":"478ae7a4-b6bc-4cc7-bc59-9ad6247f5656","event":"request_start","endpoint":"/api/pois-for-route","method":"POST","ip_address":"127.0.0.1","user_id":null}
{"timestamp":"2025-12-30 02:37:50.000000","request_id":"478ae7a4-b6bc-4cc7-bc59-9ad6247f5656","event":"debug","phase":"VALIDATION","message":"Polyline received","latency_ms":6,"data":{"point_count":1806}}
{"timestamp":"2025-12-30 02:37:50.000000","request_id":"478ae7a4-b6bc-4cc7-bc59-9ad6247f5656","event":"debug","phase":"VALIDATION","message":"Input validated","latency_ms":7,"data":{"polyline_points":1806,"categories":["temple","fuel","charger","toll","restaurant","hospital"],"radius_km":3}}
{"timestamp":"2025-12-30 02:37:50.000000","request_id":"478ae7a4-b6bc-4cc7-bc59-9ad6247f5656","event":"debug","phase":"BBOX_QUERY","message":"Executing spatial query","latency_ms":8,"data":{"min_lat":17.71130097297297,"max_lat":28.640936027027028,"min_lng":77.18197997297297,"max_lng":83.44660202702703,"categories":["temple","fuel","charger","toll","restaurant","hospital"]}}
{"timestamp":"2025-12-30 02:37:50.000000","request_id":"478ae7a4-b6bc-4cc7-bc59-9ad6247f5656","event":"debug","phase":"BBOX_RESULT","message":"Bounding box query completed","latency_ms":49,"data":{"pois_in_bbox":0}}
{"timestamp":"2025-12-30 02:37:50.000000","request_id":"478ae7a4-b6bc-4cc7-bc59-9ad6247f5656","event":"debug","phase":"DISTANCE_FILTER","message":"Starting distance-to-route filtering","latency_ms":50,"data":{"all_pois_count":0,"buffer_meters":3000}}
{"timestamp":"2025-12-30 02:37:50.000000","request_id":"478ae7a4-b6bc-4cc7-bc59-9ad6247f5656","event":"debug","phase":"DISTANCE_FILTER","message":"Filtering complete","latency_ms":51,"data":{"filtered_pois_count":0}}
{"timestamp":"2025-12-30 02:37:50.000000","request_id":"478ae7a4-b6bc-4cc7-bc59-9ad6247f5656","event":"response_error","endpoint":"/api/pois-for-route","http_code":200,"error_code":"POI_ZERO_RESULTS","message":"No POIs found within criteria","latency_ms":52,"user_id":null,"details":null}
{"timestamp":"2025-12-30 02:37:50.000000","request_id":"478ae7a4-b6bc-4cc7-bc59-9ad6247f5656","event":"debug","phase":"RESPONSE","message":"Final POI count","latency_ms":52,"data":{"total_in_route":0,"returned":0,"by_category":[]}}
{"timestamp":"2025-12-30 02:54:03.000000","request_id":"992b49c7-8edd-4db0-ba60-1a3ebd8fb2c6","event":"request_start","endpoint":"/api/pois-for-route","method":"POST","ip_address":"127.0.0.1","user_id":null}
{"timestamp":"2025-12-30 02:54:03.000000","request_id":"992b49c7-8edd-4db0-ba60-1a3ebd8fb2c6","event":"debug","phase":"VALIDATION","message":"Polyline received","latency_ms":2,"data":{"point_count":1041}}
{"timestamp":"2025-12-30 02:54:03.000000","request_id":"992b49c7-8edd-4db0-ba60-1a3ebd8fb2c6","event":"debug","phase":"VALIDATION","message":"Input validated","latency_ms":2,"data":{"polyline_points":1041,"categories":["temple","fuel","charger","toll","restaurant","hospital"],"radius_km":3}}
{"timestamp":"2025-12-30 02:54:03.000000","request_id":"992b49c7-8edd-4db0-ba60-1a3ebd8fb2c6","event":"debug","phase":"BBOX_QUERY","message":"Executing spatial query","latency_ms":3,"data":{"min_lat":19.03780797297297,"max_lat":28.640936027027028,"min_lng":72.84751697297297,"max_lng":77.37201402702703,"categories":["temple","fuel","charger","toll","restaurant","hospital"]}}
{"timestamp":"2025-12-30 02:54:03.000000","request_id":"992b49c7-8edd-4db0-ba60-1a3ebd8fb2c6","event":"debug","phase":"BBOX_RESULT","message":"Bounding box query completed","latency_ms":39,"data":{"pois_in_bbox":0}}
{"timestamp":"2025-12-30 02:54:03.000000","request_id":"992b49c7-8edd-4db0-ba60-1a3ebd8fb2c6","event":"debug","phase":"DISTANCE_FILTER","message":"Starting distance-to-route filtering","latency_ms":39,"data":{"all_pois_count":0,"buffer_meters":3000}}
{"timestamp":"2025-12-30 02:54:03.000000","request_id":"992b49c7-8edd-4db0-ba60-1a3ebd8fb2c6","event":"debug","phase":"DISTANCE_FILTER","message":"Filtering complete","latency_ms":40,"data":{"filtered_pois_count":0}}
{"timestamp":"2025-12-30 02:54:03.000000","request_id":"992b49c7-8edd-4db0-ba60-1a3ebd8fb2c6","event":"response_error","endpoint":"/api/pois-for-route","http_code":200,"error_code":"POI_ZERO_RESULTS","message":"No POIs found within criteria","latency_ms":40,"user_id":null,"details":null}
{"timestamp":"2025-12-30 02:54:03.000000","request_id":"992b49c7-8edd-4db0-ba60-1a3ebd8fb2c6","event":"debug","phase":"RESPONSE","message":"Final POI count","latency_ms":41,"data":{"total_in_route":0,"returned":0,"by_category":[]}}
{"timestamp":"2025-12-30 02:58:54.000000","request_id":"7de99b82-0a5f-4d87-9261-3f0c7a6a030c","event":"request_start","endpoint":"/api/pois-for-route","method":"POST","ip_address":"127.0.0.1","user_id":null}
{"timestamp":"2025-12-30 02:58:54.000000","request_id":"7de99b82-0a5f-4d87-9261-3f0c7a6a030c","event":"debug","phase":"VALIDATION","message":"Polyline received","latency_ms":3,"data":{"point_count":1041}}
{"timestamp":"2025-12-30 02:58:54.000000","request_id":"7de99b82-0a5f-4d87-9261-3f0c7a6a030c","event":"debug","phase":"VALIDATION","message":"Input validated","latency_ms":3,"data":{"polyline_points":1041,"categories":["temple","fuel","charger","toll","restaurant","hospital"],"radius_km":3}}
{"timestamp":"2025-12-30 02:58:54.000000","request_id":"7de99b82-0a5f-4d87-9261-3f0c7a6a030c","event":"debug","phase":"BBOX_QUERY","message":"Executing spatial query","latency_ms":5,"data":{"min_lat":19.03780797297297,"max_lat":28.640936027027028,"min_lng":72.84751697297297,"max_lng":77.37201402702703,"categories":["temple","fuel","charger","toll","restaurant","hospital"]}}
{"timestamp":"2025-12-30 02:58:54.000000","request_id":"7de99b82-0a5f-4d87-9261-3f0c7a6a030c","event":"debug","phase":"BBOX_RESULT","message":"Bounding box query completed","latency_ms":18,"data":{"pois_in_bbox":0}}
{"timestamp":"2025-12-30 02:58:54.000000","request_id":"7de99b82-0a5f-4d87-9261-3f0c7a6a030c","event":"debug","phase":"DISTANCE_FILTER","message":"Starting distance-to-route filtering","latency_ms":18,"data":{"all_pois_count":0,"buffer_meters":3000}}
{"timestamp":"2025-12-30 02:58:54.000000","request_id":"7de99b82-0a5f-4d87-9261-3f0c7a6a030c","event":"debug","phase":"DISTANCE_FILTER","message":"Filtering complete","latency_ms":19,"data":{"filtered_pois_count":0}}
{"timestamp":"2025-12-30 02:58:54.000000","request_id":"7de99b82-0a5f-4d87-9261-3f0c7a6a030c","event":"response_error","endpoint":"/api/pois-for-route","http_code":200,"error_code":"POI_ZERO_RESULTS","message":"No POIs found within criteria","latency_ms":19,"user_id":null,"details":null}
{"timestamp":"2025-12-30 02:58:54.000000","request_id":"7de99b82-0a5f-4d87-9261-3f0c7a6a030c","event":"debug","phase":"RESPONSE","message":"Final POI count","latency_ms":20,"data":{"total_in_route":0,"returned":0,"by_category":[]}}
{"timestamp":"2025-12-30 02:59:38.000000","request_id":"43370ec4-38d1-4ba8-9704-972ed7af7c1c","event":"request_start","endpoint":"/api/pois-for-route","method":"POST","ip_address":"127.0.0.1","user_id":null}
{"timestamp":"2025-12-30 02:59:38.000000","request_id":"43370ec4-38d1-4ba8-9704-972ed7af7c1c","event":"debug","phase":"VALIDATION","message":"Polyline received","latency_ms":1,"data":{"point_count":1041}}
{"timestamp":"2025-12-30 02:59:38.000000","request_id":"43370ec4-38d1-4ba8-9704-972ed7af7c1c","event":"debug","phase":"VALIDATION","message":"Input validated","latency_ms":2,"data":{"polyline_points":1041,"categories":["temple","fuel","charger","toll","restaurant","hospital"],"radius_km":3}}
{"timestamp":"2025-12-30 02:59:38.000000","request_id":"43370ec4-38d1-4ba8-9704-972ed7af7c1c","event":"debug","phase":"BBOX_QUERY","message":"Executing spatial query","latency_ms":3,"data":{"min_lat":19.03780797297297,"max_lat":28.640936027027028,"min_lng":72.84751697297297,"max_lng":77.37201402702703,"categories":["temple","fuel","charger","toll","restaurant","hospital"]}}
{"timestamp":"2025-12-30 02:59:38.000000","request_id":"43370ec4-38d1-4ba8-9704-972ed7af7c1c","event":"debug","phase":"BBOX_RESULT","message":"Bounding box query completed","latency_ms":4,"data":{"pois_in_bbox":0}}
{"timestamp":"2025-12-30 02:59:38.000000","request_id":"43370ec4-38d1-4ba8-9704-972ed7af7c1c","event":"debug","phase":"DISTANCE_FILTER","message":"Starting distance-to-route filtering","latency_ms":5,"data":{"all_pois_count":0,"buffer_meters":3000}}
{"timestamp":"2025-12-30 02:59:38.000000","request_id":"43370ec4-38d1-4ba8-9704-972ed7af7c1c","event":"debug","phase":"DISTANCE_FILTER","message":"Filtering complete","latency_ms":5,"data":{"filtered_pois_count":0}}
{"timestamp":"2025-12-30 02:59:38.000000","request_id":"43370ec4-38d1-4ba8-9704-972ed7af7c1c","event":"response_error","endpoint":"/api/pois-for-route","http_code":200,"error_code":"POI_ZERO_RESULTS","message":"No POIs found within criteria","latency_ms":6,"user_id":null,"details":null}
{"timestamp":"2025-12-30 02:59:38.000000","request_id":"43370ec4-38d1-4ba8-9704-972ed7af7c1c","event":"debug","phase":"RESPONSE","message":"Final POI count","latency_ms":6,"data":{"total_in_route":0,"returned":0,"by_category":[]}}
{"timestamp":"2025-12-30 03:00:02.000000","request_id":"de71de05-581f-482d-b57b-01da2a830581","event":"request_start","endpoint":"/api/pois-for-route","method":"POST","ip_address":"127.0.0.1","user_id":null}
{"timestamp":"2025-12-30 03:00:02.000000","request_id":"de71de05-581f-482d-b57b-01da2a830581","event":"debug","phase":"VALIDATION","message":"Polyline received","latency_ms":1,"data":{"point_count":1041}}
{"timestamp":"2025-12-30 03:00:02.000000","request_id":"de71de05-581f-482d-b57b-01da2a830581","event":"debug","phase":"VALIDATION","message":"Input validated","latency_ms":3,"data":{"polyline_points":1041,"categories":["fuel"],"radius_km":5}}
{"timestamp":"2025-12-30 03:00:02.000000","request_id":"de71de05-581f-482d-b57b-01da2a830581","event":"debug","phase":"BBOX_QUERY","message":"Executing spatial query","latency_ms":4,"data":{"min_lat":19.019789954954952,"max_lat":28.658954045045046,"min_lng":72.82949895495496,"max_lng":77.39003204504505,"categories":["fuel"]}}
{"timestamp":"2025-12-30 03:00:02.000000","request_id":"de71de05-581f-482d-b57b-01da2a830581","event":"debug","phase":"BBOX_RESULT","message":"Bounding box query completed","latency_ms":5,"data":{"pois_in_bbox":0}}
{"timestamp":"2025-12-30 03:00:02.000000","request_id":"de71de05-581f-482d-b57b-01da2a830581","event":"debug","phase":"DISTANCE_FILTER","message":"Starting distance-to-route filtering","latency_ms":6,"data":{"all_pois_count":0,"buffer_meters":5000}}
{"timestamp":"2025-12-30 03:00:02.000000","request_id":"de71de05-581f-482d-b57b-01da2a830581","event":"debug","phase":"DISTANCE_FILTER","message":"Filtering complete","latency_ms":7,"data":{"filtered_pois_count":0}}
{"timestamp":"2025-12-30 03:00:02.000000","request_id":"de71de05-581f-482d-b57b-01da2a830581","event":"response_error","endpoint":"/api/pois-for-route","http_code":200,"error_code":"POI_ZERO_RESULTS","message":"No POIs found within criteria","latency_ms":7,"user_id":null,"details":null}
{"timestamp":"2025-12-30 03:00:02.000000","request_id":"de71de05-581f-482d-b57b-01da2a830581","event":"debug","phase":"RESPONSE","message":"Final POI count","latency_ms":8,"data":{"total_in_route":0,"returned":0,"by_category":[]}}
{"timestamp":"2025-12-30 03:00:02.000000","request_id":"4acc3bad-29e2-487f-b54f-89f4e0b2b9b8","event":"request_start","endpoint":"/api/pois-for-route","method":"POST","ip_address":"127.0.0.1","user_id":null}
{"timestamp":"2025-12-30 03:00:02.000000","request_id":"4acc3bad-29e2-487f-b54f-89f4e0b2b9b8","event":"debug","phase":"VALIDATION","message":"Polyline received","latency_ms":2,"data":{"point_count":1041}}
{"timestamp":"2025-12-30 03:00:02.000000","request_id":"4acc3bad-29e2-487f-b54f-89f4e0b2b9b8","event":"debug","phase":"VALIDATION","message":"Input validated","latency_ms":3,"data":{"polyline_points":1041,"categories":["restaurant","hospital","temple","fuel"],"radius_km":20}}
{"timestamp":"2025-12-30 03:00:02.000000","request_id":"4acc3bad-29e2-487f-b54f-89f4e0b2b9b8","event":"debug","phase":"BBOX_QUERY","message":"Executing spatial query","latency_ms":4,"data":{"min_lat":18.88465481981982,"max_lat":28.79408918018018,"min_lng":72.69436381981981,"max_lng":77.52516718018019,"categories":["restaurant","hospital","temple","fuel"]}}
{"timestamp":"2025-12-30 03:00:02.000000","request_id":"4acc3bad-29e2-487f-b54f-89f4e0b2b9b8","event":"debug","phase":"BBOX_RESULT","message":"Bounding box query completed","latency_ms":6,"data":{"pois_in_bbox":0}}
{"timestamp":"2025-12-30 03:00:02.000000","request_id":"4acc3bad-29e2-487f-b54f-89f4e0b2b9b8","event":"debug","phase":"DISTANCE_FILTER","message":"Starting distance-to-route filtering","latency_ms":6,"data":{"all_pois_count":0,"buffer_meters":20000}}
{"timestamp":"2025-12-30 03:00:02.000000","request_id":"4acc3bad-29e2-487f-b54f-89f4e0b2b9b8","event":"debug","phase":"DISTANCE_FILTER","message":"Filtering complete","latency_ms":8,"data":{"filtered_pois_count":0}}
{"timestamp":"2025-12-30 03:00:02.000000","request_id":"4acc3bad-29e2-487f-b54f-89f4e0b2b9b8","event":"response_error","endpoint":"/api/pois-for-route","http_code":200,"error_code":"POI_ZERO_RESULTS","message":"No POIs found within criteria","latency_ms":8,"user_id":null,"details":null}
{"timestamp":"2025-12-30 03:00:02.000000","request_id":"4acc3bad-29e2-487f-b54f-89f4e0b2b9b8","event":"debug","phase":"RESPONSE","message":"Final POI count","latency_ms":9,"data":{"total_in_route":0,"returned":0,"by_category":[]}}
{"timestamp":"2025-12-30 03:00:07.000000","request_id":"13935c18-fed4-44ab-8c39-30cb8f2a473d","event":"request_start","endpoint":"/api/pois-for-route","method":"POST","ip_address":"127.0.0.1","user_id":null}
{"timestamp":"2025-12-30 03:00:07.000000","request_id":"13935c18-fed4-44ab-8c39-30cb8f2a473d","event":"debug","phase":"VALIDATION","message":"Polyline received","latency_ms":1,"data":{"point_count":1041}}
{"timestamp":"2025-12-30 03:00:07.000000","request_id":"13935c18-fed4-44ab-8c39-30cb8f2a473d","event":"debug","phase":"VALIDATION","message":"Input validated","latency_ms":1,"data":{"polyline_points":1041,"categories":["fuel"],"radius_km":5}}
{"timestamp":"2025-12-30 03:00:07.000000","request_id":"13935c18-fed4-44ab-8c39-30cb8f2a473d","event":"debug","phase":"BBOX_QUERY","message":"Executing spatial query","latency_ms":2,"data":{"min_lat":19.019789954954952,"max_lat":28.658954045045046,"min_lng":72.82949895495496,"max_lng":77.39003204504505,"categories":["fuel"]}}
{"timestamp":"2025-12-30 03:00:07.000000","request_id":"13935c18-fed4-44ab-8c39-30cb8f2a473d","event":"debug","phase":"BBOX_RESULT","message":"Bounding box query completed","latency_ms":3,"data":{"pois_in_bbox":0}}
{"timestamp":"2025-12-30 03:00:07.000000","request_id":"13935c18-fed4-44ab-8c39-30cb8f2a473d","event":"debug","phase":"DISTANCE_FILTER","message":"Starting distance-to-route filtering","latency_ms":4,"data":{"all_pois_count":0,"buffer_meters":5000}}
{"timestamp":"2025-12-30 03:00:07.000000","request_id":"13935c18-fed4-44ab-8c39-30cb8f2a473d","event":"debug","phase":"DISTANCE_FILTER","message":"Filtering complete","latency_ms":4,"data":{"filtered_pois_count":0}}
{"timestamp":"2025-12-30 03:00:07.000000","request_id":"13935c18-fed4-44ab-8c39-30cb8f2a473d","event":"response_error","endpoint":"/api/pois-for-route","http_code":200,"error_code":"POI_ZERO_RESULTS","message":"No POIs found within criteria","latency_ms":5,"user_id":null,"details":null}
{"timestamp":"2025-12-30 03:00:07.000000","request_id":"13935c18-fed4-44ab-8c39-30cb8f2a473d","event":"debug","phase":"RESPONSE","message":"Final POI count","latency_ms":6,"data":{"total_in_route":0,"returned":0,"by_category":[]}}
{"timestamp":"2025-12-30 03:00:07.000000","request_id":"b5689510-0da0-4620-8b21-4474b843d54d","event":"request_start","endpoint":"/api/pois-for-route","method":"POST","ip_address":"127.0.0.1","user_id":null}
{"timestamp":"2025-12-30 03:00:07.000000","request_id":"b5689510-0da0-4620-8b21-4474b843d54d","event":"debug","phase":"VALIDATION","message":"Polyline received","latency_ms":1,"data":{"point_count":1041}}
{"timestamp":"2025-12-30 03:00:07.000000","request_id":"b5689510-0da0-4620-8b21-4474b843d54d","event":"debug","phase":"VALIDATION","message":"Input validated","latency_ms":1,"data":{"polyline_points":1041,"categories":["restaurant","hospital","temple","fuel"],"radius_km":20}}
{"timestamp":"2025-12-30 03:00:07.000000","request_id":"b5689510-0da0-4620-8b21-4474b843d54d","event":"debug","phase":"BBOX_QUERY","message":"Executing spatial query","latency_ms":2,"data":{"min_lat":18.88465481981982,"max_lat":28.79408918018018,"min_lng":72.69436381981981,"max_lng":77.52516718018019,"categories":["restaurant","hospital","temple","fuel"]}}
{"timestamp":"2025-12-30 03:00:07.000000","request_id":"b5689510-0da0-4620-8b21-4474b843d54d","event":"debug","phase":"BBOX_RESULT","message":"Bounding box query completed","latency_ms":5,"data":{"pois_in_bbox":0}}
{"timestamp":"2025-12-30 03:00:07.000000","request_id":"b5689510-0da0-4620-8b21-4474b843d54d","event":"debug","phase":"DISTANCE_FILTER","message":"Starting distance-to-route filtering","latency_ms":6,"data":{"all_pois_count":0,"buffer_meters":20000}}
{"timestamp":"2025-12-30 03:00:07.000000","request_id":"b5689510-0da0-4620-8b21-4474b843d54d","event":"debug","phase":"DISTANCE_FILTER","message":"Filtering complete","latency_ms":7,"data":{"filtered_pois_count":0}}
{"timestamp":"2025-12-30 03:00:07.000000","request_id":"b5689510-0da0-4620-8b21-4474b843d54d","event":"response_error","endpoint":"/api/pois-for-route","http_code":200,"error_code":"POI_ZERO_RESULTS","message":"No POIs found within criteria","latency_ms":7,"user_id":null,"details":null}
{"timestamp":"2025-12-30 03:00:07.000000","request_id":"b5689510-0da0-4620-8b21-4474b843d54d","event":"debug","phase":"RESPONSE","message":"Final POI count","latency_ms":8,"data":{"total_in_route":0,"returned":0,"by_category":[]}}
{"timestamp":"2025-12-30 03:01:53.000000","request_id":"b8e57bf3-f8e6-45a7-a42f-9571a27b4a10","event":"request_start","endpoint":"/api/pois-for-route","method":"POST","ip_address":"127.0.0.1","user_id":null}
{"timestamp":"2025-12-30 03:01:53.000000","request_id":"b8e57bf3-f8e6-45a7-a42f-9571a27b4a10","event":"debug","phase":"VALIDATION","message":"Polyline received","latency_ms":1,"data":{"point_count":1041}}
{"timestamp":"2025-12-30 03:01:53.000000","request_id":"b8e57bf3-f8e6-45a7-a42f-9571a27b4a10","event":"debug","phase":"VALIDATION","message":"Input validated","latency_ms":2,"data":{"polyline_points":1041,"categories":["temple","fuel","charger","toll","restaurant","hospital"],"radius_km":3}}
{"timestamp":"2025-12-30 03:01:53.000000","request_id":"b8e57bf3-f8e6-45a7-a42f-9571a27b4a10","event":"debug","phase":"BBOX_QUERY","message":"Executing spatial query","latency_ms":4,"data":{"min_lat":19.03780797297297,"max_lat":28.640936027027028,"min_lng":72.84751697297297,"max_lng":77.37201402702703,"categories":["temple","fuel","charger","toll","restaurant","hospital"]}}
{"timestamp":"2025-12-30 03:01:53.000000","request_id":"b8e57bf3-f8e6-45a7-a42f-9571a27b4a10","event":"debug","phase":"BBOX_RESULT","message":"Bounding box query completed","latency_ms":6,"data":{"pois_in_bbox":0}}
{"timestamp":"2025-12-30 03:01:53.000000","request_id":"b8e57bf3-f8e6-45a7-a42f-9571a27b4a10","event":"debug","phase":"DISTANCE_FILTER","message":"Starting distance-to-route filtering","latency_ms":6,"data":{"all_pois_count":0,"buffer_meters":3000}}
{"timestamp":"2025-12-30 03:01:53.000000","request_id":"b8e57bf3-f8e6-45a7-a42f-9571a27b4a10","event":"debug","phase":"DISTANCE_FILTER","message":"Filtering complete","latency_ms":7,"data":{"filtered_pois_count":0}}
{"timestamp":"2025-12-30 03:01:53.000000","request_id":"b8e57bf3-f8e6-45a7-a42f-9571a27b4a10","event":"response_error","endpoint":"/api/pois-for-route","http_code":200,"error_code":"POI_ZERO_RESULTS","message":"No POIs found within criteria","latency_ms":7,"user_id":null,"details":null}
{"timestamp":"2025-12-30 03:01:53.000000","request_id":"b8e57bf3-f8e6-45a7-a42f-9571a27b4a10","event":"debug","phase":"RESPONSE","message":"Final POI count","latency_ms":8,"data":{"total_in_route":0,"returned":0,"by_category":[]}}
{"timestamp":"2025-12-30 03:07:46.000000","request_id":"8fd1d477-b8f2-42f9-8bb7-cffe00eada31","event":"request_start","endpoint":"/api/pois-for-route","method":"POST","ip_address":"127.0.0.1","user_id":null}
{"timestamp":"2025-12-30 03:07:46.000000","request_id":"8fd1d477-b8f2-42f9-8bb7-cffe00eada31","event":"debug","phase":"VALIDATION","message":"Polyline received","latency_ms":2,"data":{"point_count":1045}}
{"timestamp":"2025-12-30 03:07:46.000000","request_id":"8fd1d477-b8f2-42f9-8bb7-cffe00eada31","event":"debug","phase":"VALIDATION","message":"Input validated","latency_ms":3,"data":{"polyline_points":1045,"categories":["temple","fuel","charger","toll","restaurant","hospital"],"radius_km":3}}
{"timestamp":"2025-12-30 03:07:46.000000","request_id":"8fd1d477-b8f2-42f9-8bb7-cffe00eada31","event":"debug","phase":"BBOX_QUERY","message":"Executing spatial query","latency_ms":3,"data":{"min_lat":19.028087972972973,"max_lat":28.640936027027028,"min_lng":72.84198797297297,"max_lng":77.32957202702703,"categories":["temple","fuel","charger","toll","restaurant","hospital"]}}
{"timestamp":"2025-12-30 03:07:46.000000","request_id":"8fd1d477-b8f2-42f9-8bb7-cffe00eada31","event":"debug","phase":"BBOX_RESULT","message":"Bounding box query completed","latency_ms":39,"data":{"pois_in_bbox":0}}
{"timestamp":"2025-12-30 03:07:46.000000","request_id":"8fd1d477-b8f2-42f9-8bb7-cffe00eada31","event":"debug","phase":"DISTANCE_FILTER","message":"Starting distance-to-route filtering","latency_ms":39,"data":{"all_pois_count":0,"buffer_meters":3000}}
{"timestamp":"2025-12-30 03:07:46.000000","request_id":"8fd1d477-b8f2-42f9-8bb7-cffe00eada31","event":"debug","phase":"DISTANCE_FILTER","message":"Filtering complete","latency_ms":39,"data":{"filtered_pois_count":0}}
{"timestamp":"2025-12-30 03:07:46.000000","request_id":"8fd1d477-b8f2-42f9-8bb7-cffe00eada31","event":"response_error","endpoint":"/api/pois-for-route","http_code":200,"error_code":"POI_ZERO_RESULTS","message":"No POIs found within criteria","latency_ms":40,"user_id":null,"details":null}
{"timestamp":"2025-12-30 03:07:46.000000","request_id":"8fd1d477-b8f2-42f9-8bb7-cffe00eada31","event":"debug","phase":"RESPONSE","message":"Final POI count","latency_ms":40,"data":{"total_in_route":0,"returned":0,"by_category":[]}}
{"timestamp":"2025-12-30 03:11:35.000000","request_id":"2cd11f37-4e9b-4b08-b669-82fe1769bbd9","event":"request_start","endpoint":"/api/pois-for-route","method":"POST","ip_address":"127.0.0.1","user_id":null}
{"timestamp":"2025-12-30 03:11:35.000000","request_id":"2cd11f37-4e9b-4b08-b669-82fe1769bbd9","event":"debug","phase":"VALIDATION","message":"Polyline received","latency_ms":3,"data":{"point_count":967}}
{"timestamp":"2025-12-30 03:11:35.000000","request_id":"2cd11f37-4e9b-4b08-b669-82fe1769bbd9","event":"debug","phase":"VALIDATION","message":"Input validated","latency_ms":3,"data":{"polyline_points":967,"categories":["toll","restaurant","hospital","fuel","charger"],"radius_km":3}}
{"timestamp":"2025-12-30 03:11:35.000000","request_id":"2cd11f37-4e9b-4b08-b669-82fe1769bbd9","event":"debug","phase":"BBOX_QUERY","message":"Executing spatial query","latency_ms":6,"data":{"min_lat":16.997073972972974,"max_lat":19.103133027027027,"min_lng":72.84198797297297,"max_lng":83.31710702702703,"categories":["toll","restaurant","hospital","fuel","charger"]}}
{"timestamp":"2025-12-30 03:11:35.000000","request_id":"2cd11f37-4e9b-4b08-b669-82fe1769bbd9","event":"debug","phase":"BBOX_RESULT","message":"Bounding box query completed","latency_ms":52,"data":{"pois_in_bbox":4}}
{"timestamp":"2025-12-30 03:11:35.000000","request_id":"2cd11f37-4e9b-4b08-b669-82fe1769bbd9","event":"debug","phase":"DISTANCE_FILTER","message":"Starting distance-to-route filtering","latency_ms":53,"data":{"all_pois_count":4,"buffer_meters":3000}}
{"timestamp":"2025-12-30 03:11:35.000000","request_id":"2cd11f37-4e9b-4b08-b669-82fe1769bbd9","event":"debug","phase":"DISTANCE_FILTER","message":"Filtering complete","latency_ms":54,"data":{"filtered_pois_count":0}}
{"timestamp":"2025-12-30 03:11:35.000000","request_id":"2cd11f37-4e9b-4b08-b669-82fe1769bbd9","event":"response_error","endpoint":"/api/pois-for-route","http_code":200,"error_code":"POI_ZERO_RESULTS","message":"No POIs found within criteria","latency_ms":61,"user_id":null,"details":null}
{"timestamp":"2025-12-30 03:11:35.000000","request_id":"2cd11f37-4e9b-4b08-b669-82fe1769bbd9","event":"debug","phase":"RESPONSE","message":"Final POI count","latency_ms":61,"data":{"total_in_route":0,"returned":0,"by_category":[]}}
{"timestamp":"2025-12-30 03:17:57.000000","request_id":"7982d97e-d077-4864-9045-dc978824d9c0","event":"request_start","endpoint":"/api/pois-for-route","method":"POST","ip_address":"127.0.0.1","user_id":null}
{"timestamp":"2025-12-30 03:17:57.000000","request_id":"7982d97e-d077-4864-9045-dc978824d9c0","event":"debug","phase":"VALIDATION","message":"Polyline received","latency_ms":3,"data":{"point_count":967}}
{"timestamp":"2025-12-30 03:17:57.000000","request_id":"7982d97e-d077-4864-9045-dc978824d9c0","event":"debug","phase":"VALIDATION","message":"Input validated","latency_ms":3,"data":{"polyline_points":967,"categories":["temple","fuel","charger","toll","restaurant","hospital"],"radius_km":3}}
{"timestamp":"2025-12-30 03:17:57.000000","request_id":"7982d97e-d077-4864-9045-dc978824d9c0","event":"debug","phase":"BBOX_QUERY","message":"Executing spatial query","latency_ms":4,"data":{"min_lat":16.997073972972974,"max_lat":19.103133027027027,"min_lng":72.84198797297297,"max_lng":83.31710702702703,"categories":["temple","fuel","charger","toll","restaurant","hospital"]}}
{"timestamp":"2025-12-30 03:17:57.000000","request_id":"7982d97e-d077-4864-9045-dc978824d9c0","event":"debug","phase":"BBOX_RESULT","message":"Bounding box query completed","latency_ms":38,"data":{"pois_in_bbox":4}}
{"timestamp":"2025-12-30 03:17:57.000000","request_id":"7982d97e-d077-4864-9045-dc978824d9c0","event":"debug","phase":"DISTANCE_FILTER","message":"Starting distance-to-route filtering","latency_ms":38,"data":{"all_pois_count":4,"buffer_meters":3000}}
{"timestamp":"2025-12-30 03:17:57.000000","request_id":"7982d97e-d077-4864-9045-dc978824d9c0","event":"debug","phase":"DISTANCE_FILTER","message":"Filtering complete","latency_ms":39,"data":{"filtered_pois_count":0}}
{"timestamp":"2025-12-30 03:17:57.000000","request_id":"7982d97e-d077-4864-9045-dc978824d9c0","event":"response_error","endpoint":"/api/pois-for-route","http_code":200,"error_code":"POI_ZERO_RESULTS","message":"No POIs found within criteria","latency_ms":40,"user_id":null,"details":null}
{"timestamp":"2025-12-30 03:17:57.000000","request_id":"7982d97e-d077-4864-9045-dc978824d9c0","event":"debug","phase":"RESPONSE","message":"Final POI count","latency_ms":40,"data":{"total_in_route":0,"returned":0,"by_category":[]}}
{"timestamp":"2025-12-30 03:39:07.000000","request_id":"685695c3-da55-4a8a-8eeb-1b6444ba276f","event":"request_start","endpoint":"/api/pois-for-route","method":"POST","ip_address":"127.0.0.1","user_id":null}
{"timestamp":"2025-12-30 03:39:07.000000","request_id":"685695c3-da55-4a8a-8eeb-1b6444ba276f","event":"debug","phase":"VALIDATION","message":"Polyline received","latency_ms":5,"data":{"point_count":967}}
{"timestamp":"2025-12-30 03:39:07.000000","request_id":"685695c3-da55-4a8a-8eeb-1b6444ba276f","event":"debug","phase":"VALIDATION","message":"Input validated","latency_ms":8,"data":{"polyline_points":967,"categories":["temple","fuel","charger","toll","restaurant","hospital"],"radius_km":3}}
{"timestamp":"2025-12-30 03:39:07.000000","request_id":"685695c3-da55-4a8a-8eeb-1b6444ba276f","event":"debug","phase":"BBOX_QUERY","message":"Executing spatial query","latency_ms":10,"data":{"min_lat":16.997073972972974,"max_lat":19.103133027027027,"min_lng":72.84198797297297,"max_lng":83.31710702702703,"categories":["temple","fuel","charger","toll","restaurant","hospital"]}}
{"timestamp":"2025-12-30 03:39:07.000000","request_id":"685695c3-da55-4a8a-8eeb-1b6444ba276f","event":"debug","phase":"BBOX_RESULT","message":"Bounding box query completed","latency_ms":37,"data":{"pois_in_bbox":4}}
{"timestamp":"2025-12-30 03:39:07.000000","request_id":"685695c3-da55-4a8a-8eeb-1b6444ba276f","event":"debug","phase":"DISTANCE_FILTER","message":"Starting distance-to-route filtering","latency_ms":38,"data":{"all_pois_count":4,"buffer_meters":3000}}
{"timestamp":"2025-12-30 03:39:07.000000","request_id":"685695c3-da55-4a8a-8eeb-1b6444ba276f","event":"debug","phase":"DISTANCE_FILTER","message":"Filtering complete","latency_ms":40,"data":{"filtered_pois_count":0}}
{"timestamp":"2025-12-30 03:39:07.000000","request_id":"685695c3-da55-4a8a-8eeb-1b6444ba276f","event":"response_error","endpoint":"/api/pois-for-route","http_code":200,"error_code":"POI_ZERO_RESULTS","message":"No POIs found within criteria","latency_ms":40,"user_id":null,"details":null}
{"timestamp":"2025-12-30 03:39:07.000000","request_id":"685695c3-da55-4a8a-8eeb-1b6444ba276f","event":"debug","phase":"RESPONSE","message":"Final POI count","latency_ms":41,"data":{"total_in_route":0,"returned":0,"by_category":[]}}
{"timestamp":"2025-12-30 03:39:39.000000","request_id":"ba5455d3-553e-4387-9c47-9f386db8d298","event":"request_start","endpoint":"/api/pois-for-route","method":"POST","ip_address":"127.0.0.1","user_id":null}
{"timestamp":"2025-12-30 03:39:39.000000","request_id":"ba5455d3-553e-4387-9c47-9f386db8d298","event":"debug","phase":"VALIDATION","message":"Polyline received","latency_ms":0,"data":{"point_count":1045}}
{"timestamp":"2025-12-30 03:39:39.000000","request_id":"ba5455d3-553e-4387-9c47-9f386db8d298","event":"debug","phase":"VALIDATION","message":"Input validated","latency_ms":1,"data":{"polyline_points":1045,"categories":["temple","fuel","charger","toll","restaurant","hospital"],"radius_km":3}}
{"timestamp":"2025-12-30 03:39:39.000000","request_id":"ba5455d3-553e-4387-9c47-9f386db8d298","event":"debug","phase":"BBOX_QUERY","message":"Executing spatial query","latency_ms":1,"data":{"min_lat":19.028087972972973,"max_lat":28.640936027027028,"min_lng":72.84198797297297,"max_lng":77.32957202702703,"categories":["temple","fuel","charger","toll","restaurant","hospital"]}}
{"timestamp":"2025-12-30 03:39:39.000000","request_id":"ba5455d3-553e-4387-9c47-9f386db8d298","event":"debug","phase":"BBOX_RESULT","message":"Bounding box query completed","latency_ms":7,"data":{"pois_in_bbox":0}}
{"timestamp":"2025-12-30 03:39:39.000000","request_id":"ba5455d3-553e-4387-9c47-9f386db8d298","event":"debug","phase":"DISTANCE_FILTER","message":"Starting distance-to-route filtering","latency_ms":8,"data":{"all_pois_count":0,"buffer_meters":3000}}
{"timestamp":"2025-12-30 03:39:39.000000","request_id":"ba5455d3-553e-4387-9c47-9f386db8d298","event":"debug","phase":"DISTANCE_FILTER","message":"Filtering complete","latency_ms":8,"data":{"filtered_pois_count":0}}
{"timestamp":"2025-12-30 03:39:39.000000","request_id":"ba5455d3-553e-4387-9c47-9f386db8d298","event":"response_error","endpoint":"/api/pois-for-route","http_code":200,"error_code":"POI_ZERO_RESULTS","message":"No POIs found within criteria","latency_ms":8,"user_id":null,"details":null}
{"timestamp":"2025-12-30 03:39:39.000000","request_id":"ba5455d3-553e-4387-9c47-9f386db8d298","event":"debug","phase":"RESPONSE","message":"Final POI count","latency_ms":8,"data":{"total_in_route":0,"returned":0,"by_category":[]}}
{"timestamp":"2025-12-30 03:40:09.000000","request_id":"222f9475-dfda-4a01-87d4-ab641cab3447","event":"request_start","endpoint":"/api/pois-for-route","method":"POST","ip_address":"127.0.0.1","user_id":null}
{"timestamp":"2025-12-30 03:40:09.000000","request_id":"222f9475-dfda-4a01-87d4-ab641cab3447","event":"debug","phase":"VALIDATION","message":"Polyline received","latency_ms":0,"data":{"point_count":1045}}
{"timestamp":"2025-12-30 03:40:09.000000","request_id":"222f9475-dfda-4a01-87d4-ab641cab3447","event":"debug","phase":"VALIDATION","message":"Input validated","latency_ms":1,"data":{"polyline_points":1045,"categories":["temple","fuel","charger","toll","restaurant","hospital"],"radius_km":3}}
{"timestamp":"2025-12-30 03:40:09.000000","request_id":"222f9475-dfda-4a01-87d4-ab641cab3447","event":"debug","phase":"BBOX_QUERY","message":"Executing spatial query","latency_ms":1,"data":{"min_lat":19.028087972972973,"max_lat":28.640936027027028,"min_lng":72.84198797297297,"max_lng":77.32957202702703,"categories":["temple","fuel","charger","toll","restaurant","hospital"]}}
{"timestamp":"2025-12-30 03:40:09.000000","request_id":"222f9475-dfda-4a01-87d4-ab641cab3447","event":"debug","phase":"BBOX_RESULT","message":"Bounding box query completed","latency_ms":4,"data":{"pois_in_bbox":0}}
{"timestamp":"2025-12-30 03:40:09.000000","request_id":"222f9475-dfda-4a01-87d4-ab641cab3447","event":"debug","phase":"DISTANCE_FILTER","message":"Starting distance-to-route filtering","latency_ms":4,"data":{"all_pois_count":0,"buffer_meters":3000}}
{"timestamp":"2025-12-30 03:40:09.000000","request_id":"222f9475-dfda-4a01-87d4-ab641cab3447","event":"debug","phase":"DISTANCE_FILTER","message":"Filtering complete","latency_ms":4,"data":{"filtered_pois_count":0}}
{"timestamp":"2025-12-30 03:40:09.000000","request_id":"222f9475-dfda-4a01-87d4-ab641cab3447","event":"response_error","endpoint":"/api/pois-for-route","http_code":200,"error_code":"POI_ZERO_RESULTS","message":"No POIs found within criteria","latency_ms":4,"user_id":null,"details":null}
{"timestamp":"2025-12-30 03:40:09.000000","request_id":"222f9475-dfda-4a01-87d4-ab641cab3447","event":"debug","phase":"RESPONSE","message":"Final POI count","latency_ms":4,"data":{"total_in_route":0,"returned":0,"by_category":[]}}
{"timestamp":"2025-12-30 03:40:44.000000","request_id":"14aef11a-6f3d-497b-9aed-00815910e233","event":"request_start","endpoint":"/api/pois-for-route","method":"POST","ip_address":"127.0.0.1","user_id":null}
{"timestamp":"2025-12-30 03:40:44.000000","request_id":"14aef11a-6f3d-497b-9aed-00815910e233","event":"debug","phase":"VALIDATION","message":"Polyline received","latency_ms":1,"data":{"point_count":1045}}
{"timestamp":"2025-12-30 03:40:44.000000","request_id":"14aef11a-6f3d-497b-9aed-00815910e233","event":"debug","phase":"VALIDATION","message":"Input validated","latency_ms":1,"data":{"polyline_points":1045,"categories":["temple","fuel","charger","toll","restaurant","hospital"],"radius_km":3}}
{"timestamp":"2025-12-30 03:40:44.000000","request_id":"14aef11a-6f3d-497b-9aed-00815910e233","event":"debug","phase":"BBOX_QUERY","message":"Executing spatial query","latency_ms":3,"data":{"min_lat":19.028087972972973,"max_lat":28.640936027027028,"min_lng":72.84198797297297,"max_lng":77.32957202702703,"categories":["temple","fuel","charger","toll","restaurant","hospital"]}}
{"timestamp":"2025-12-30 03:40:44.000000","request_id":"14aef11a-6f3d-497b-9aed-00815910e233","event":"debug","phase":"BBOX_RESULT","message":"Bounding box query completed","latency_ms":4,"data":{"pois_in_bbox":0}}
{"timestamp":"2025-12-30 03:40:44.000000","request_id":"14aef11a-6f3d-497b-9aed-00815910e233","event":"debug","phase":"DISTANCE_FILTER","message":"Starting distance-to-route filtering","latency_ms":6,"data":{"all_pois_count":0,"buffer_meters":3000}}
{"timestamp":"2025-12-30 03:40:44.000000","request_id":"14aef11a-6f3d-497b-9aed-00815910e233","event":"debug","phase":"DISTANCE_FILTER","message":"Filtering complete","latency_ms":6,"data":{"filtered_pois_count":0}}
{"timestamp":"2025-12-30 03:40:44.000000","request_id":"14aef11a-6f3d-497b-9aed-00815910e233","event":"response_error","endpoint":"/api/pois-for-route","http_code":200,"error_code":"POI_ZERO_RESULTS","message":"No POIs found within criteria","latency_ms":6,"user_id":null,"details":null}
{"timestamp":"2025-12-30 03:40:44.000000","request_id":"14aef11a-6f3d-497b-9aed-00815910e233","event":"debug","phase":"RESPONSE","message":"Final POI count","latency_ms":6,"data":{"total_in_route":0,"returned":0,"by_category":[]}}
