{"timestamp":"2025-12-25 20:07:15.000000","request_id":"f4635290-746f-4bb5-adc6-e84050dd0f55","event":"request_start","endpoint":"/api/pois-for-route","method":"POST","ip_address":"127.0.0.1","user_id":null}
{"timestamp":"2025-12-25 20:07:15.000000","request_id":"f4635290-746f-4bb5-adc6-e84050dd0f55","event":"debug","phase":"VALIDATION","message":"Polyline received","latency_ms":3,"data":{"point_count":1041}}
{"timestamp":"2025-12-25 20:07:15.000000","request_id":"f4635290-746f-4bb5-adc6-e84050dd0f55","event":"debug","phase":"VALIDATION","message":"Input validated","latency_ms":4,"data":{"polyline_points":1041,"categories":["temple","fuel","charger","toll","restaurant","hospital"],"radius_km":3}}
{"timestamp":"2025-12-25 20:07:15.000000","request_id":"f4635290-746f-4bb5-adc6-e84050dd0f55","event":"debug","phase":"BBOX_QUERY","message":"Executing spatial query","latency_ms":5,"data":{"min_lat":19.03780797297297,"max_lat":28.640936027027028,"min_lng":72.84751697297297,"max_lng":77.37201402702703,"categories":["temple","fuel","charger","toll","restaurant","hospital"]}}
{"timestamp":"2025-12-25 20:07:15.000000","request_id":"f4635290-746f-4bb5-adc6-e84050dd0f55","event":"debug","phase":"BBOX_RESULT","message":"Bounding box query completed","latency_ms":138,"data":{"pois_in_bbox":0}}
{"timestamp":"2025-12-25 20:07:15.000000","request_id":"f4635290-746f-4bb5-adc6-e84050dd0f55","event":"debug","phase":"DISTANCE_FILTER","message":"Starting distance-to-route filtering","latency_ms":139,"data":{"all_pois_count":0,"buffer_meters":3000}}
{"timestamp":"2025-12-25 20:07:15.000000","request_id":"f4635290-746f-4bb5-adc6-e84050dd0f55","event":"debug","phase":"DISTANCE_FILTER","message":"Filtering complete","latency_ms":139,"data":{"filtered_pois_count":0}}
{"timestamp":"2025-12-25 20:07:15.000000","request_id":"f4635290-746f-4bb5-adc6-e84050dd0f55","event":"response_error","endpoint":"/api/pois-for-route","http_code":200,"error_code":"POI_ZERO_RESULTS","message":"No POIs found within criteria","latency_ms":140,"user_id":null,"details":null}
{"timestamp":"2025-12-25 20:07:15.000000","request_id":"f4635290-746f-4bb5-adc6-e84050dd0f55","event":"debug","phase":"RESPONSE","message":"Final POI count","latency_ms":140,"data":{"total_in_route":0,"returned":0,"by_category":[]}}
{"timestamp":"2025-12-25 20:12:57.000000","request_id":"01057f50-70d5-49b4-b1de-6cff6d01898c","event":"request_start","endpoint":"/api/pois-for-route","method":"POST","ip_address":"127.0.0.1","user_id":null}
{"timestamp":"2025-12-25 20:12:57.000000","request_id":"01057f50-70d5-49b4-b1de-6cff6d01898c","event":"debug","phase":"VALIDATION","message":"Polyline received","latency_ms":4,"data":{"point_count":1041}}
{"timestamp":"2025-12-25 20:12:57.000000","request_id":"01057f50-70d5-49b4-b1de-6cff6d01898c","event":"debug","phase":"VALIDATION","message":"Input validated","latency_ms":4,"data":{"polyline_points":1041,"categories":["fuel"],"radius_km":5}}
{"timestamp":"2025-12-25 20:12:57.000000","request_id":"01057f50-70d5-49b4-b1de-6cff6d01898c","event":"debug","phase":"BBOX_QUERY","message":"Executing spatial query","latency_ms":6,"data":{"min_lat":19.019789954954952,"max_lat":28.658954045045046,"min_lng":72.82949895495496,"max_lng":77.39003204504505,"categories":["fuel"]}}
{"timestamp":"2025-12-25 20:12:57.000000","request_id":"01057f50-70d5-49b4-b1de-6cff6d01898c","event":"debug","phase":"BBOX_RESULT","message":"Bounding box query completed","latency_ms":12,"data":{"pois_in_bbox":0}}
{"timestamp":"2025-12-25 20:12:57.000000","request_id":"01057f50-70d5-49b4-b1de-6cff6d01898c","event":"debug","phase":"DISTANCE_FILTER","message":"Starting distance-to-route filtering","latency_ms":13,"data":{"all_pois_count":0,"buffer_meters":5000}}
{"timestamp":"2025-12-25 20:12:57.000000","request_id":"01057f50-70d5-49b4-b1de-6cff6d01898c","event":"debug","phase":"DISTANCE_FILTER","message":"Filtering complete","latency_ms":13,"data":{"filtered_pois_count":0}}
{"timestamp":"2025-12-25 20:12:57.000000","request_id":"01057f50-70d5-49b4-b1de-6cff6d01898c","event":"response_error","endpoint":"/api/pois-for-route","http_code":200,"error_code":"POI_ZERO_RESULTS","message":"No POIs found within criteria","latency_ms":14,"user_id":null,"details":null}
{"timestamp":"2025-12-25 20:12:57.000000","request_id":"01057f50-70d5-49b4-b1de-6cff6d01898c","event":"debug","phase":"RESPONSE","message":"Final POI count","latency_ms":14,"data":{"total_in_route":0,"returned":0,"by_category":[]}}
{"timestamp":"2025-12-25 20:12:57.000000","request_id":"6b87bf4c-1cf0-49dc-90c6-063d2d5b6409","event":"request_start","endpoint":"/api/pois-for-route","method":"POST","ip_address":"127.0.0.1","user_id":null}
{"timestamp":"2025-12-25 20:12:57.000000","request_id":"6b87bf4c-1cf0-49dc-90c6-063d2d5b6409","event":"debug","phase":"VALIDATION","message":"Polyline received","latency_ms":2,"data":{"point_count":1041}}
{"timestamp":"2025-12-25 20:12:57.000000","request_id":"6b87bf4c-1cf0-49dc-90c6-063d2d5b6409","event":"debug","phase":"VALIDATION","message":"Input validated","latency_ms":2,"data":{"polyline_points":1041,"categories":["restaurant","hospital","temple","fuel"],"radius_km":20}}
{"timestamp":"2025-12-25 20:12:57.000000","request_id":"6b87bf4c-1cf0-49dc-90c6-063d2d5b6409","event":"debug","phase":"BBOX_QUERY","message":"Executing spatial query","latency_ms":3,"data":{"min_lat":18.88465481981982,"max_lat":28.79408918018018,"min_lng":72.69436381981981,"max_lng":77.52516718018019,"categories":["restaurant","hospital","temple","fuel"]}}
{"timestamp":"2025-12-25 20:12:57.000000","request_id":"6b87bf4c-1cf0-49dc-90c6-063d2d5b6409","event":"debug","phase":"BBOX_RESULT","message":"Bounding box query completed","latency_ms":5,"data":{"pois_in_bbox":0}}
{"timestamp":"2025-12-25 20:12:57.000000","request_id":"6b87bf4c-1cf0-49dc-90c6-063d2d5b6409","event":"debug","phase":"DISTANCE_FILTER","message":"Starting distance-to-route filtering","latency_ms":5,"data":{"all_pois_count":0,"buffer_meters":20000}}
{"timestamp":"2025-12-25 20:12:57.000000","request_id":"6b87bf4c-1cf0-49dc-90c6-063d2d5b6409","event":"debug","phase":"DISTANCE_FILTER","message":"Filtering complete","latency_ms":6,"data":{"filtered_pois_count":0}}
{"timestamp":"2025-12-25 20:12:57.000000","request_id":"6b87bf4c-1cf0-49dc-90c6-063d2d5b6409","event":"response_error","endpoint":"/api/pois-for-route","http_code":200,"error_code":"POI_ZERO_RESULTS","message":"No POIs found within criteria","latency_ms":6,"user_id":null,"details":null}
{"timestamp":"2025-12-25 20:12:57.000000","request_id":"6b87bf4c-1cf0-49dc-90c6-063d2d5b6409","event":"debug","phase":"RESPONSE","message":"Final POI count","latency_ms":7,"data":{"total_in_route":0,"returned":0,"by_category":[]}}
{"timestamp":"2025-12-25 20:13:03.000000","request_id":"61a3b34c-8ae1-42dc-9548-7311973e7ae5","event":"request_start","endpoint":"/api/pois-for-route","method":"POST","ip_address":"127.0.0.1","user_id":null}
{"timestamp":"2025-12-25 20:13:03.000000","request_id":"61a3b34c-8ae1-42dc-9548-7311973e7ae5","event":"debug","phase":"VALIDATION","message":"Polyline received","latency_ms":1,"data":{"point_count":1041}}
{"timestamp":"2025-12-25 20:13:03.000000","request_id":"61a3b34c-8ae1-42dc-9548-7311973e7ae5","event":"debug","phase":"VALIDATION","message":"Input validated","latency_ms":2,"data":{"polyline_points":1041,"categories":["fuel"],"radius_km":5}}
{"timestamp":"2025-12-25 20:13:03.000000","request_id":"61a3b34c-8ae1-42dc-9548-7311973e7ae5","event":"debug","phase":"BBOX_QUERY","message":"Executing spatial query","latency_ms":3,"data":{"min_lat":19.019789954954952,"max_lat":28.658954045045046,"min_lng":72.82949895495496,"max_lng":77.39003204504505,"categories":["fuel"]}}
{"timestamp":"2025-12-25 20:13:03.000000","request_id":"61a3b34c-8ae1-42dc-9548-7311973e7ae5","event":"debug","phase":"BBOX_RESULT","message":"Bounding box query completed","latency_ms":4,"data":{"pois_in_bbox":0}}
{"timestamp":"2025-12-25 20:13:03.000000","request_id":"61a3b34c-8ae1-42dc-9548-7311973e7ae5","event":"debug","phase":"DISTANCE_FILTER","message":"Starting distance-to-route filtering","latency_ms":5,"data":{"all_pois_count":0,"buffer_meters":5000}}
{"timestamp":"2025-12-25 20:13:03.000000","request_id":"61a3b34c-8ae1-42dc-9548-7311973e7ae5","event":"debug","phase":"DISTANCE_FILTER","message":"Filtering complete","latency_ms":6,"data":{"filtered_pois_count":0}}
{"timestamp":"2025-12-25 20:13:03.000000","request_id":"61a3b34c-8ae1-42dc-9548-7311973e7ae5","event":"response_error","endpoint":"/api/pois-for-route","http_code":200,"error_code":"POI_ZERO_RESULTS","message":"No POIs found within criteria","latency_ms":7,"user_id":null,"details":null}
{"timestamp":"2025-12-25 20:13:03.000000","request_id":"61a3b34c-8ae1-42dc-9548-7311973e7ae5","event":"debug","phase":"RESPONSE","message":"Final POI count","latency_ms":7,"data":{"total_in_route":0,"returned":0,"by_category":[]}}
{"timestamp":"2025-12-25 20:13:03.000000","request_id":"ce24ca60-e627-4a64-b468-da08ecfc7b07","event":"request_start","endpoint":"/api/pois-for-route","method":"POST","ip_address":"127.0.0.1","user_id":null}
{"timestamp":"2025-12-25 20:13:03.000000","request_id":"ce24ca60-e627-4a64-b468-da08ecfc7b07","event":"debug","phase":"VALIDATION","message":"Polyline received","latency_ms":1,"data":{"point_count":1041}}
{"timestamp":"2025-12-25 20:13:03.000000","request_id":"ce24ca60-e627-4a64-b468-da08ecfc7b07","event":"debug","phase":"VALIDATION","message":"Input validated","latency_ms":1,"data":{"polyline_points":1041,"categories":["restaurant","hospital","temple","fuel"],"radius_km":20}}
{"timestamp":"2025-12-25 20:13:03.000000","request_id":"ce24ca60-e627-4a64-b468-da08ecfc7b07","event":"debug","phase":"BBOX_QUERY","message":"Executing spatial query","latency_ms":2,"data":{"min_lat":18.88465481981982,"max_lat":28.79408918018018,"min_lng":72.69436381981981,"max_lng":77.52516718018019,"categories":["restaurant","hospital","temple","fuel"]}}
{"timestamp":"2025-12-25 20:13:03.000000","request_id":"ce24ca60-e627-4a64-b468-da08ecfc7b07","event":"debug","phase":"BBOX_RESULT","message":"Bounding box query completed","latency_ms":4,"data":{"pois_in_bbox":0}}
{"timestamp":"2025-12-25 20:13:03.000000","request_id":"ce24ca60-e627-4a64-b468-da08ecfc7b07","event":"debug","phase":"DISTANCE_FILTER","message":"Starting distance-to-route filtering","latency_ms":5,"data":{"all_pois_count":0,"buffer_meters":20000}}
{"timestamp":"2025-12-25 20:13:03.000000","request_id":"ce24ca60-e627-4a64-b468-da08ecfc7b07","event":"debug","phase":"DISTANCE_FILTER","message":"Filtering complete","latency_ms":5,"data":{"filtered_pois_count":0}}
{"timestamp":"2025-12-25 20:13:03.000000","request_id":"ce24ca60-e627-4a64-b468-da08ecfc7b07","event":"response_error","endpoint":"/api/pois-for-route","http_code":200,"error_code":"POI_ZERO_RESULTS","message":"No POIs found within criteria","latency_ms":6,"user_id":null,"details":null}
{"timestamp":"2025-12-25 20:13:03.000000","request_id":"ce24ca60-e627-4a64-b468-da08ecfc7b07","event":"debug","phase":"RESPONSE","message":"Final POI count","latency_ms":6,"data":{"total_in_route":0,"returned":0,"by_category":[]}}
{"timestamp":"2025-12-25 20:13:04.000000","request_id":"b5f31697-2708-4e84-9f2e-cd944397ee64","event":"request_start","endpoint":"/api/pois-for-route","method":"POST","ip_address":"127.0.0.1","user_id":null}
{"timestamp":"2025-12-25 20:13:04.000000","request_id":"b5f31697-2708-4e84-9f2e-cd944397ee64","event":"debug","phase":"VALIDATION","message":"Polyline received","latency_ms":1,"data":{"point_count":1041}}
{"timestamp":"2025-12-25 20:13:04.000000","request_id":"b5f31697-2708-4e84-9f2e-cd944397ee64","event":"debug","phase":"VALIDATION","message":"Input validated","latency_ms":1,"data":{"polyline_points":1041,"categories":["fuel"],"radius_km":5}}
{"timestamp":"2025-12-25 20:13:04.000000","request_id":"b5f31697-2708-4e84-9f2e-cd944397ee64","event":"debug","phase":"BBOX_QUERY","message":"Executing spatial query","latency_ms":2,"data":{"min_lat":19.019789954954952,"max_lat":28.658954045045046,"min_lng":72.82949895495496,"max_lng":77.39003204504505,"categories":["fuel"]}}
{"timestamp":"2025-12-25 20:13:04.000000","request_id":"b5f31697-2708-4e84-9f2e-cd944397ee64","event":"debug","phase":"BBOX_RESULT","message":"Bounding box query completed","latency_ms":3,"data":{"pois_in_bbox":0}}
{"timestamp":"2025-12-25 20:13:04.000000","request_id":"b5f31697-2708-4e84-9f2e-cd944397ee64","event":"debug","phase":"DISTANCE_FILTER","message":"Starting distance-to-route filtering","latency_ms":3,"data":{"all_pois_count":0,"buffer_meters":5000}}
{"timestamp":"2025-12-25 20:13:04.000000","request_id":"b5f31697-2708-4e84-9f2e-cd944397ee64","event":"debug","phase":"DISTANCE_FILTER","message":"Filtering complete","latency_ms":3,"data":{"filtered_pois_count":0}}
{"timestamp":"2025-12-25 20:13:04.000000","request_id":"b5f31697-2708-4e84-9f2e-cd944397ee64","event":"response_error","endpoint":"/api/pois-for-route","http_code":200,"error_code":"POI_ZERO_RESULTS","message":"No POIs found within criteria","latency_ms":4,"user_id":null,"details":null}
{"timestamp":"2025-12-25 20:13:04.000000","request_id":"b5f31697-2708-4e84-9f2e-cd944397ee64","event":"debug","phase":"RESPONSE","message":"Final POI count","latency_ms":4,"data":{"total_in_route":0,"returned":0,"by_category":[]}}
{"timestamp":"2025-12-25 20:13:04.000000","request_id":"a831c5a8-35c6-4d43-bc76-5bb0695ea5f7","event":"request_start","endpoint":"/api/pois-for-route","method":"POST","ip_address":"127.0.0.1","user_id":null}
{"timestamp":"2025-12-25 20:13:04.000000","request_id":"a831c5a8-35c6-4d43-bc76-5bb0695ea5f7","event":"debug","phase":"VALIDATION","message":"Polyline received","latency_ms":1,"data":{"point_count":1041}}
{"timestamp":"2025-12-25 20:13:04.000000","request_id":"a831c5a8-35c6-4d43-bc76-5bb0695ea5f7","event":"debug","phase":"VALIDATION","message":"Input validated","latency_ms":1,"data":{"polyline_points":1041,"categories":["restaurant","hospital","temple","fuel"],"radius_km":20}}
{"timestamp":"2025-12-25 20:13:04.000000","request_id":"a831c5a8-35c6-4d43-bc76-5bb0695ea5f7","event":"debug","phase":"BBOX_QUERY","message":"Executing spatial query","latency_ms":2,"data":{"min_lat":18.88465481981982,"max_lat":28.79408918018018,"min_lng":72.69436381981981,"max_lng":77.52516718018019,"categories":["restaurant","hospital","temple","fuel"]}}
{"timestamp":"2025-12-25 20:13:04.000000","request_id":"a831c5a8-35c6-4d43-bc76-5bb0695ea5f7","event":"debug","phase":"BBOX_RESULT","message":"Bounding box query completed","latency_ms":3,"data":{"pois_in_bbox":0}}
{"timestamp":"2025-12-25 20:13:04.000000","request_id":"a831c5a8-35c6-4d43-bc76-5bb0695ea5f7","event":"debug","phase":"DISTANCE_FILTER","message":"Starting distance-to-route filtering","latency_ms":3,"data":{"all_pois_count":0,"buffer_meters":20000}}
{"timestamp":"2025-12-25 20:13:04.000000","request_id":"a831c5a8-35c6-4d43-bc76-5bb0695ea5f7","event":"debug","phase":"DISTANCE_FILTER","message":"Filtering complete","latency_ms":3,"data":{"filtered_pois_count":0}}
{"timestamp":"2025-12-25 20:13:04.000000","request_id":"a831c5a8-35c6-4d43-bc76-5bb0695ea5f7","event":"response_error","endpoint":"/api/pois-for-route","http_code":200,"error_code":"POI_ZERO_RESULTS","message":"No POIs found within criteria","latency_ms":4,"user_id":null,"details":null}
{"timestamp":"2025-12-25 20:13:04.000000","request_id":"a831c5a8-35c6-4d43-bc76-5bb0695ea5f7","event":"debug","phase":"RESPONSE","message":"Final POI count","latency_ms":4,"data":{"total_in_route":0,"returned":0,"by_category":[]}}
{"timestamp":"2025-12-25 20:13:05.000000","request_id":"6d2825c7-9e78-4c0f-a153-fc185ed13afc","event":"request_start","endpoint":"/api/pois-for-route","method":"POST","ip_address":"127.0.0.1","user_id":null}
{"timestamp":"2025-12-25 20:13:05.000000","request_id":"6d2825c7-9e78-4c0f-a153-fc185ed13afc","event":"debug","phase":"VALIDATION","message":"Polyline received","latency_ms":1,"data":{"point_count":1041}}
{"timestamp":"2025-12-25 20:13:05.000000","request_id":"6d2825c7-9e78-4c0f-a153-fc185ed13afc","event":"debug","phase":"VALIDATION","message":"Input validated","latency_ms":1,"data":{"polyline_points":1041,"categories":["fuel"],"radius_km":5}}
{"timestamp":"2025-12-25 20:13:05.000000","request_id":"6d2825c7-9e78-4c0f-a153-fc185ed13afc","event":"debug","phase":"BBOX_QUERY","message":"Executing spatial query","latency_ms":2,"data":{"min_lat":19.019789954954952,"max_lat":28.658954045045046,"min_lng":72.82949895495496,"max_lng":77.39003204504505,"categories":["fuel"]}}
{"timestamp":"2025-12-25 20:13:06.000000","request_id":"6d2825c7-9e78-4c0f-a153-fc185ed13afc","event":"debug","phase":"BBOX_RESULT","message":"Bounding box query completed","latency_ms":3,"data":{"pois_in_bbox":0}}
{"timestamp":"2025-12-25 20:13:06.000000","request_id":"6d2825c7-9e78-4c0f-a153-fc185ed13afc","event":"debug","phase":"DISTANCE_FILTER","message":"Starting distance-to-route filtering","latency_ms":4,"data":{"all_pois_count":0,"buffer_meters":5000}}
{"timestamp":"2025-12-25 20:13:06.000000","request_id":"6d2825c7-9e78-4c0f-a153-fc185ed13afc","event":"debug","phase":"DISTANCE_FILTER","message":"Filtering complete","latency_ms":4,"data":{"filtered_pois_count":0}}
{"timestamp":"2025-12-25 20:13:06.000000","request_id":"6d2825c7-9e78-4c0f-a153-fc185ed13afc","event":"response_error","endpoint":"/api/pois-for-route","http_code":200,"error_code":"POI_ZERO_RESULTS","message":"No POIs found within criteria","latency_ms":5,"user_id":null,"details":null}
{"timestamp":"2025-12-25 20:13:06.000000","request_id":"6d2825c7-9e78-4c0f-a153-fc185ed13afc","event":"debug","phase":"RESPONSE","message":"Final POI count","latency_ms":5,"data":{"total_in_route":0,"returned":0,"by_category":[]}}
{"timestamp":"2025-12-25 20:13:06.000000","request_id":"1692e1a1-34dc-4fe4-9a0e-d77768a3900e","event":"request_start","endpoint":"/api/pois-for-route","method":"POST","ip_address":"127.0.0.1","user_id":null}
{"timestamp":"2025-12-25 20:13:06.000000","request_id":"1692e1a1-34dc-4fe4-9a0e-d77768a3900e","event":"debug","phase":"VALIDATION","message":"Polyline received","latency_ms":1,"data":{"point_count":1041}}
{"timestamp":"2025-12-25 20:13:06.000000","request_id":"1692e1a1-34dc-4fe4-9a0e-d77768a3900e","event":"debug","phase":"VALIDATION","message":"Input validated","latency_ms":1,"data":{"polyline_points":1041,"categories":["restaurant","hospital","temple","fuel"],"radius_km":20}}
{"timestamp":"2025-12-25 20:13:06.000000","request_id":"1692e1a1-34dc-4fe4-9a0e-d77768a3900e","event":"debug","phase":"BBOX_QUERY","message":"Executing spatial query","latency_ms":1,"data":{"min_lat":18.88465481981982,"max_lat":28.79408918018018,"min_lng":72.69436381981981,"max_lng":77.52516718018019,"categories":["restaurant","hospital","temple","fuel"]}}
{"timestamp":"2025-12-25 20:13:06.000000","request_id":"1692e1a1-34dc-4fe4-9a0e-d77768a3900e","event":"debug","phase":"BBOX_RESULT","message":"Bounding box query completed","latency_ms":3,"data":{"pois_in_bbox":0}}
{"timestamp":"2025-12-25 20:13:06.000000","request_id":"1692e1a1-34dc-4fe4-9a0e-d77768a3900e","event":"debug","phase":"DISTANCE_FILTER","message":"Starting distance-to-route filtering","latency_ms":3,"data":{"all_pois_count":0,"buffer_meters":20000}}
{"timestamp":"2025-12-25 20:13:06.000000","request_id":"1692e1a1-34dc-4fe4-9a0e-d77768a3900e","event":"debug","phase":"DISTANCE_FILTER","message":"Filtering complete","latency_ms":3,"data":{"filtered_pois_count":0}}
{"timestamp":"2025-12-25 20:13:06.000000","request_id":"1692e1a1-34dc-4fe4-9a0e-d77768a3900e","event":"response_error","endpoint":"/api/pois-for-route","http_code":200,"error_code":"POI_ZERO_RESULTS","message":"No POIs found within criteria","latency_ms":3,"user_id":null,"details":null}
{"timestamp":"2025-12-25 20:13:06.000000","request_id":"1692e1a1-34dc-4fe4-9a0e-d77768a3900e","event":"debug","phase":"RESPONSE","message":"Final POI count","latency_ms":4,"data":{"total_in_route":0,"returned":0,"by_category":[]}}
{"timestamp":"2025-12-25 20:17:20.000000","request_id":"73b0e472-5f73-4b1f-a764-a812ee361874","event":"request_start","endpoint":"/api/pois-for-route","method":"POST","ip_address":"127.0.0.1","user_id":null}
{"timestamp":"2025-12-25 20:17:20.000000","request_id":"73b0e472-5f73-4b1f-a764-a812ee361874","event":"debug","phase":"VALIDATION","message":"Polyline received","latency_ms":3,"data":{"point_count":1459}}
{"timestamp":"2025-12-25 20:17:20.000000","request_id":"73b0e472-5f73-4b1f-a764-a812ee361874","event":"debug","phase":"VALIDATION","message":"Input validated","latency_ms":4,"data":{"polyline_points":1459,"categories":["temple","fuel","charger","toll","restaurant","hospital"],"radius_km":3}}
{"timestamp":"2025-12-25 20:17:20.000000","request_id":"73b0e472-5f73-4b1f-a764-a812ee361874","event":"debug","phase":"BBOX_QUERY","message":"Executing spatial query","latency_ms":4,"data":{"min_lat":16.492210972972973,"max_lat":28.640936027027028,"min_lng":77.18197997297297,"max_lng":80.62974902702703,"categories":["temple","fuel","charger","toll","restaurant","hospital"]}}
{"timestamp":"2025-12-25 20:17:20.000000","request_id":"73b0e472-5f73-4b1f-a764-a812ee361874","event":"debug","phase":"BBOX_RESULT","message":"Bounding box query completed","latency_ms":10,"data":{"pois_in_bbox":4}}
{"timestamp":"2025-12-25 20:17:20.000000","request_id":"73b0e472-5f73-4b1f-a764-a812ee361874","event":"debug","phase":"DISTANCE_FILTER","message":"Starting distance-to-route filtering","latency_ms":11,"data":{"all_pois_count":4,"buffer_meters":3000}}
{"timestamp":"2025-12-25 20:17:20.000000","request_id":"73b0e472-5f73-4b1f-a764-a812ee361874","event":"debug","phase":"DISTANCE_FILTER","message":"Filtering complete","latency_ms":12,"data":{"filtered_pois_count":0}}
{"timestamp":"2025-12-25 20:17:20.000000","request_id":"73b0e472-5f73-4b1f-a764-a812ee361874","event":"response_error","endpoint":"/api/pois-for-route","http_code":200,"error_code":"POI_ZERO_RESULTS","message":"No POIs found within criteria","latency_ms":13,"user_id":null,"details":null}
{"timestamp":"2025-12-25 20:17:20.000000","request_id":"73b0e472-5f73-4b1f-a764-a812ee361874","event":"debug","phase":"RESPONSE","message":"Final POI count","latency_ms":13,"data":{"total_in_route":0,"returned":0,"by_category":[]}}
{"timestamp":"2025-12-25 20:17:56.000000","request_id":"477219c8-cce7-469d-a37d-b105628c7cab","event":"request_start","endpoint":"/api/pois-for-route","method":"POST","ip_address":"127.0.0.1","user_id":null}
{"timestamp":"2025-12-25 20:17:56.000000","request_id":"477219c8-cce7-469d-a37d-b105628c7cab","event":"debug","phase":"VALIDATION","message":"Polyline received","latency_ms":1,"data":{"point_count":1459}}
{"timestamp":"2025-12-25 20:17:56.000000","request_id":"477219c8-cce7-469d-a37d-b105628c7cab","event":"debug","phase":"VALIDATION","message":"Input validated","latency_ms":2,"data":{"polyline_points":1459,"categories":["toll","restaurant","hospital","fuel","charger"],"radius_km":3}}
{"timestamp":"2025-12-25 20:17:56.000000","request_id":"477219c8-cce7-469d-a37d-b105628c7cab","event":"debug","phase":"BBOX_QUERY","message":"Executing spatial query","latency_ms":3,"data":{"min_lat":16.492210972972973,"max_lat":28.640936027027028,"min_lng":77.18197997297297,"max_lng":80.62974902702703,"categories":["toll","restaurant","hospital","fuel","charger"]}}
{"timestamp":"2025-12-25 20:17:56.000000","request_id":"477219c8-cce7-469d-a37d-b105628c7cab","event":"debug","phase":"BBOX_RESULT","message":"Bounding box query completed","latency_ms":5,"data":{"pois_in_bbox":4}}
{"timestamp":"2025-12-25 20:17:56.000000","request_id":"477219c8-cce7-469d-a37d-b105628c7cab","event":"debug","phase":"DISTANCE_FILTER","message":"Starting distance-to-route filtering","latency_ms":6,"data":{"all_pois_count":4,"buffer_meters":3000}}
{"timestamp":"2025-12-25 20:17:56.000000","request_id":"477219c8-cce7-469d-a37d-b105628c7cab","event":"debug","phase":"DISTANCE_FILTER","message":"Filtering complete","latency_ms":7,"data":{"filtered_pois_count":0}}
{"timestamp":"2025-12-25 20:17:56.000000","request_id":"477219c8-cce7-469d-a37d-b105628c7cab","event":"response_error","endpoint":"/api/pois-for-route","http_code":200,"error_code":"POI_ZERO_RESULTS","message":"No POIs found within criteria","latency_ms":13,"user_id":null,"details":null}
{"timestamp":"2025-12-25 20:17:56.000000","request_id":"477219c8-cce7-469d-a37d-b105628c7cab","event":"debug","phase":"RESPONSE","message":"Final POI count","latency_ms":14,"data":{"total_in_route":0,"returned":0,"by_category":[]}}
{"timestamp":"2025-12-25 20:18:50.000000","request_id":"de51a6ca-2f01-4413-b727-2e4b5af06599","event":"request_start","endpoint":"/api/pois-for-route","method":"POST","ip_address":"127.0.0.1","user_id":null}
{"timestamp":"2025-12-25 20:18:50.000000","request_id":"de51a6ca-2f01-4413-b727-2e4b5af06599","event":"debug","phase":"VALIDATION","message":"Polyline received","latency_ms":1,"data":{"point_count":1459}}
{"timestamp":"2025-12-25 20:18:50.000000","request_id":"de51a6ca-2f01-4413-b727-2e4b5af06599","event":"debug","phase":"VALIDATION","message":"Input validated","latency_ms":2,"data":{"polyline_points":1459,"categories":["temple","fuel","charger","toll","restaurant","hospital"],"radius_km":3}}
{"timestamp":"2025-12-25 20:18:50.000000","request_id":"de51a6ca-2f01-4413-b727-2e4b5af06599","event":"debug","phase":"BBOX_QUERY","message":"Executing spatial query","latency_ms":3,"data":{"min_lat":16.492210972972973,"max_lat":28.640936027027028,"min_lng":77.18197997297297,"max_lng":80.62974902702703,"categories":["temple","fuel","charger","toll","restaurant","hospital"]}}
{"timestamp":"2025-12-25 20:18:50.000000","request_id":"de51a6ca-2f01-4413-b727-2e4b5af06599","event":"debug","phase":"BBOX_RESULT","message":"Bounding box query completed","latency_ms":4,"data":{"pois_in_bbox":4}}
{"timestamp":"2025-12-25 20:18:50.000000","request_id":"de51a6ca-2f01-4413-b727-2e4b5af06599","event":"debug","phase":"DISTANCE_FILTER","message":"Starting distance-to-route filtering","latency_ms":5,"data":{"all_pois_count":4,"buffer_meters":3000}}
{"timestamp":"2025-12-25 20:18:50.000000","request_id":"de51a6ca-2f01-4413-b727-2e4b5af06599","event":"debug","phase":"DISTANCE_FILTER","message":"Filtering complete","latency_ms":6,"data":{"filtered_pois_count":0}}
{"timestamp":"2025-12-25 20:18:50.000000","request_id":"de51a6ca-2f01-4413-b727-2e4b5af06599","event":"response_error","endpoint":"/api/pois-for-route","http_code":200,"error_code":"POI_ZERO_RESULTS","message":"No POIs found within criteria","latency_ms":7,"user_id":null,"details":null}
{"timestamp":"2025-12-25 20:18:50.000000","request_id":"de51a6ca-2f01-4413-b727-2e4b5af06599","event":"debug","phase":"RESPONSE","message":"Final POI count","latency_ms":10,"data":{"total_in_route":0,"returned":0,"by_category":[]}}
{"timestamp":"2025-12-25 20:22:17.000000","request_id":"8253edcf-4550-4611-9d5f-795725256e79","event":"request_start","endpoint":"/api/trips","method":"GET","ip_address":"127.0.0.1","user_id":null}
{"timestamp":"2025-12-25 20:22:17.000000","request_id":"8253edcf-4550-4611-9d5f-795725256e79","event":"response_success","endpoint":"/api/trips","http_code":200,"latency_ms":24,"cache_hit":false,"cache_miss":false,"data_count":5}
{"timestamp":"2025-12-25 20:22:17.000000","request_id":"21e55dbd-e4b0-4a66-9443-1c47b066ac97","event":"request_start","endpoint":"/api/trips","method":"GET","ip_address":"127.0.0.1","user_id":null}
{"timestamp":"2025-12-25 20:22:17.000000","request_id":"21e55dbd-e4b0-4a66-9443-1c47b066ac97","event":"response_success","endpoint":"/api/trips","http_code":200,"latency_ms":1,"cache_hit":false,"cache_miss":false,"data_count":5}
{"timestamp":"2025-12-25 20:22:20.000000","request_id":"68d736dd-0934-4ed2-85d7-745627a01f9e","event":"request_start","endpoint":"/api/trips","method":"GET","ip_address":"127.0.0.1","user_id":null}
{"timestamp":"2025-12-25 20:22:20.000000","request_id":"68d736dd-0934-4ed2-85d7-745627a01f9e","event":"response_success","endpoint":"/api/trips","http_code":200,"latency_ms":9,"cache_hit":false,"cache_miss":false,"data_count":null}
{"timestamp":"2025-12-25 20:22:20.000000","request_id":"943d84f9-7756-4c7f-9dd7-51afc2c6e5f9","event":"request_start","endpoint":"/api/trips","method":"GET","ip_address":"127.0.0.1","user_id":null}
{"timestamp":"2025-12-25 20:22:20.000000","request_id":"943d84f9-7756-4c7f-9dd7-51afc2c6e5f9","event":"response_success","endpoint":"/api/trips","http_code":200,"latency_ms":3,"cache_hit":false,"cache_miss":false,"data_count":null}
{"timestamp":"2025-12-25 20:22:25.000000","request_id":"f5428147-58dd-4047-ac21-ee5fbed31078","event":"request_start","endpoint":"/api/trips","method":"GET","ip_address":"127.0.0.1","user_id":null}
{"timestamp":"2025-12-25 20:22:25.000000","request_id":"f5428147-58dd-4047-ac21-ee5fbed31078","event":"response_success","endpoint":"/api/trips","http_code":200,"latency_ms":1,"cache_hit":false,"cache_miss":false,"data_count":5}
{"timestamp":"2025-12-25 20:22:25.000000","request_id":"bca494b3-38e2-4faf-aa92-8b100939473d","event":"request_start","endpoint":"/api/trips","method":"GET","ip_address":"127.0.0.1","user_id":null}
{"timestamp":"2025-12-25 20:22:25.000000","request_id":"bca494b3-38e2-4faf-aa92-8b100939473d","event":"response_success","endpoint":"/api/trips","http_code":200,"latency_ms":2,"cache_hit":false,"cache_miss":false,"data_count":5}
{"timestamp":"2025-12-25 20:22:27.000000","request_id":"5bbcb238-357d-491e-ab44-7633103322ce","event":"request_start","endpoint":"/api/trips","method":"GET","ip_address":"127.0.0.1","user_id":null}
{"timestamp":"2025-12-25 20:22:27.000000","request_id":"5bbcb238-357d-491e-ab44-7633103322ce","event":"response_success","endpoint":"/api/trips","http_code":200,"latency_ms":4,"cache_hit":false,"cache_miss":false,"data_count":null}
{"timestamp":"2025-12-25 20:22:27.000000","request_id":"dcf80334-b75e-4c84-ba39-a82536412fc6","event":"request_start","endpoint":"/api/trips","method":"GET","ip_address":"127.0.0.1","user_id":null}
{"timestamp":"2025-12-25 20:22:27.000000","request_id":"dcf80334-b75e-4c84-ba39-a82536412fc6","event":"response_success","endpoint":"/api/trips","http_code":200,"latency_ms":1,"cache_hit":false,"cache_miss":false,"data_count":null}
{"timestamp":"2025-12-25 20:22:30.000000","request_id":"ecbcdb25-1709-4453-b7c3-708018716cc1","event":"request_start","endpoint":"/api/trips","method":"GET","ip_address":"127.0.0.1","user_id":null}
{"timestamp":"2025-12-25 20:22:30.000000","request_id":"ecbcdb25-1709-4453-b7c3-708018716cc1","event":"response_success","endpoint":"/api/trips","http_code":200,"latency_ms":1,"cache_hit":false,"cache_miss":false,"data_count":5}
{"timestamp":"2025-12-25 20:22:30.000000","request_id":"bd9f5346-c9df-4d84-b878-146cd9f16422","event":"request_start","endpoint":"/api/trips","method":"GET","ip_address":"127.0.0.1","user_id":null}
{"timestamp":"2025-12-25 20:22:30.000000","request_id":"bd9f5346-c9df-4d84-b878-146cd9f16422","event":"response_success","endpoint":"/api/trips","http_code":200,"latency_ms":1,"cache_hit":false,"cache_miss":false,"data_count":5}
{"timestamp":"2025-12-25 20:29:55.000000","request_id":"656c5369-bc30-4a30-8621-fe8f6ef233f0","event":"request_start","endpoint":"/api/trips","method":"GET","ip_address":"127.0.0.1","user_id":null}
{"timestamp":"2025-12-25 20:29:55.000000","request_id":"656c5369-bc30-4a30-8621-fe8f6ef233f0","event":"response_success","endpoint":"/api/trips","http_code":200,"latency_ms":23,"cache_hit":false,"cache_miss":false,"data_count":5}
{"timestamp":"2025-12-25 20:29:55.000000","request_id":"703a07b3-b91a-4e0d-a522-7f68fe9f57ca","event":"request_start","endpoint":"/api/trips","method":"GET","ip_address":"127.0.0.1","user_id":null}
{"timestamp":"2025-12-25 20:29:55.000000","request_id":"703a07b3-b91a-4e0d-a522-7f68fe9f57ca","event":"response_success","endpoint":"/api/trips","http_code":200,"latency_ms":1,"cache_hit":false,"cache_miss":false,"data_count":5}
