{"timestamp":"2025-12-27 23:14:52.000000","request_id":"104dfe51-939f-4e8f-b04d-4dd2576f4601","event":"request_start","endpoint":"/api/pois-for-route","method":"POST","ip_address":"127.0.0.1","user_id":null}
{"timestamp":"2025-12-27 23:14:52.000000","request_id":"104dfe51-939f-4e8f-b04d-4dd2576f4601","event":"debug","phase":"VALIDATION","message":"Polyline received","latency_ms":3,"data":{"point_count":1478}}
{"timestamp":"2025-12-27 23:14:52.000000","request_id":"104dfe51-939f-4e8f-b04d-4dd2576f4601","event":"debug","phase":"VALIDATION","message":"Input validated","latency_ms":4,"data":{"polyline_points":1478,"categories":["temple","fuel","charger","toll","restaurant","hospital"],"radius_km":3}}
{"timestamp":"2025-12-27 23:14:52.000000","request_id":"104dfe51-939f-4e8f-b04d-4dd2576f4601","event":"debug","phase":"BBOX_QUERY","message":"Executing spatial query","latency_ms":4,"data":{"min_lat":16.484260972972972,"max_lat":28.63695302702703,"min_lng":77.20571297297298,"max_lng":80.64302902702703,"categories":["temple","fuel","charger","toll","restaurant","hospital"]}}
{"timestamp":"2025-12-27 23:14:52.000000","request_id":"104dfe51-939f-4e8f-b04d-4dd2576f4601","event":"debug","phase":"BBOX_RESULT","message":"Bounding box query completed","latency_ms":90,"data":{"pois_in_bbox":4}}
{"timestamp":"2025-12-27 23:14:52.000000","request_id":"104dfe51-939f-4e8f-b04d-4dd2576f4601","event":"debug","phase":"DISTANCE_FILTER","message":"Starting distance-to-route filtering","latency_ms":90,"data":{"all_pois_count":4,"buffer_meters":3000}}
{"timestamp":"2025-12-27 23:14:52.000000","request_id":"104dfe51-939f-4e8f-b04d-4dd2576f4601","event":"debug","phase":"DISTANCE_FILTER","message":"Filtering complete","latency_ms":91,"data":{"filtered_pois_count":0}}
{"timestamp":"2025-12-27 23:14:52.000000","request_id":"104dfe51-939f-4e8f-b04d-4dd2576f4601","event":"response_error","endpoint":"/api/pois-for-route","http_code":200,"error_code":"POI_ZERO_RESULTS","message":"No POIs found within criteria","latency_ms":93,"user_id":null,"details":null}
{"timestamp":"2025-12-27 23:14:52.000000","request_id":"104dfe51-939f-4e8f-b04d-4dd2576f4601","event":"debug","phase":"RESPONSE","message":"Final POI count","latency_ms":94,"data":{"total_in_route":0,"returned":0,"by_category":[]}}
{"timestamp":"2025-12-27 23:16:25.000000","request_id":"f655b3ab-6aad-4ef8-835c-202ee2509fb2","event":"request_start","endpoint":"/api/pois-for-route","method":"POST","ip_address":"127.0.0.1","user_id":null}
{"timestamp":"2025-12-27 23:16:25.000000","request_id":"f655b3ab-6aad-4ef8-835c-202ee2509fb2","event":"debug","phase":"VALIDATION","message":"Polyline received","latency_ms":1,"data":{"point_count":1478}}
{"timestamp":"2025-12-27 23:16:25.000000","request_id":"f655b3ab-6aad-4ef8-835c-202ee2509fb2","event":"debug","phase":"VALIDATION","message":"Input validated","latency_ms":2,"data":{"polyline_points":1478,"categories":["temple","fuel","charger","toll","restaurant","hospital"],"radius_km":3}}
{"timestamp":"2025-12-27 23:16:25.000000","request_id":"f655b3ab-6aad-4ef8-835c-202ee2509fb2","event":"debug","phase":"BBOX_QUERY","message":"Executing spatial query","latency_ms":2,"data":{"min_lat":16.484260972972972,"max_lat":28.63695302702703,"min_lng":77.20571297297298,"max_lng":80.64302902702703,"categories":["temple","fuel","charger","toll","restaurant","hospital"]}}
{"timestamp":"2025-12-27 23:16:25.000000","request_id":"f655b3ab-6aad-4ef8-835c-202ee2509fb2","event":"debug","phase":"BBOX_RESULT","message":"Bounding box query completed","latency_ms":4,"data":{"pois_in_bbox":4}}
{"timestamp":"2025-12-27 23:16:25.000000","request_id":"f655b3ab-6aad-4ef8-835c-202ee2509fb2","event":"debug","phase":"DISTANCE_FILTER","message":"Starting distance-to-route filtering","latency_ms":4,"data":{"all_pois_count":4,"buffer_meters":3000}}
{"timestamp":"2025-12-27 23:16:25.000000","request_id":"f655b3ab-6aad-4ef8-835c-202ee2509fb2","event":"debug","phase":"DISTANCE_FILTER","message":"Filtering complete","latency_ms":5,"data":{"filtered_pois_count":0}}
{"timestamp":"2025-12-27 23:16:25.000000","request_id":"f655b3ab-6aad-4ef8-835c-202ee2509fb2","event":"response_error","endpoint":"/api/pois-for-route","http_code":200,"error_code":"POI_ZERO_RESULTS","message":"No POIs found within criteria","latency_ms":5,"user_id":null,"details":null}
{"timestamp":"2025-12-27 23:16:25.000000","request_id":"f655b3ab-6aad-4ef8-835c-202ee2509fb2","event":"debug","phase":"RESPONSE","message":"Final POI count","latency_ms":6,"data":{"total_in_route":0,"returned":0,"by_category":[]}}
{"timestamp":"2025-12-27 23:22:27.000000","request_id":"56126f5b-4ea0-400f-b9b1-0dd6800fce75","event":"request_start","endpoint":"/api/pois-for-route","method":"POST","ip_address":"127.0.0.1","user_id":null}
{"timestamp":"2025-12-27 23:22:27.000000","request_id":"56126f5b-4ea0-400f-b9b1-0dd6800fce75","event":"debug","phase":"VALIDATION","message":"Polyline received","latency_ms":4,"data":{"point_count":1478}}
{"timestamp":"2025-12-27 23:22:27.000000","request_id":"56126f5b-4ea0-400f-b9b1-0dd6800fce75","event":"debug","phase":"VALIDATION","message":"Input validated","latency_ms":5,"data":{"polyline_points":1478,"categories":["temple","fuel","charger","toll","restaurant","hospital"],"radius_km":3}}
{"timestamp":"2025-12-27 23:22:27.000000","request_id":"56126f5b-4ea0-400f-b9b1-0dd6800fce75","event":"debug","phase":"BBOX_QUERY","message":"Executing spatial query","latency_ms":7,"data":{"min_lat":16.484260972972972,"max_lat":28.63695302702703,"min_lng":77.20571297297298,"max_lng":80.64302902702703,"categories":["temple","fuel","charger","toll","restaurant","hospital"]}}
{"timestamp":"2025-12-27 23:22:27.000000","request_id":"56126f5b-4ea0-400f-b9b1-0dd6800fce75","event":"debug","phase":"BBOX_RESULT","message":"Bounding box query completed","latency_ms":29,"data":{"pois_in_bbox":4}}
{"timestamp":"2025-12-27 23:22:27.000000","request_id":"56126f5b-4ea0-400f-b9b1-0dd6800fce75","event":"debug","phase":"DISTANCE_FILTER","message":"Starting distance-to-route filtering","latency_ms":29,"data":{"all_pois_count":4,"buffer_meters":3000}}
{"timestamp":"2025-12-27 23:22:27.000000","request_id":"56126f5b-4ea0-400f-b9b1-0dd6800fce75","event":"debug","phase":"DISTANCE_FILTER","message":"Filtering complete","latency_ms":32,"data":{"filtered_pois_count":0}}
{"timestamp":"2025-12-27 23:22:27.000000","request_id":"56126f5b-4ea0-400f-b9b1-0dd6800fce75","event":"response_error","endpoint":"/api/pois-for-route","http_code":200,"error_code":"POI_ZERO_RESULTS","message":"No POIs found within criteria","latency_ms":32,"user_id":null,"details":null}
{"timestamp":"2025-12-27 23:22:27.000000","request_id":"56126f5b-4ea0-400f-b9b1-0dd6800fce75","event":"debug","phase":"RESPONSE","message":"Final POI count","latency_ms":33,"data":{"total_in_route":0,"returned":0,"by_category":[]}}
{"timestamp":"2025-12-27 23:22:46.000000","request_id":"66ba9012-bf14-418b-b407-74eca0d910c9","event":"request_start","endpoint":"/api/pois-for-route","method":"POST","ip_address":"127.0.0.1","user_id":null}
{"timestamp":"2025-12-27 23:22:46.000000","request_id":"66ba9012-bf14-418b-b407-74eca0d910c9","event":"debug","phase":"VALIDATION","message":"Polyline received","latency_ms":1,"data":{"point_count":1478}}
{"timestamp":"2025-12-27 23:22:46.000000","request_id":"66ba9012-bf14-418b-b407-74eca0d910c9","event":"debug","phase":"VALIDATION","message":"Input validated","latency_ms":2,"data":{"polyline_points":1478,"categories":["fuel"],"radius_km":5}}
{"timestamp":"2025-12-27 23:22:46.000000","request_id":"66ba9012-bf14-418b-b407-74eca0d910c9","event":"debug","phase":"BBOX_QUERY","message":"Executing spatial query","latency_ms":3,"data":{"min_lat":16.466242954954954,"max_lat":28.65497104504505,"min_lng":77.18769495495496,"max_lng":80.66104704504504,"categories":["fuel"]}}
{"timestamp":"2025-12-27 23:22:46.000000","request_id":"66ba9012-bf14-418b-b407-74eca0d910c9","event":"debug","phase":"BBOX_RESULT","message":"Bounding box query completed","latency_ms":4,"data":{"pois_in_bbox":2}}
{"timestamp":"2025-12-27 23:22:46.000000","request_id":"66ba9012-bf14-418b-b407-74eca0d910c9","event":"debug","phase":"DISTANCE_FILTER","message":"Starting distance-to-route filtering","latency_ms":4,"data":{"all_pois_count":2,"buffer_meters":5000}}
{"timestamp":"2025-12-27 23:22:46.000000","request_id":"66ba9012-bf14-418b-b407-74eca0d910c9","event":"debug","phase":"DISTANCE_FILTER","message":"Filtering complete","latency_ms":5,"data":{"filtered_pois_count":0}}
{"timestamp":"2025-12-27 23:22:46.000000","request_id":"66ba9012-bf14-418b-b407-74eca0d910c9","event":"response_error","endpoint":"/api/pois-for-route","http_code":200,"error_code":"POI_ZERO_RESULTS","message":"No POIs found within criteria","latency_ms":5,"user_id":null,"details":null}
{"timestamp":"2025-12-27 23:22:46.000000","request_id":"66ba9012-bf14-418b-b407-74eca0d910c9","event":"debug","phase":"RESPONSE","message":"Final POI count","latency_ms":5,"data":{"total_in_route":0,"returned":0,"by_category":[]}}
{"timestamp":"2025-12-27 23:22:46.000000","request_id":"e5fe302b-e1d3-4d49-a7cd-7554b39d15f9","event":"request_start","endpoint":"/api/pois-for-route","method":"POST","ip_address":"127.0.0.1","user_id":null}
{"timestamp":"2025-12-27 23:22:46.000000","request_id":"e5fe302b-e1d3-4d49-a7cd-7554b39d15f9","event":"debug","phase":"VALIDATION","message":"Polyline received","latency_ms":1,"data":{"point_count":1478}}
{"timestamp":"2025-12-27 23:22:46.000000","request_id":"e5fe302b-e1d3-4d49-a7cd-7554b39d15f9","event":"debug","phase":"VALIDATION","message":"Input validated","latency_ms":2,"data":{"polyline_points":1478,"categories":["restaurant","hospital","temple","fuel"],"radius_km":20}}
{"timestamp":"2025-12-27 23:22:46.000000","request_id":"e5fe302b-e1d3-4d49-a7cd-7554b39d15f9","event":"debug","phase":"BBOX_QUERY","message":"Executing spatial query","latency_ms":3,"data":{"min_lat":16.33110781981982,"max_lat":28.79010618018018,"min_lng":77.05255981981982,"max_lng":80.79618218018018,"categories":["restaurant","hospital","temple","fuel"]}}
{"timestamp":"2025-12-27 23:22:46.000000","request_id":"e5fe302b-e1d3-4d49-a7cd-7554b39d15f9","event":"debug","phase":"BBOX_RESULT","message":"Bounding box query completed","latency_ms":4,"data":{"pois_in_bbox":4}}
{"timestamp":"2025-12-27 23:22:46.000000","request_id":"e5fe302b-e1d3-4d49-a7cd-7554b39d15f9","event":"debug","phase":"DISTANCE_FILTER","message":"Starting distance-to-route filtering","latency_ms":5,"data":{"all_pois_count":4,"buffer_meters":20000}}
{"timestamp":"2025-12-27 23:22:46.000000","request_id":"e5fe302b-e1d3-4d49-a7cd-7554b39d15f9","event":"debug","phase":"DISTANCE_FILTER","message":"Filtering complete","latency_ms":6,"data":{"filtered_pois_count":0}}
{"timestamp":"2025-12-27 23:22:46.000000","request_id":"e5fe302b-e1d3-4d49-a7cd-7554b39d15f9","event":"response_error","endpoint":"/api/pois-for-route","http_code":200,"error_code":"POI_ZERO_RESULTS","message":"No POIs found within criteria","latency_ms":7,"user_id":null,"details":null}
{"timestamp":"2025-12-27 23:22:46.000000","request_id":"e5fe302b-e1d3-4d49-a7cd-7554b39d15f9","event":"debug","phase":"RESPONSE","message":"Final POI count","latency_ms":7,"data":{"total_in_route":0,"returned":0,"by_category":[]}}
{"timestamp":"2025-12-27 23:22:57.000000","request_id":"5fa24029-4bb7-44db-a290-623b3cd409ca","event":"request_start","endpoint":"/api/pois-for-route","method":"POST","ip_address":"127.0.0.1","user_id":null}
{"timestamp":"2025-12-27 23:22:57.000000","request_id":"5fa24029-4bb7-44db-a290-623b3cd409ca","event":"debug","phase":"VALIDATION","message":"Polyline received","latency_ms":2,"data":{"point_count":1478}}
{"timestamp":"2025-12-27 23:22:57.000000","request_id":"5fa24029-4bb7-44db-a290-623b3cd409ca","event":"debug","phase":"VALIDATION","message":"Input validated","latency_ms":3,"data":{"polyline_points":1478,"categories":["cng"],"radius_km":5}}
{"timestamp":"2025-12-27 23:22:57.000000","request_id":"5fa24029-4bb7-44db-a290-623b3cd409ca","event":"debug","phase":"BBOX_QUERY","message":"Executing spatial query","latency_ms":4,"data":{"min_lat":16.466242954954954,"max_lat":28.65497104504505,"min_lng":77.18769495495496,"max_lng":80.66104704504504,"categories":["cng"]}}
{"timestamp":"2025-12-27 23:22:57.000000","request_id":"5fa24029-4bb7-44db-a290-623b3cd409ca","event":"debug","phase":"BBOX_RESULT","message":"Bounding box query completed","latency_ms":6,"data":{"pois_in_bbox":0}}
{"timestamp":"2025-12-27 23:22:57.000000","request_id":"5fa24029-4bb7-44db-a290-623b3cd409ca","event":"debug","phase":"DISTANCE_FILTER","message":"Starting distance-to-route filtering","latency_ms":6,"data":{"all_pois_count":0,"buffer_meters":5000}}
{"timestamp":"2025-12-27 23:22:57.000000","request_id":"5fa24029-4bb7-44db-a290-623b3cd409ca","event":"debug","phase":"DISTANCE_FILTER","message":"Filtering complete","latency_ms":7,"data":{"filtered_pois_count":0}}
{"timestamp":"2025-12-27 23:22:57.000000","request_id":"5fa24029-4bb7-44db-a290-623b3cd409ca","event":"response_error","endpoint":"/api/pois-for-route","http_code":200,"error_code":"POI_ZERO_RESULTS","message":"No POIs found within criteria","latency_ms":7,"user_id":null,"details":null}
{"timestamp":"2025-12-27 23:22:57.000000","request_id":"5fa24029-4bb7-44db-a290-623b3cd409ca","event":"debug","phase":"RESPONSE","message":"Final POI count","latency_ms":8,"data":{"total_in_route":0,"returned":0,"by_category":[]}}
{"timestamp":"2025-12-27 23:22:57.000000","request_id":"854eb589-d4a3-4c3b-88de-facaabf17935","event":"request_start","endpoint":"/api/pois-for-route","method":"POST","ip_address":"127.0.0.1","user_id":null}
{"timestamp":"2025-12-27 23:22:57.000000","request_id":"854eb589-d4a3-4c3b-88de-facaabf17935","event":"debug","phase":"VALIDATION","message":"Polyline received","latency_ms":1,"data":{"point_count":1478}}
{"timestamp":"2025-12-27 23:22:57.000000","request_id":"854eb589-d4a3-4c3b-88de-facaabf17935","event":"debug","phase":"VALIDATION","message":"Input validated","latency_ms":2,"data":{"polyline_points":1478,"categories":["restaurant","hospital","temple","cng"],"radius_km":20}}
{"timestamp":"2025-12-27 23:22:57.000000","request_id":"854eb589-d4a3-4c3b-88de-facaabf17935","event":"debug","phase":"BBOX_QUERY","message":"Executing spatial query","latency_ms":3,"data":{"min_lat":16.33110781981982,"max_lat":28.79010618018018,"min_lng":77.05255981981982,"max_lng":80.79618218018018,"categories":["restaurant","hospital","temple","cng"]}}
{"timestamp":"2025-12-27 23:22:57.000000","request_id":"854eb589-d4a3-4c3b-88de-facaabf17935","event":"debug","phase":"BBOX_RESULT","message":"Bounding box query completed","latency_ms":5,"data":{"pois_in_bbox":2}}
{"timestamp":"2025-12-27 23:22:57.000000","request_id":"854eb589-d4a3-4c3b-88de-facaabf17935","event":"debug","phase":"DISTANCE_FILTER","message":"Starting distance-to-route filtering","latency_ms":5,"data":{"all_pois_count":2,"buffer_meters":20000}}
{"timestamp":"2025-12-27 23:22:57.000000","request_id":"854eb589-d4a3-4c3b-88de-facaabf17935","event":"debug","phase":"DISTANCE_FILTER","message":"Filtering complete","latency_ms":5,"data":{"filtered_pois_count":0}}
{"timestamp":"2025-12-27 23:22:57.000000","request_id":"854eb589-d4a3-4c3b-88de-facaabf17935","event":"response_error","endpoint":"/api/pois-for-route","http_code":200,"error_code":"POI_ZERO_RESULTS","message":"No POIs found within criteria","latency_ms":5,"user_id":null,"details":null}
{"timestamp":"2025-12-27 23:22:57.000000","request_id":"854eb589-d4a3-4c3b-88de-facaabf17935","event":"debug","phase":"RESPONSE","message":"Final POI count","latency_ms":5,"data":{"total_in_route":0,"returned":0,"by_category":[]}}
{"timestamp":"2025-12-27 23:22:57.000000","request_id":"7e0210ff-15eb-4d22-852d-294af2effebb","event":"request_start","endpoint":"/api/pois-for-route","method":"POST","ip_address":"127.0.0.1","user_id":null}
{"timestamp":"2025-12-27 23:22:57.000000","request_id":"7e0210ff-15eb-4d22-852d-294af2effebb","event":"debug","phase":"VALIDATION","message":"Polyline received","latency_ms":2,"data":{"point_count":1478}}
{"timestamp":"2025-12-27 23:22:57.000000","request_id":"7e0210ff-15eb-4d22-852d-294af2effebb","event":"debug","phase":"VALIDATION","message":"Input validated","latency_ms":2,"data":{"polyline_points":1478,"categories":["cng"],"radius_km":5}}
{"timestamp":"2025-12-27 23:22:57.000000","request_id":"7e0210ff-15eb-4d22-852d-294af2effebb","event":"debug","phase":"BBOX_QUERY","message":"Executing spatial query","latency_ms":2,"data":{"min_lat":16.466242954954954,"max_lat":28.65497104504505,"min_lng":77.18769495495496,"max_lng":80.66104704504504,"categories":["cng"]}}
{"timestamp":"2025-12-27 23:22:57.000000","request_id":"7e0210ff-15eb-4d22-852d-294af2effebb","event":"debug","phase":"BBOX_RESULT","message":"Bounding box query completed","latency_ms":4,"data":{"pois_in_bbox":0}}
{"timestamp":"2025-12-27 23:22:57.000000","request_id":"7e0210ff-15eb-4d22-852d-294af2effebb","event":"debug","phase":"DISTANCE_FILTER","message":"Starting distance-to-route filtering","latency_ms":5,"data":{"all_pois_count":0,"buffer_meters":5000}}
{"timestamp":"2025-12-27 23:22:57.000000","request_id":"7e0210ff-15eb-4d22-852d-294af2effebb","event":"debug","phase":"DISTANCE_FILTER","message":"Filtering complete","latency_ms":5,"data":{"filtered_pois_count":0}}
{"timestamp":"2025-12-27 23:22:57.000000","request_id":"7e0210ff-15eb-4d22-852d-294af2effebb","event":"response_error","endpoint":"/api/pois-for-route","http_code":200,"error_code":"POI_ZERO_RESULTS","message":"No POIs found within criteria","latency_ms":5,"user_id":null,"details":null}
{"timestamp":"2025-12-27 23:22:57.000000","request_id":"7e0210ff-15eb-4d22-852d-294af2effebb","event":"debug","phase":"RESPONSE","message":"Final POI count","latency_ms":6,"data":{"total_in_route":0,"returned":0,"by_category":[]}}
{"timestamp":"2025-12-27 23:22:57.000000","request_id":"d6d32f34-5e29-4f05-8eba-fefbf1e1eec1","event":"request_start","endpoint":"/api/pois-for-route","method":"POST","ip_address":"127.0.0.1","user_id":null}
{"timestamp":"2025-12-27 23:22:57.000000","request_id":"d6d32f34-5e29-4f05-8eba-fefbf1e1eec1","event":"debug","phase":"VALIDATION","message":"Polyline received","latency_ms":1,"data":{"point_count":1478}}
{"timestamp":"2025-12-27 23:22:57.000000","request_id":"d6d32f34-5e29-4f05-8eba-fefbf1e1eec1","event":"debug","phase":"VALIDATION","message":"Input validated","latency_ms":2,"data":{"polyline_points":1478,"categories":["restaurant","hospital","temple","cng"],"radius_km":20}}
{"timestamp":"2025-12-27 23:22:57.000000","request_id":"d6d32f34-5e29-4f05-8eba-fefbf1e1eec1","event":"debug","phase":"BBOX_QUERY","message":"Executing spatial query","latency_ms":2,"data":{"min_lat":16.33110781981982,"max_lat":28.79010618018018,"min_lng":77.05255981981982,"max_lng":80.79618218018018,"categories":["restaurant","hospital","temple","cng"]}}
{"timestamp":"2025-12-27 23:22:57.000000","request_id":"d6d32f34-5e29-4f05-8eba-fefbf1e1eec1","event":"debug","phase":"BBOX_RESULT","message":"Bounding box query completed","latency_ms":3,"data":{"pois_in_bbox":2}}
{"timestamp":"2025-12-27 23:22:57.000000","request_id":"d6d32f34-5e29-4f05-8eba-fefbf1e1eec1","event":"debug","phase":"DISTANCE_FILTER","message":"Starting distance-to-route filtering","latency_ms":4,"data":{"all_pois_count":2,"buffer_meters":20000}}
{"timestamp":"2025-12-27 23:22:57.000000","request_id":"d6d32f34-5e29-4f05-8eba-fefbf1e1eec1","event":"debug","phase":"DISTANCE_FILTER","message":"Filtering complete","latency_ms":4,"data":{"filtered_pois_count":0}}
{"timestamp":"2025-12-27 23:22:57.000000","request_id":"d6d32f34-5e29-4f05-8eba-fefbf1e1eec1","event":"response_error","endpoint":"/api/pois-for-route","http_code":200,"error_code":"POI_ZERO_RESULTS","message":"No POIs found within criteria","latency_ms":5,"user_id":null,"details":null}
{"timestamp":"2025-12-27 23:22:57.000000","request_id":"d6d32f34-5e29-4f05-8eba-fefbf1e1eec1","event":"debug","phase":"RESPONSE","message":"Final POI count","latency_ms":5,"data":{"total_in_route":0,"returned":0,"by_category":[]}}
{"timestamp":"2025-12-27 23:22:59.000000","request_id":"9f08fd42-5760-484f-9294-3d224e8b86ec","event":"request_start","endpoint":"/api/pois-for-route","method":"POST","ip_address":"127.0.0.1","user_id":null}
{"timestamp":"2025-12-27 23:22:59.000000","request_id":"9f08fd42-5760-484f-9294-3d224e8b86ec","event":"debug","phase":"VALIDATION","message":"Polyline received","latency_ms":0,"data":{"point_count":1478}}
{"timestamp":"2025-12-27 23:22:59.000000","request_id":"9f08fd42-5760-484f-9294-3d224e8b86ec","event":"debug","phase":"VALIDATION","message":"Input validated","latency_ms":1,"data":{"polyline_points":1478,"categories":["cng"],"radius_km":5}}
{"timestamp":"2025-12-27 23:22:59.000000","request_id":"9f08fd42-5760-484f-9294-3d224e8b86ec","event":"debug","phase":"BBOX_QUERY","message":"Executing spatial query","latency_ms":1,"data":{"min_lat":16.466242954954954,"max_lat":28.65497104504505,"min_lng":77.18769495495496,"max_lng":80.66104704504504,"categories":["cng"]}}
{"timestamp":"2025-12-27 23:22:59.000000","request_id":"9f08fd42-5760-484f-9294-3d224e8b86ec","event":"debug","phase":"BBOX_RESULT","message":"Bounding box query completed","latency_ms":2,"data":{"pois_in_bbox":0}}
{"timestamp":"2025-12-27 23:22:59.000000","request_id":"9f08fd42-5760-484f-9294-3d224e8b86ec","event":"debug","phase":"DISTANCE_FILTER","message":"Starting distance-to-route filtering","latency_ms":2,"data":{"all_pois_count":0,"buffer_meters":5000}}
{"timestamp":"2025-12-27 23:22:59.000000","request_id":"9f08fd42-5760-484f-9294-3d224e8b86ec","event":"debug","phase":"DISTANCE_FILTER","message":"Filtering complete","latency_ms":3,"data":{"filtered_pois_count":0}}
{"timestamp":"2025-12-27 23:22:59.000000","request_id":"9f08fd42-5760-484f-9294-3d224e8b86ec","event":"response_error","endpoint":"/api/pois-for-route","http_code":200,"error_code":"POI_ZERO_RESULTS","message":"No POIs found within criteria","latency_ms":3,"user_id":null,"details":null}
{"timestamp":"2025-12-27 23:22:59.000000","request_id":"9f08fd42-5760-484f-9294-3d224e8b86ec","event":"debug","phase":"RESPONSE","message":"Final POI count","latency_ms":3,"data":{"total_in_route":0,"returned":0,"by_category":[]}}
{"timestamp":"2025-12-27 23:22:59.000000","request_id":"e86be0f6-07a7-4b21-90cc-7b2b084f490f","event":"request_start","endpoint":"/api/pois-for-route","method":"POST","ip_address":"127.0.0.1","user_id":null}
{"timestamp":"2025-12-27 23:22:59.000000","request_id":"e86be0f6-07a7-4b21-90cc-7b2b084f490f","event":"debug","phase":"VALIDATION","message":"Polyline received","latency_ms":1,"data":{"point_count":1478}}
{"timestamp":"2025-12-27 23:22:59.000000","request_id":"e86be0f6-07a7-4b21-90cc-7b2b084f490f","event":"debug","phase":"VALIDATION","message":"Input validated","latency_ms":2,"data":{"polyline_points":1478,"categories":["restaurant","hospital","temple","cng"],"radius_km":20}}
{"timestamp":"2025-12-27 23:22:59.000000","request_id":"e86be0f6-07a7-4b21-90cc-7b2b084f490f","event":"debug","phase":"BBOX_QUERY","message":"Executing spatial query","latency_ms":2,"data":{"min_lat":16.33110781981982,"max_lat":28.79010618018018,"min_lng":77.05255981981982,"max_lng":80.79618218018018,"categories":["restaurant","hospital","temple","cng"]}}
{"timestamp":"2025-12-27 23:22:59.000000","request_id":"e86be0f6-07a7-4b21-90cc-7b2b084f490f","event":"debug","phase":"BBOX_RESULT","message":"Bounding box query completed","latency_ms":4,"data":{"pois_in_bbox":2}}
{"timestamp":"2025-12-27 23:22:59.000000","request_id":"e86be0f6-07a7-4b21-90cc-7b2b084f490f","event":"debug","phase":"DISTANCE_FILTER","message":"Starting distance-to-route filtering","latency_ms":4,"data":{"all_pois_count":2,"buffer_meters":20000}}
{"timestamp":"2025-12-27 23:22:59.000000","request_id":"e86be0f6-07a7-4b21-90cc-7b2b084f490f","event":"debug","phase":"DISTANCE_FILTER","message":"Filtering complete","latency_ms":5,"data":{"filtered_pois_count":0}}
{"timestamp":"2025-12-27 23:22:59.000000","request_id":"e86be0f6-07a7-4b21-90cc-7b2b084f490f","event":"response_error","endpoint":"/api/pois-for-route","http_code":200,"error_code":"POI_ZERO_RESULTS","message":"No POIs found within criteria","latency_ms":5,"user_id":null,"details":null}
{"timestamp":"2025-12-27 23:22:59.000000","request_id":"e86be0f6-07a7-4b21-90cc-7b2b084f490f","event":"debug","phase":"RESPONSE","message":"Final POI count","latency_ms":6,"data":{"total_in_route":0,"returned":0,"by_category":[]}}
{"timestamp":"2025-12-27 23:25:19.000000","request_id":"a01cea29-a3be-43c8-8d5a-ecbc1117e100","event":"request_start","endpoint":"/api/pois-for-route","method":"POST","ip_address":"127.0.0.1","user_id":null}
{"timestamp":"2025-12-27 23:25:19.000000","request_id":"a01cea29-a3be-43c8-8d5a-ecbc1117e100","event":"debug","phase":"VALIDATION","message":"Polyline received","latency_ms":3,"data":{"point_count":1478}}
{"timestamp":"2025-12-27 23:25:19.000000","request_id":"a01cea29-a3be-43c8-8d5a-ecbc1117e100","event":"debug","phase":"VALIDATION","message":"Input validated","latency_ms":4,"data":{"polyline_points":1478,"categories":["cng","fuel","toll","restaurant","hospital"],"radius_km":3}}
{"timestamp":"2025-12-27 23:25:19.000000","request_id":"a01cea29-a3be-43c8-8d5a-ecbc1117e100","event":"debug","phase":"BBOX_QUERY","message":"Executing spatial query","latency_ms":5,"data":{"min_lat":16.484260972972972,"max_lat":28.63695302702703,"min_lng":77.20571297297298,"max_lng":80.64302902702703,"categories":["cng","fuel","toll","restaurant","hospital"]}}
{"timestamp":"2025-12-27 23:25:19.000000","request_id":"a01cea29-a3be-43c8-8d5a-ecbc1117e100","event":"debug","phase":"BBOX_RESULT","message":"Bounding box query completed","latency_ms":46,"data":{"pois_in_bbox":4}}
{"timestamp":"2025-12-27 23:25:19.000000","request_id":"a01cea29-a3be-43c8-8d5a-ecbc1117e100","event":"debug","phase":"DISTANCE_FILTER","message":"Starting distance-to-route filtering","latency_ms":46,"data":{"all_pois_count":4,"buffer_meters":3000}}
{"timestamp":"2025-12-27 23:25:19.000000","request_id":"a01cea29-a3be-43c8-8d5a-ecbc1117e100","event":"debug","phase":"DISTANCE_FILTER","message":"Filtering complete","latency_ms":48,"data":{"filtered_pois_count":0}}
{"timestamp":"2025-12-27 23:25:19.000000","request_id":"a01cea29-a3be-43c8-8d5a-ecbc1117e100","event":"response_error","endpoint":"/api/pois-for-route","http_code":200,"error_code":"POI_ZERO_RESULTS","message":"No POIs found within criteria","latency_ms":49,"user_id":null,"details":null}
{"timestamp":"2025-12-27 23:25:19.000000","request_id":"a01cea29-a3be-43c8-8d5a-ecbc1117e100","event":"debug","phase":"RESPONSE","message":"Final POI count","latency_ms":50,"data":{"total_in_route":0,"returned":0,"by_category":[]}}
{"timestamp":"2025-12-27 23:25:52.000000","request_id":"9cf8a03b-cb1b-4eb3-a4ba-cf6786478299","event":"request_start","endpoint":"/api/pois-for-route","method":"POST","ip_address":"127.0.0.1","user_id":null}
{"timestamp":"2025-12-27 23:25:52.000000","request_id":"9cf8a03b-cb1b-4eb3-a4ba-cf6786478299","event":"debug","phase":"VALIDATION","message":"Polyline received","latency_ms":3,"data":{"point_count":1478}}
{"timestamp":"2025-12-27 23:25:52.000000","request_id":"9cf8a03b-cb1b-4eb3-a4ba-cf6786478299","event":"debug","phase":"VALIDATION","message":"Input validated","latency_ms":4,"data":{"polyline_points":1478,"categories":["temple","fuel","charger","toll","restaurant","hospital"],"radius_km":3}}
{"timestamp":"2025-12-27 23:25:52.000000","request_id":"9cf8a03b-cb1b-4eb3-a4ba-cf6786478299","event":"debug","phase":"BBOX_QUERY","message":"Executing spatial query","latency_ms":6,"data":{"min_lat":16.484260972972972,"max_lat":28.63695302702703,"min_lng":77.20571297297298,"max_lng":80.64302902702703,"categories":["temple","fuel","charger","toll","restaurant","hospital"]}}
{"timestamp":"2025-12-27 23:25:52.000000","request_id":"9cf8a03b-cb1b-4eb3-a4ba-cf6786478299","event":"debug","phase":"BBOX_RESULT","message":"Bounding box query completed","latency_ms":11,"data":{"pois_in_bbox":4}}
{"timestamp":"2025-12-27 23:25:52.000000","request_id":"9cf8a03b-cb1b-4eb3-a4ba-cf6786478299","event":"debug","phase":"DISTANCE_FILTER","message":"Starting distance-to-route filtering","latency_ms":12,"data":{"all_pois_count":4,"buffer_meters":3000}}
{"timestamp":"2025-12-27 23:25:52.000000","request_id":"9cf8a03b-cb1b-4eb3-a4ba-cf6786478299","event":"debug","phase":"DISTANCE_FILTER","message":"Filtering complete","latency_ms":17,"data":{"filtered_pois_count":0}}
{"timestamp":"2025-12-27 23:25:52.000000","request_id":"9cf8a03b-cb1b-4eb3-a4ba-cf6786478299","event":"response_error","endpoint":"/api/pois-for-route","http_code":200,"error_code":"POI_ZERO_RESULTS","message":"No POIs found within criteria","latency_ms":18,"user_id":null,"details":null}
{"timestamp":"2025-12-27 23:25:52.000000","request_id":"9cf8a03b-cb1b-4eb3-a4ba-cf6786478299","event":"debug","phase":"RESPONSE","message":"Final POI count","latency_ms":24,"data":{"total_in_route":0,"returned":0,"by_category":[]}}
{"timestamp":"2025-12-27 23:27:26.000000","request_id":"6f00e3c5-7930-45ee-a5da-e199aa607c19","event":"request_start","endpoint":"/api/pois-for-route","method":"POST","ip_address":"127.0.0.1","user_id":null}
{"timestamp":"2025-12-27 23:27:26.000000","request_id":"6f00e3c5-7930-45ee-a5da-e199aa607c19","event":"debug","phase":"VALIDATION","message":"Polyline received","latency_ms":2,"data":{"point_count":1478}}
{"timestamp":"2025-12-27 23:27:26.000000","request_id":"6f00e3c5-7930-45ee-a5da-e199aa607c19","event":"debug","phase":"VALIDATION","message":"Input validated","latency_ms":2,"data":{"polyline_points":1478,"categories":["temple","fuel","charger","toll","restaurant","hospital"],"radius_km":3}}
{"timestamp":"2025-12-27 23:27:26.000000","request_id":"6f00e3c5-7930-45ee-a5da-e199aa607c19","event":"debug","phase":"BBOX_QUERY","message":"Executing spatial query","latency_ms":2,"data":{"min_lat":16.484260972972972,"max_lat":28.63695302702703,"min_lng":77.20571297297298,"max_lng":80.64302902702703,"categories":["temple","fuel","charger","toll","restaurant","hospital"]}}
{"timestamp":"2025-12-27 23:27:26.000000","request_id":"6f00e3c5-7930-45ee-a5da-e199aa607c19","event":"debug","phase":"BBOX_RESULT","message":"Bounding box query completed","latency_ms":20,"data":{"pois_in_bbox":4}}
{"timestamp":"2025-12-27 23:27:26.000000","request_id":"6f00e3c5-7930-45ee-a5da-e199aa607c19","event":"debug","phase":"DISTANCE_FILTER","message":"Starting distance-to-route filtering","latency_ms":21,"data":{"all_pois_count":4,"buffer_meters":3000}}
{"timestamp":"2025-12-27 23:27:26.000000","request_id":"6f00e3c5-7930-45ee-a5da-e199aa607c19","event":"debug","phase":"DISTANCE_FILTER","message":"Filtering complete","latency_ms":22,"data":{"filtered_pois_count":0}}
{"timestamp":"2025-12-27 23:27:26.000000","request_id":"6f00e3c5-7930-45ee-a5da-e199aa607c19","event":"response_error","endpoint":"/api/pois-for-route","http_code":200,"error_code":"POI_ZERO_RESULTS","message":"No POIs found within criteria","latency_ms":23,"user_id":null,"details":null}
{"timestamp":"2025-12-27 23:27:26.000000","request_id":"6f00e3c5-7930-45ee-a5da-e199aa607c19","event":"debug","phase":"RESPONSE","message":"Final POI count","latency_ms":23,"data":{"total_in_route":0,"returned":0,"by_category":[]}}
