{"timestamp":"2025-12-24 00:35:37.000000","request_id":"1a9c8e11-9332-4322-8d52-d33c7f008a49","event":"request_start","endpoint":"/api/pois-for-route","method":"POST","ip_address":"127.0.0.1","user_id":null}
{"timestamp":"2025-12-24 00:35:37.000000","request_id":"1a9c8e11-9332-4322-8d52-d33c7f008a49","event":"debug","phase":"VALIDATION","message":"Polyline received","latency_ms":0,"data":{"point_count":2}}
{"timestamp":"2025-12-24 00:35:37.000000","request_id":"1a9c8e11-9332-4322-8d52-d33c7f008a49","event":"debug","phase":"VALIDATION","message":"Input validated","latency_ms":1,"data":{"polyline_points":2,"categories":["charger"],"radius_km":5}}
{"timestamp":"2025-12-24 00:35:37.000000","request_id":"1a9c8e11-9332-4322-8d52-d33c7f008a49","event":"debug","phase":"BBOX_QUERY","message":"Executing spatial query","latency_ms":1,"data":{"min_lat":28.568854954954954,"max_lat":28.665045045045048,"min_lng":77.16395495495496,"max_lng":77.25504504504504,"categories":["charger"]}}
{"timestamp":"2025-12-24 00:35:37.000000","request_id":"1a9c8e11-9332-4322-8d52-d33c7f008a49","event":"debug","phase":"BBOX_RESULT","message":"Bounding box query completed","latency_ms":2,"data":{"pois_in_bbox":0}}
{"timestamp":"2025-12-24 00:35:37.000000","request_id":"1a9c8e11-9332-4322-8d52-d33c7f008a49","event":"debug","phase":"DISTANCE_FILTER","message":"Starting distance-to-route filtering","latency_ms":3,"data":{"all_pois_count":0,"buffer_meters":5000}}
{"timestamp":"2025-12-24 00:35:37.000000","request_id":"1a9c8e11-9332-4322-8d52-d33c7f008a49","event":"debug","phase":"DISTANCE_FILTER","message":"Filtering complete","latency_ms":3,"data":{"filtered_pois_count":0}}
{"timestamp":"2025-12-24 00:35:37.000000","request_id":"1a9c8e11-9332-4322-8d52-d33c7f008a49","event":"response_error","endpoint":"/api/pois-for-route","http_code":200,"error_code":"POI_ZERO_RESULTS","message":"No POIs found within criteria","latency_ms":3,"user_id":null,"details":null}
{"timestamp":"2025-12-24 00:35:37.000000","request_id":"1a9c8e11-9332-4322-8d52-d33c7f008a49","event":"debug","phase":"RESPONSE","message":"Final POI count","latency_ms":3,"data":{"total_in_route":0,"returned":0,"by_category":[]}}
{"timestamp":"2025-12-24 14:54:52.000000","request_id":"ef1468e5-21b6-4f41-8bfc-ef3c6de053de","event":"request_start","endpoint":"/api/trips","method":"POST","ip_address":"127.0.0.1","user_id":null}
{"timestamp":"2025-12-24 14:54:52.000000","request_id":"ef1468e5-21b6-4f41-8bfc-ef3c6de053de","event":"response_error","endpoint":"/api/trips","http_code":400,"error_code":"INVALID_SIGNATURE","message":"Missing signed journey data","latency_ms":6,"user_id":null,"details":null}
{"timestamp":"2025-12-24 17:00:51.000000","request_id":"5ece4f4e-47c8-4ca0-8e7b-559132ab80b7","event":"request_start","endpoint":"/api/pois-for-route","method":"POST","ip_address":"127.0.0.1","user_id":null}
{"timestamp":"2025-12-24 17:00:51.000000","request_id":"5ece4f4e-47c8-4ca0-8e7b-559132ab80b7","event":"debug","phase":"VALIDATION","message":"Polyline received","latency_ms":6,"data":{"point_count":1041}}
{"timestamp":"2025-12-24 17:00:51.000000","request_id":"5ece4f4e-47c8-4ca0-8e7b-559132ab80b7","event":"debug","phase":"VALIDATION","message":"Input validated","latency_ms":7,"data":{"polyline_points":1041,"categories":["temple","fuel","charger","toll","restaurant","hospital"],"radius_km":3}}
{"timestamp":"2025-12-24 17:00:51.000000","request_id":"5ece4f4e-47c8-4ca0-8e7b-559132ab80b7","event":"debug","phase":"BBOX_QUERY","message":"Executing spatial query","latency_ms":8,"data":{"min_lat":19.03780797297297,"max_lat":28.640936027027028,"min_lng":72.84751697297297,"max_lng":77.37201402702703,"categories":["temple","fuel","charger","toll","restaurant","hospital"]}}
{"timestamp":"2025-12-24 17:00:51.000000","request_id":"5ece4f4e-47c8-4ca0-8e7b-559132ab80b7","event":"debug","phase":"BBOX_RESULT","message":"Bounding box query completed","latency_ms":116,"data":{"pois_in_bbox":0}}
{"timestamp":"2025-12-24 17:00:51.000000","request_id":"5ece4f4e-47c8-4ca0-8e7b-559132ab80b7","event":"debug","phase":"DISTANCE_FILTER","message":"Starting distance-to-route filtering","latency_ms":116,"data":{"all_pois_count":0,"buffer_meters":3000}}
{"timestamp":"2025-12-24 17:00:51.000000","request_id":"5ece4f4e-47c8-4ca0-8e7b-559132ab80b7","event":"debug","phase":"DISTANCE_FILTER","message":"Filtering complete","latency_ms":117,"data":{"filtered_pois_count":0}}
{"timestamp":"2025-12-24 17:00:51.000000","request_id":"5ece4f4e-47c8-4ca0-8e7b-559132ab80b7","event":"response_error","endpoint":"/api/pois-for-route","http_code":200,"error_code":"POI_ZERO_RESULTS","message":"No POIs found within criteria","latency_ms":117,"user_id":null,"details":null}
{"timestamp":"2025-12-24 17:00:51.000000","request_id":"5ece4f4e-47c8-4ca0-8e7b-559132ab80b7","event":"debug","phase":"RESPONSE","message":"Final POI count","latency_ms":118,"data":{"total_in_route":0,"returned":0,"by_category":[]}}
{"timestamp":"2025-12-24 17:15:31.000000","request_id":"29affcff-4be6-4fcc-bf93-437386a1482c","event":"request_start","endpoint":"/api/pois-for-route","method":"POST","ip_address":"127.0.0.1","user_id":null}
{"timestamp":"2025-12-24 17:15:31.000000","request_id":"29affcff-4be6-4fcc-bf93-437386a1482c","event":"debug","phase":"VALIDATION","message":"Polyline received","latency_ms":2,"data":{"point_count":1041}}
{"timestamp":"2025-12-24 17:15:31.000000","request_id":"29affcff-4be6-4fcc-bf93-437386a1482c","event":"debug","phase":"VALIDATION","message":"Input validated","latency_ms":3,"data":{"polyline_points":1041,"categories":["temple","fuel","charger","toll","restaurant","hospital"],"radius_km":3}}
{"timestamp":"2025-12-24 17:15:31.000000","request_id":"29affcff-4be6-4fcc-bf93-437386a1482c","event":"debug","phase":"BBOX_QUERY","message":"Executing spatial query","latency_ms":4,"data":{"min_lat":19.03780797297297,"max_lat":28.640936027027028,"min_lng":72.84751697297297,"max_lng":77.37201402702703,"categories":["temple","fuel","charger","toll","restaurant","hospital"]}}
{"timestamp":"2025-12-24 17:15:31.000000","request_id":"29affcff-4be6-4fcc-bf93-437386a1482c","event":"debug","phase":"BBOX_RESULT","message":"Bounding box query completed","latency_ms":65,"data":{"pois_in_bbox":0}}
{"timestamp":"2025-12-24 17:15:31.000000","request_id":"29affcff-4be6-4fcc-bf93-437386a1482c","event":"debug","phase":"DISTANCE_FILTER","message":"Starting distance-to-route filtering","latency_ms":66,"data":{"all_pois_count":0,"buffer_meters":3000}}
{"timestamp":"2025-12-24 17:15:31.000000","request_id":"29affcff-4be6-4fcc-bf93-437386a1482c","event":"debug","phase":"DISTANCE_FILTER","message":"Filtering complete","latency_ms":67,"data":{"filtered_pois_count":0}}
{"timestamp":"2025-12-24 17:15:31.000000","request_id":"29affcff-4be6-4fcc-bf93-437386a1482c","event":"response_error","endpoint":"/api/pois-for-route","http_code":200,"error_code":"POI_ZERO_RESULTS","message":"No POIs found within criteria","latency_ms":68,"user_id":null,"details":null}
{"timestamp":"2025-12-24 17:15:31.000000","request_id":"29affcff-4be6-4fcc-bf93-437386a1482c","event":"debug","phase":"RESPONSE","message":"Final POI count","latency_ms":69,"data":{"total_in_route":0,"returned":0,"by_category":[]}}
{"timestamp":"2025-12-24 17:16:22.000000","request_id":"df1c8e03-d6d7-4351-bb28-c830de6db0fe","event":"request_start","endpoint":"/api/pois-for-route","method":"POST","ip_address":"127.0.0.1","user_id":null}
{"timestamp":"2025-12-24 17:16:22.000000","request_id":"df1c8e03-d6d7-4351-bb28-c830de6db0fe","event":"debug","phase":"VALIDATION","message":"Polyline received","latency_ms":1,"data":{"point_count":1041}}
{"timestamp":"2025-12-24 17:16:22.000000","request_id":"df1c8e03-d6d7-4351-bb28-c830de6db0fe","event":"debug","phase":"VALIDATION","message":"Input validated","latency_ms":2,"data":{"polyline_points":1041,"categories":["fuel"],"radius_km":5}}
{"timestamp":"2025-12-24 17:16:22.000000","request_id":"df1c8e03-d6d7-4351-bb28-c830de6db0fe","event":"debug","phase":"BBOX_QUERY","message":"Executing spatial query","latency_ms":3,"data":{"min_lat":19.019789954954952,"max_lat":28.658954045045046,"min_lng":72.82949895495496,"max_lng":77.39003204504505,"categories":["fuel"]}}
{"timestamp":"2025-12-24 17:16:22.000000","request_id":"df1c8e03-d6d7-4351-bb28-c830de6db0fe","event":"debug","phase":"BBOX_RESULT","message":"Bounding box query completed","latency_ms":8,"data":{"pois_in_bbox":0}}
{"timestamp":"2025-12-24 17:16:22.000000","request_id":"df1c8e03-d6d7-4351-bb28-c830de6db0fe","event":"debug","phase":"DISTANCE_FILTER","message":"Starting distance-to-route filtering","latency_ms":8,"data":{"all_pois_count":0,"buffer_meters":5000}}
{"timestamp":"2025-12-24 17:16:22.000000","request_id":"df1c8e03-d6d7-4351-bb28-c830de6db0fe","event":"debug","phase":"DISTANCE_FILTER","message":"Filtering complete","latency_ms":9,"data":{"filtered_pois_count":0}}
{"timestamp":"2025-12-24 17:16:22.000000","request_id":"df1c8e03-d6d7-4351-bb28-c830de6db0fe","event":"response_error","endpoint":"/api/pois-for-route","http_code":200,"error_code":"POI_ZERO_RESULTS","message":"No POIs found within criteria","latency_ms":9,"user_id":null,"details":null}
{"timestamp":"2025-12-24 17:16:22.000000","request_id":"df1c8e03-d6d7-4351-bb28-c830de6db0fe","event":"debug","phase":"RESPONSE","message":"Final POI count","latency_ms":10,"data":{"total_in_route":0,"returned":0,"by_category":[]}}
{"timestamp":"2025-12-24 17:16:22.000000","request_id":"ae019915-237d-4ea4-abca-b150a929dd86","event":"request_start","endpoint":"/api/pois-for-route","method":"POST","ip_address":"127.0.0.1","user_id":null}
{"timestamp":"2025-12-24 17:16:22.000000","request_id":"ae019915-237d-4ea4-abca-b150a929dd86","event":"debug","phase":"VALIDATION","message":"Polyline received","latency_ms":1,"data":{"point_count":1041}}
{"timestamp":"2025-12-24 17:16:22.000000","request_id":"ae019915-237d-4ea4-abca-b150a929dd86","event":"debug","phase":"VALIDATION","message":"Input validated","latency_ms":2,"data":{"polyline_points":1041,"categories":["restaurant","hospital","temple","fuel"],"radius_km":20}}
{"timestamp":"2025-12-24 17:16:22.000000","request_id":"ae019915-237d-4ea4-abca-b150a929dd86","event":"debug","phase":"BBOX_QUERY","message":"Executing spatial query","latency_ms":2,"data":{"min_lat":18.88465481981982,"max_lat":28.79408918018018,"min_lng":72.69436381981981,"max_lng":77.52516718018019,"categories":["restaurant","hospital","temple","fuel"]}}
{"timestamp":"2025-12-24 17:16:22.000000","request_id":"ae019915-237d-4ea4-abca-b150a929dd86","event":"debug","phase":"BBOX_RESULT","message":"Bounding box query completed","latency_ms":4,"data":{"pois_in_bbox":0}}
{"timestamp":"2025-12-24 17:16:22.000000","request_id":"ae019915-237d-4ea4-abca-b150a929dd86","event":"debug","phase":"DISTANCE_FILTER","message":"Starting distance-to-route filtering","latency_ms":5,"data":{"all_pois_count":0,"buffer_meters":20000}}
{"timestamp":"2025-12-24 17:16:22.000000","request_id":"ae019915-237d-4ea4-abca-b150a929dd86","event":"debug","phase":"DISTANCE_FILTER","message":"Filtering complete","latency_ms":6,"data":{"filtered_pois_count":0}}
{"timestamp":"2025-12-24 17:16:22.000000","request_id":"ae019915-237d-4ea4-abca-b150a929dd86","event":"response_error","endpoint":"/api/pois-for-route","http_code":200,"error_code":"POI_ZERO_RESULTS","message":"No POIs found within criteria","latency_ms":7,"user_id":null,"details":null}
{"timestamp":"2025-12-24 17:16:22.000000","request_id":"ae019915-237d-4ea4-abca-b150a929dd86","event":"debug","phase":"RESPONSE","message":"Final POI count","latency_ms":7,"data":{"total_in_route":0,"returned":0,"by_category":[]}}
{"timestamp":"2025-12-24 17:18:20.000000","request_id":"9668cba9-158d-4c5c-ab79-55c014c4bb00","event":"request_start","endpoint":"/api/pois-for-route","method":"POST","ip_address":"127.0.0.1","user_id":null}
{"timestamp":"2025-12-24 17:18:20.000000","request_id":"9668cba9-158d-4c5c-ab79-55c014c4bb00","event":"debug","phase":"VALIDATION","message":"Polyline received","latency_ms":2,"data":{"point_count":1041}}
{"timestamp":"2025-12-24 17:18:20.000000","request_id":"9668cba9-158d-4c5c-ab79-55c014c4bb00","event":"debug","phase":"VALIDATION","message":"Input validated","latency_ms":4,"data":{"polyline_points":1041,"categories":["fuel"],"radius_km":5}}
{"timestamp":"2025-12-24 17:18:20.000000","request_id":"9668cba9-158d-4c5c-ab79-55c014c4bb00","event":"debug","phase":"BBOX_QUERY","message":"Executing spatial query","latency_ms":5,"data":{"min_lat":19.019789954954952,"max_lat":28.658954045045046,"min_lng":72.82949895495496,"max_lng":77.39003204504505,"categories":["fuel"]}}
{"timestamp":"2025-12-24 17:18:20.000000","request_id":"9668cba9-158d-4c5c-ab79-55c014c4bb00","event":"debug","phase":"BBOX_RESULT","message":"Bounding box query completed","latency_ms":9,"data":{"pois_in_bbox":0}}
{"timestamp":"2025-12-24 17:18:20.000000","request_id":"9668cba9-158d-4c5c-ab79-55c014c4bb00","event":"debug","phase":"DISTANCE_FILTER","message":"Starting distance-to-route filtering","latency_ms":9,"data":{"all_pois_count":0,"buffer_meters":5000}}
{"timestamp":"2025-12-24 17:18:20.000000","request_id":"9668cba9-158d-4c5c-ab79-55c014c4bb00","event":"debug","phase":"DISTANCE_FILTER","message":"Filtering complete","latency_ms":10,"data":{"filtered_pois_count":0}}
{"timestamp":"2025-12-24 17:18:20.000000","request_id":"9668cba9-158d-4c5c-ab79-55c014c4bb00","event":"response_error","endpoint":"/api/pois-for-route","http_code":200,"error_code":"POI_ZERO_RESULTS","message":"No POIs found within criteria","latency_ms":10,"user_id":null,"details":null}
{"timestamp":"2025-12-24 17:18:20.000000","request_id":"9668cba9-158d-4c5c-ab79-55c014c4bb00","event":"debug","phase":"RESPONSE","message":"Final POI count","latency_ms":10,"data":{"total_in_route":0,"returned":0,"by_category":[]}}
{"timestamp":"2025-12-24 17:18:20.000000","request_id":"6a198a00-1863-41fc-a3af-6b369bb19cdd","event":"request_start","endpoint":"/api/pois-for-route","method":"POST","ip_address":"127.0.0.1","user_id":null}
{"timestamp":"2025-12-24 17:18:20.000000","request_id":"6a198a00-1863-41fc-a3af-6b369bb19cdd","event":"debug","phase":"VALIDATION","message":"Polyline received","latency_ms":1,"data":{"point_count":1041}}
{"timestamp":"2025-12-24 17:18:20.000000","request_id":"6a198a00-1863-41fc-a3af-6b369bb19cdd","event":"debug","phase":"VALIDATION","message":"Input validated","latency_ms":2,"data":{"polyline_points":1041,"categories":["restaurant","hospital","temple","fuel"],"radius_km":20}}
{"timestamp":"2025-12-24 17:18:20.000000","request_id":"6a198a00-1863-41fc-a3af-6b369bb19cdd","event":"debug","phase":"BBOX_QUERY","message":"Executing spatial query","latency_ms":3,"data":{"min_lat":18.88465481981982,"max_lat":28.79408918018018,"min_lng":72.69436381981981,"max_lng":77.52516718018019,"categories":["restaurant","hospital","temple","fuel"]}}
{"timestamp":"2025-12-24 17:18:20.000000","request_id":"6a198a00-1863-41fc-a3af-6b369bb19cdd","event":"debug","phase":"BBOX_RESULT","message":"Bounding box query completed","latency_ms":6,"data":{"pois_in_bbox":0}}
{"timestamp":"2025-12-24 17:18:20.000000","request_id":"6a198a00-1863-41fc-a3af-6b369bb19cdd","event":"debug","phase":"DISTANCE_FILTER","message":"Starting distance-to-route filtering","latency_ms":6,"data":{"all_pois_count":0,"buffer_meters":20000}}
{"timestamp":"2025-12-24 17:18:20.000000","request_id":"6a198a00-1863-41fc-a3af-6b369bb19cdd","event":"debug","phase":"DISTANCE_FILTER","message":"Filtering complete","latency_ms":7,"data":{"filtered_pois_count":0}}
{"timestamp":"2025-12-24 17:18:20.000000","request_id":"6a198a00-1863-41fc-a3af-6b369bb19cdd","event":"response_error","endpoint":"/api/pois-for-route","http_code":200,"error_code":"POI_ZERO_RESULTS","message":"No POIs found within criteria","latency_ms":8,"user_id":null,"details":null}
{"timestamp":"2025-12-24 17:18:20.000000","request_id":"6a198a00-1863-41fc-a3af-6b369bb19cdd","event":"debug","phase":"RESPONSE","message":"Final POI count","latency_ms":9,"data":{"total_in_route":0,"returned":0,"by_category":[]}}
{"timestamp":"2025-12-24 17:18:22.000000","request_id":"c2e491ee-27a2-4e6a-aac2-380869998a6c","event":"request_start","endpoint":"/api/pois-for-route","method":"POST","ip_address":"127.0.0.1","user_id":null}
{"timestamp":"2025-12-24 17:18:22.000000","request_id":"c2e491ee-27a2-4e6a-aac2-380869998a6c","event":"debug","phase":"VALIDATION","message":"Polyline received","latency_ms":1,"data":{"point_count":1041}}
{"timestamp":"2025-12-24 17:18:22.000000","request_id":"c2e491ee-27a2-4e6a-aac2-380869998a6c","event":"debug","phase":"VALIDATION","message":"Input validated","latency_ms":2,"data":{"polyline_points":1041,"categories":["fuel"],"radius_km":5}}
{"timestamp":"2025-12-24 17:18:22.000000","request_id":"c2e491ee-27a2-4e6a-aac2-380869998a6c","event":"debug","phase":"BBOX_QUERY","message":"Executing spatial query","latency_ms":3,"data":{"min_lat":19.019789954954952,"max_lat":28.658954045045046,"min_lng":72.82949895495496,"max_lng":77.39003204504505,"categories":["fuel"]}}
{"timestamp":"2025-12-24 17:18:22.000000","request_id":"c2e491ee-27a2-4e6a-aac2-380869998a6c","event":"debug","phase":"BBOX_RESULT","message":"Bounding box query completed","latency_ms":7,"data":{"pois_in_bbox":0}}
{"timestamp":"2025-12-24 17:18:22.000000","request_id":"c2e491ee-27a2-4e6a-aac2-380869998a6c","event":"debug","phase":"DISTANCE_FILTER","message":"Starting distance-to-route filtering","latency_ms":8,"data":{"all_pois_count":0,"buffer_meters":5000}}
{"timestamp":"2025-12-24 17:18:22.000000","request_id":"c2e491ee-27a2-4e6a-aac2-380869998a6c","event":"debug","phase":"DISTANCE_FILTER","message":"Filtering complete","latency_ms":9,"data":{"filtered_pois_count":0}}
{"timestamp":"2025-12-24 17:18:22.000000","request_id":"c2e491ee-27a2-4e6a-aac2-380869998a6c","event":"response_error","endpoint":"/api/pois-for-route","http_code":200,"error_code":"POI_ZERO_RESULTS","message":"No POIs found within criteria","latency_ms":9,"user_id":null,"details":null}
{"timestamp":"2025-12-24 17:18:22.000000","request_id":"c2e491ee-27a2-4e6a-aac2-380869998a6c","event":"debug","phase":"RESPONSE","message":"Final POI count","latency_ms":13,"data":{"total_in_route":0,"returned":0,"by_category":[]}}
{"timestamp":"2025-12-24 17:18:22.000000","request_id":"3f86868a-8b9f-490f-86c2-b349edda2eed","event":"request_start","endpoint":"/api/pois-for-route","method":"POST","ip_address":"127.0.0.1","user_id":null}
{"timestamp":"2025-12-24 17:18:22.000000","request_id":"3f86868a-8b9f-490f-86c2-b349edda2eed","event":"debug","phase":"VALIDATION","message":"Polyline received","latency_ms":1,"data":{"point_count":1041}}
{"timestamp":"2025-12-24 17:18:22.000000","request_id":"3f86868a-8b9f-490f-86c2-b349edda2eed","event":"debug","phase":"VALIDATION","message":"Input validated","latency_ms":1,"data":{"polyline_points":1041,"categories":["restaurant","hospital","temple","fuel"],"radius_km":20}}
{"timestamp":"2025-12-24 17:18:22.000000","request_id":"3f86868a-8b9f-490f-86c2-b349edda2eed","event":"debug","phase":"BBOX_QUERY","message":"Executing spatial query","latency_ms":2,"data":{"min_lat":18.88465481981982,"max_lat":28.79408918018018,"min_lng":72.69436381981981,"max_lng":77.52516718018019,"categories":["restaurant","hospital","temple","fuel"]}}
{"timestamp":"2025-12-24 17:18:22.000000","request_id":"3f86868a-8b9f-490f-86c2-b349edda2eed","event":"debug","phase":"BBOX_RESULT","message":"Bounding box query completed","latency_ms":4,"data":{"pois_in_bbox":0}}
{"timestamp":"2025-12-24 17:18:22.000000","request_id":"3f86868a-8b9f-490f-86c2-b349edda2eed","event":"debug","phase":"DISTANCE_FILTER","message":"Starting distance-to-route filtering","latency_ms":5,"data":{"all_pois_count":0,"buffer_meters":20000}}
{"timestamp":"2025-12-24 17:18:22.000000","request_id":"3f86868a-8b9f-490f-86c2-b349edda2eed","event":"debug","phase":"DISTANCE_FILTER","message":"Filtering complete","latency_ms":6,"data":{"filtered_pois_count":0}}
{"timestamp":"2025-12-24 17:18:22.000000","request_id":"3f86868a-8b9f-490f-86c2-b349edda2eed","event":"response_error","endpoint":"/api/pois-for-route","http_code":200,"error_code":"POI_ZERO_RESULTS","message":"No POIs found within criteria","latency_ms":7,"user_id":null,"details":null}
{"timestamp":"2025-12-24 17:18:22.000000","request_id":"3f86868a-8b9f-490f-86c2-b349edda2eed","event":"debug","phase":"RESPONSE","message":"Final POI count","latency_ms":8,"data":{"total_in_route":0,"returned":0,"by_category":[]}}
{"timestamp":"2025-12-24 17:23:31.000000","request_id":"5ff24d77-a034-4867-9bff-b739695ef2a5","event":"request_start","endpoint":"/api/pois-for-route","method":"POST","ip_address":"127.0.0.1","user_id":null}
{"timestamp":"2025-12-24 17:23:31.000000","request_id":"5ff24d77-a034-4867-9bff-b739695ef2a5","event":"debug","phase":"VALIDATION","message":"Polyline received","latency_ms":10,"data":{"point_count":1041}}
{"timestamp":"2025-12-24 17:23:31.000000","request_id":"5ff24d77-a034-4867-9bff-b739695ef2a5","event":"debug","phase":"VALIDATION","message":"Input validated","latency_ms":11,"data":{"polyline_points":1041,"categories":["fuel"],"radius_km":5}}
{"timestamp":"2025-12-24 17:23:31.000000","request_id":"5ff24d77-a034-4867-9bff-b739695ef2a5","event":"debug","phase":"BBOX_QUERY","message":"Executing spatial query","latency_ms":14,"data":{"min_lat":19.019789954954952,"max_lat":28.658954045045046,"min_lng":72.82949895495496,"max_lng":77.39003204504505,"categories":["fuel"]}}
{"timestamp":"2025-12-24 17:23:31.000000","request_id":"5ff24d77-a034-4867-9bff-b739695ef2a5","event":"debug","phase":"BBOX_RESULT","message":"Bounding box query completed","latency_ms":55,"data":{"pois_in_bbox":0}}
{"timestamp":"2025-12-24 17:23:31.000000","request_id":"5ff24d77-a034-4867-9bff-b739695ef2a5","event":"debug","phase":"DISTANCE_FILTER","message":"Starting distance-to-route filtering","latency_ms":56,"data":{"all_pois_count":0,"buffer_meters":5000}}
{"timestamp":"2025-12-24 17:23:31.000000","request_id":"5ff24d77-a034-4867-9bff-b739695ef2a5","event":"debug","phase":"DISTANCE_FILTER","message":"Filtering complete","latency_ms":56,"data":{"filtered_pois_count":0}}
{"timestamp":"2025-12-24 17:23:31.000000","request_id":"5ff24d77-a034-4867-9bff-b739695ef2a5","event":"response_error","endpoint":"/api/pois-for-route","http_code":200,"error_code":"POI_ZERO_RESULTS","message":"No POIs found within criteria","latency_ms":58,"user_id":null,"details":null}
{"timestamp":"2025-12-24 17:23:31.000000","request_id":"5ff24d77-a034-4867-9bff-b739695ef2a5","event":"debug","phase":"RESPONSE","message":"Final POI count","latency_ms":59,"data":{"total_in_route":0,"returned":0,"by_category":[]}}
{"timestamp":"2025-12-24 17:23:31.000000","request_id":"992c5b2b-f0f4-4f81-bea1-00c994a3fb55","event":"request_start","endpoint":"/api/pois-for-route","method":"POST","ip_address":"127.0.0.1","user_id":null}
{"timestamp":"2025-12-24 17:23:31.000000","request_id":"992c5b2b-f0f4-4f81-bea1-00c994a3fb55","event":"debug","phase":"VALIDATION","message":"Polyline received","latency_ms":1,"data":{"point_count":1041}}
{"timestamp":"2025-12-24 17:23:31.000000","request_id":"992c5b2b-f0f4-4f81-bea1-00c994a3fb55","event":"debug","phase":"VALIDATION","message":"Input validated","latency_ms":1,"data":{"polyline_points":1041,"categories":["fuel"],"radius_km":5}}
{"timestamp":"2025-12-24 17:23:31.000000","request_id":"992c5b2b-f0f4-4f81-bea1-00c994a3fb55","event":"debug","phase":"BBOX_QUERY","message":"Executing spatial query","latency_ms":2,"data":{"min_lat":19.019789954954952,"max_lat":28.658954045045046,"min_lng":72.82949895495496,"max_lng":77.39003204504505,"categories":["fuel"]}}
{"timestamp":"2025-12-24 17:23:31.000000","request_id":"992c5b2b-f0f4-4f81-bea1-00c994a3fb55","event":"debug","phase":"BBOX_RESULT","message":"Bounding box query completed","latency_ms":3,"data":{"pois_in_bbox":0}}
{"timestamp":"2025-12-24 17:23:31.000000","request_id":"992c5b2b-f0f4-4f81-bea1-00c994a3fb55","event":"debug","phase":"DISTANCE_FILTER","message":"Starting distance-to-route filtering","latency_ms":4,"data":{"all_pois_count":0,"buffer_meters":5000}}
{"timestamp":"2025-12-24 17:23:31.000000","request_id":"992c5b2b-f0f4-4f81-bea1-00c994a3fb55","event":"debug","phase":"DISTANCE_FILTER","message":"Filtering complete","latency_ms":5,"data":{"filtered_pois_count":0}}
{"timestamp":"2025-12-24 17:23:31.000000","request_id":"992c5b2b-f0f4-4f81-bea1-00c994a3fb55","event":"response_error","endpoint":"/api/pois-for-route","http_code":200,"error_code":"POI_ZERO_RESULTS","message":"No POIs found within criteria","latency_ms":6,"user_id":null,"details":null}
{"timestamp":"2025-12-24 17:23:31.000000","request_id":"992c5b2b-f0f4-4f81-bea1-00c994a3fb55","event":"debug","phase":"RESPONSE","message":"Final POI count","latency_ms":6,"data":{"total_in_route":0,"returned":0,"by_category":[]}}
{"timestamp":"2025-12-24 17:23:31.000000","request_id":"3d123047-b66d-442e-8aa1-724025d0587e","event":"request_start","endpoint":"/api/pois-for-route","method":"POST","ip_address":"127.0.0.1","user_id":null}
{"timestamp":"2025-12-24 17:23:31.000000","request_id":"3d123047-b66d-442e-8aa1-724025d0587e","event":"debug","phase":"VALIDATION","message":"Polyline received","latency_ms":1,"data":{"point_count":1041}}
{"timestamp":"2025-12-24 17:23:31.000000","request_id":"3d123047-b66d-442e-8aa1-724025d0587e","event":"debug","phase":"VALIDATION","message":"Input validated","latency_ms":2,"data":{"polyline_points":1041,"categories":["restaurant","hospital","temple","fuel"],"radius_km":20}}
{"timestamp":"2025-12-24 17:23:31.000000","request_id":"3d123047-b66d-442e-8aa1-724025d0587e","event":"debug","phase":"BBOX_QUERY","message":"Executing spatial query","latency_ms":3,"data":{"min_lat":18.88465481981982,"max_lat":28.79408918018018,"min_lng":72.69436381981981,"max_lng":77.52516718018019,"categories":["restaurant","hospital","temple","fuel"]}}
{"timestamp":"2025-12-24 17:23:31.000000","request_id":"3d123047-b66d-442e-8aa1-724025d0587e","event":"debug","phase":"BBOX_RESULT","message":"Bounding box query completed","latency_ms":7,"data":{"pois_in_bbox":0}}
{"timestamp":"2025-12-24 17:23:31.000000","request_id":"3d123047-b66d-442e-8aa1-724025d0587e","event":"debug","phase":"DISTANCE_FILTER","message":"Starting distance-to-route filtering","latency_ms":8,"data":{"all_pois_count":0,"buffer_meters":20000}}
{"timestamp":"2025-12-24 17:23:31.000000","request_id":"3d123047-b66d-442e-8aa1-724025d0587e","event":"debug","phase":"DISTANCE_FILTER","message":"Filtering complete","latency_ms":8,"data":{"filtered_pois_count":0}}
{"timestamp":"2025-12-24 17:23:31.000000","request_id":"3d123047-b66d-442e-8aa1-724025d0587e","event":"response_error","endpoint":"/api/pois-for-route","http_code":200,"error_code":"POI_ZERO_RESULTS","message":"No POIs found within criteria","latency_ms":9,"user_id":null,"details":null}
{"timestamp":"2025-12-24 17:23:31.000000","request_id":"3d123047-b66d-442e-8aa1-724025d0587e","event":"debug","phase":"RESPONSE","message":"Final POI count","latency_ms":9,"data":{"total_in_route":0,"returned":0,"by_category":[]}}
{"timestamp":"2025-12-24 17:23:31.000000","request_id":"04699d13-3ffd-4994-b2b0-a880903eb78d","event":"request_start","endpoint":"/api/pois-for-route","method":"POST","ip_address":"127.0.0.1","user_id":null}
{"timestamp":"2025-12-24 17:23:31.000000","request_id":"04699d13-3ffd-4994-b2b0-a880903eb78d","event":"debug","phase":"VALIDATION","message":"Polyline received","latency_ms":1,"data":{"point_count":1041}}
{"timestamp":"2025-12-24 17:23:31.000000","request_id":"04699d13-3ffd-4994-b2b0-a880903eb78d","event":"debug","phase":"VALIDATION","message":"Input validated","latency_ms":1,"data":{"polyline_points":1041,"categories":["restaurant","hospital","temple","fuel"],"radius_km":20}}
{"timestamp":"2025-12-24 17:23:31.000000","request_id":"04699d13-3ffd-4994-b2b0-a880903eb78d","event":"debug","phase":"BBOX_QUERY","message":"Executing spatial query","latency_ms":2,"data":{"min_lat":18.88465481981982,"max_lat":28.79408918018018,"min_lng":72.69436381981981,"max_lng":77.52516718018019,"categories":["restaurant","hospital","temple","fuel"]}}
{"timestamp":"2025-12-24 17:23:31.000000","request_id":"04699d13-3ffd-4994-b2b0-a880903eb78d","event":"debug","phase":"BBOX_RESULT","message":"Bounding box query completed","latency_ms":4,"data":{"pois_in_bbox":0}}
{"timestamp":"2025-12-24 17:23:31.000000","request_id":"04699d13-3ffd-4994-b2b0-a880903eb78d","event":"debug","phase":"DISTANCE_FILTER","message":"Starting distance-to-route filtering","latency_ms":4,"data":{"all_pois_count":0,"buffer_meters":20000}}
{"timestamp":"2025-12-24 17:23:31.000000","request_id":"04699d13-3ffd-4994-b2b0-a880903eb78d","event":"debug","phase":"DISTANCE_FILTER","message":"Filtering complete","latency_ms":5,"data":{"filtered_pois_count":0}}
{"timestamp":"2025-12-24 17:23:31.000000","request_id":"04699d13-3ffd-4994-b2b0-a880903eb78d","event":"response_error","endpoint":"/api/pois-for-route","http_code":200,"error_code":"POI_ZERO_RESULTS","message":"No POIs found within criteria","latency_ms":6,"user_id":null,"details":null}
{"timestamp":"2025-12-24 17:23:31.000000","request_id":"04699d13-3ffd-4994-b2b0-a880903eb78d","event":"debug","phase":"RESPONSE","message":"Final POI count","latency_ms":8,"data":{"total_in_route":0,"returned":0,"by_category":[]}}
{"timestamp":"2025-12-24 17:23:32.000000","request_id":"85102595-6ef3-4c1d-a8b6-35d9705c383a","event":"request_start","endpoint":"/api/pois-for-route","method":"POST","ip_address":"127.0.0.1","user_id":null}
{"timestamp":"2025-12-24 17:23:32.000000","request_id":"85102595-6ef3-4c1d-a8b6-35d9705c383a","event":"debug","phase":"VALIDATION","message":"Polyline received","latency_ms":1,"data":{"point_count":1041}}
{"timestamp":"2025-12-24 17:23:32.000000","request_id":"85102595-6ef3-4c1d-a8b6-35d9705c383a","event":"debug","phase":"VALIDATION","message":"Input validated","latency_ms":1,"data":{"polyline_points":1041,"categories":["fuel"],"radius_km":5}}
{"timestamp":"2025-12-24 17:23:32.000000","request_id":"85102595-6ef3-4c1d-a8b6-35d9705c383a","event":"debug","phase":"BBOX_QUERY","message":"Executing spatial query","latency_ms":2,"data":{"min_lat":19.019789954954952,"max_lat":28.658954045045046,"min_lng":72.82949895495496,"max_lng":77.39003204504505,"categories":["fuel"]}}
{"timestamp":"2025-12-24 17:23:32.000000","request_id":"85102595-6ef3-4c1d-a8b6-35d9705c383a","event":"debug","phase":"BBOX_RESULT","message":"Bounding box query completed","latency_ms":3,"data":{"pois_in_bbox":0}}
{"timestamp":"2025-12-24 17:23:32.000000","request_id":"85102595-6ef3-4c1d-a8b6-35d9705c383a","event":"debug","phase":"DISTANCE_FILTER","message":"Starting distance-to-route filtering","latency_ms":3,"data":{"all_pois_count":0,"buffer_meters":5000}}
{"timestamp":"2025-12-24 17:23:32.000000","request_id":"85102595-6ef3-4c1d-a8b6-35d9705c383a","event":"debug","phase":"DISTANCE_FILTER","message":"Filtering complete","latency_ms":4,"data":{"filtered_pois_count":0}}
{"timestamp":"2025-12-24 17:23:32.000000","request_id":"85102595-6ef3-4c1d-a8b6-35d9705c383a","event":"response_error","endpoint":"/api/pois-for-route","http_code":200,"error_code":"POI_ZERO_RESULTS","message":"No POIs found within criteria","latency_ms":4,"user_id":null,"details":null}
{"timestamp":"2025-12-24 17:23:32.000000","request_id":"85102595-6ef3-4c1d-a8b6-35d9705c383a","event":"debug","phase":"RESPONSE","message":"Final POI count","latency_ms":4,"data":{"total_in_route":0,"returned":0,"by_category":[]}}
{"timestamp":"2025-12-24 17:23:32.000000","request_id":"8c1f0b74-3928-43b0-88af-20ee840d812b","event":"request_start","endpoint":"/api/pois-for-route","method":"POST","ip_address":"127.0.0.1","user_id":null}
{"timestamp":"2025-12-24 17:23:32.000000","request_id":"8c1f0b74-3928-43b0-88af-20ee840d812b","event":"debug","phase":"VALIDATION","message":"Polyline received","latency_ms":1,"data":{"point_count":1041}}
{"timestamp":"2025-12-24 17:23:32.000000","request_id":"8c1f0b74-3928-43b0-88af-20ee840d812b","event":"debug","phase":"VALIDATION","message":"Input validated","latency_ms":2,"data":{"polyline_points":1041,"categories":["restaurant","hospital","temple","fuel"],"radius_km":20}}
{"timestamp":"2025-12-24 17:23:32.000000","request_id":"8c1f0b74-3928-43b0-88af-20ee840d812b","event":"debug","phase":"BBOX_QUERY","message":"Executing spatial query","latency_ms":2,"data":{"min_lat":18.88465481981982,"max_lat":28.79408918018018,"min_lng":72.69436381981981,"max_lng":77.52516718018019,"categories":["restaurant","hospital","temple","fuel"]}}
{"timestamp":"2025-12-24 17:23:32.000000","request_id":"8c1f0b74-3928-43b0-88af-20ee840d812b","event":"debug","phase":"BBOX_RESULT","message":"Bounding box query completed","latency_ms":11,"data":{"pois_in_bbox":0}}
{"timestamp":"2025-12-24 17:23:32.000000","request_id":"8c1f0b74-3928-43b0-88af-20ee840d812b","event":"debug","phase":"DISTANCE_FILTER","message":"Starting distance-to-route filtering","latency_ms":11,"data":{"all_pois_count":0,"buffer_meters":20000}}
{"timestamp":"2025-12-24 17:23:32.000000","request_id":"8c1f0b74-3928-43b0-88af-20ee840d812b","event":"debug","phase":"DISTANCE_FILTER","message":"Filtering complete","latency_ms":12,"data":{"filtered_pois_count":0}}
{"timestamp":"2025-12-24 17:23:32.000000","request_id":"8c1f0b74-3928-43b0-88af-20ee840d812b","event":"response_error","endpoint":"/api/pois-for-route","http_code":200,"error_code":"POI_ZERO_RESULTS","message":"No POIs found within criteria","latency_ms":12,"user_id":null,"details":null}
{"timestamp":"2025-12-24 17:23:32.000000","request_id":"8c1f0b74-3928-43b0-88af-20ee840d812b","event":"debug","phase":"RESPONSE","message":"Final POI count","latency_ms":13,"data":{"total_in_route":0,"returned":0,"by_category":[]}}
{"timestamp":"2025-12-24 17:23:33.000000","request_id":"9ef899f6-3b8b-4ba0-81d5-3e92b58424ba","event":"request_start","endpoint":"/api/pois-for-route","method":"POST","ip_address":"127.0.0.1","user_id":null}
{"timestamp":"2025-12-24 17:23:33.000000","request_id":"9ef899f6-3b8b-4ba0-81d5-3e92b58424ba","event":"debug","phase":"VALIDATION","message":"Polyline received","latency_ms":2,"data":{"point_count":1041}}
{"timestamp":"2025-12-24 17:23:33.000000","request_id":"9ef899f6-3b8b-4ba0-81d5-3e92b58424ba","event":"debug","phase":"VALIDATION","message":"Input validated","latency_ms":3,"data":{"polyline_points":1041,"categories":["fuel"],"radius_km":5}}
{"timestamp":"2025-12-24 17:23:33.000000","request_id":"9ef899f6-3b8b-4ba0-81d5-3e92b58424ba","event":"debug","phase":"BBOX_QUERY","message":"Executing spatial query","latency_ms":4,"data":{"min_lat":19.019789954954952,"max_lat":28.658954045045046,"min_lng":72.82949895495496,"max_lng":77.39003204504505,"categories":["fuel"]}}
{"timestamp":"2025-12-24 17:23:33.000000","request_id":"9ef899f6-3b8b-4ba0-81d5-3e92b58424ba","event":"debug","phase":"BBOX_RESULT","message":"Bounding box query completed","latency_ms":7,"data":{"pois_in_bbox":0}}
{"timestamp":"2025-12-24 17:23:33.000000","request_id":"9ef899f6-3b8b-4ba0-81d5-3e92b58424ba","event":"debug","phase":"DISTANCE_FILTER","message":"Starting distance-to-route filtering","latency_ms":7,"data":{"all_pois_count":0,"buffer_meters":5000}}
{"timestamp":"2025-12-24 17:23:33.000000","request_id":"9ef899f6-3b8b-4ba0-81d5-3e92b58424ba","event":"debug","phase":"DISTANCE_FILTER","message":"Filtering complete","latency_ms":8,"data":{"filtered_pois_count":0}}
{"timestamp":"2025-12-24 17:23:33.000000","request_id":"9ef899f6-3b8b-4ba0-81d5-3e92b58424ba","event":"response_error","endpoint":"/api/pois-for-route","http_code":200,"error_code":"POI_ZERO_RESULTS","message":"No POIs found within criteria","latency_ms":8,"user_id":null,"details":null}
{"timestamp":"2025-12-24 17:23:33.000000","request_id":"9ef899f6-3b8b-4ba0-81d5-3e92b58424ba","event":"debug","phase":"RESPONSE","message":"Final POI count","latency_ms":9,"data":{"total_in_route":0,"returned":0,"by_category":[]}}
{"timestamp":"2025-12-24 17:23:33.000000","request_id":"7db07042-57f0-47e8-8bae-9bea94a5297e","event":"request_start","endpoint":"/api/pois-for-route","method":"POST","ip_address":"127.0.0.1","user_id":null}
{"timestamp":"2025-12-24 17:23:33.000000","request_id":"7db07042-57f0-47e8-8bae-9bea94a5297e","event":"debug","phase":"VALIDATION","message":"Polyline received","latency_ms":1,"data":{"point_count":1041}}
{"timestamp":"2025-12-24 17:23:33.000000","request_id":"7db07042-57f0-47e8-8bae-9bea94a5297e","event":"debug","phase":"VALIDATION","message":"Input validated","latency_ms":2,"data":{"polyline_points":1041,"categories":["restaurant","hospital","temple","fuel"],"radius_km":20}}
{"timestamp":"2025-12-24 17:23:33.000000","request_id":"7db07042-57f0-47e8-8bae-9bea94a5297e","event":"debug","phase":"BBOX_QUERY","message":"Executing spatial query","latency_ms":3,"data":{"min_lat":18.88465481981982,"max_lat":28.79408918018018,"min_lng":72.69436381981981,"max_lng":77.52516718018019,"categories":["restaurant","hospital","temple","fuel"]}}
{"timestamp":"2025-12-24 17:23:33.000000","request_id":"7db07042-57f0-47e8-8bae-9bea94a5297e","event":"debug","phase":"BBOX_RESULT","message":"Bounding box query completed","latency_ms":4,"data":{"pois_in_bbox":0}}
{"timestamp":"2025-12-24 17:23:33.000000","request_id":"7db07042-57f0-47e8-8bae-9bea94a5297e","event":"debug","phase":"DISTANCE_FILTER","message":"Starting distance-to-route filtering","latency_ms":4,"data":{"all_pois_count":0,"buffer_meters":20000}}
{"timestamp":"2025-12-24 17:23:33.000000","request_id":"7db07042-57f0-47e8-8bae-9bea94a5297e","event":"debug","phase":"DISTANCE_FILTER","message":"Filtering complete","latency_ms":5,"data":{"filtered_pois_count":0}}
{"timestamp":"2025-12-24 17:23:33.000000","request_id":"7db07042-57f0-47e8-8bae-9bea94a5297e","event":"response_error","endpoint":"/api/pois-for-route","http_code":200,"error_code":"POI_ZERO_RESULTS","message":"No POIs found within criteria","latency_ms":6,"user_id":null,"details":null}
{"timestamp":"2025-12-24 17:23:33.000000","request_id":"7db07042-57f0-47e8-8bae-9bea94a5297e","event":"debug","phase":"RESPONSE","message":"Final POI count","latency_ms":6,"data":{"total_in_route":0,"returned":0,"by_category":[]}}
{"timestamp":"2025-12-24 17:46:02.000000","request_id":"ebd4d0ab-bd5b-4471-a46d-1a3d3318c67a","event":"request_start","endpoint":"/api/pois-for-route","method":"POST","ip_address":"127.0.0.1","user_id":null}
{"timestamp":"2025-12-24 17:46:02.000000","request_id":"ebd4d0ab-bd5b-4471-a46d-1a3d3318c67a","event":"debug","phase":"VALIDATION","message":"Polyline received","latency_ms":3,"data":{"point_count":1041}}
{"timestamp":"2025-12-24 17:46:02.000000","request_id":"ebd4d0ab-bd5b-4471-a46d-1a3d3318c67a","event":"debug","phase":"VALIDATION","message":"Input validated","latency_ms":4,"data":{"polyline_points":1041,"categories":["temple","fuel","charger","toll","restaurant","hospital"],"radius_km":3}}
{"timestamp":"2025-12-24 17:46:02.000000","request_id":"ebd4d0ab-bd5b-4471-a46d-1a3d3318c67a","event":"debug","phase":"BBOX_QUERY","message":"Executing spatial query","latency_ms":7,"data":{"min_lat":19.03780797297297,"max_lat":28.640936027027028,"min_lng":72.84751697297297,"max_lng":77.37201402702703,"categories":["temple","fuel","charger","toll","restaurant","hospital"]}}
{"timestamp":"2025-12-24 17:46:02.000000","request_id":"ebd4d0ab-bd5b-4471-a46d-1a3d3318c67a","event":"debug","phase":"BBOX_RESULT","message":"Bounding box query completed","latency_ms":19,"data":{"pois_in_bbox":0}}
{"timestamp":"2025-12-24 17:46:02.000000","request_id":"ebd4d0ab-bd5b-4471-a46d-1a3d3318c67a","event":"debug","phase":"DISTANCE_FILTER","message":"Starting distance-to-route filtering","latency_ms":20,"data":{"all_pois_count":0,"buffer_meters":3000}}
{"timestamp":"2025-12-24 17:46:02.000000","request_id":"ebd4d0ab-bd5b-4471-a46d-1a3d3318c67a","event":"debug","phase":"DISTANCE_FILTER","message":"Filtering complete","latency_ms":20,"data":{"filtered_pois_count":0}}
{"timestamp":"2025-12-24 17:46:02.000000","request_id":"ebd4d0ab-bd5b-4471-a46d-1a3d3318c67a","event":"response_error","endpoint":"/api/pois-for-route","http_code":200,"error_code":"POI_ZERO_RESULTS","message":"No POIs found within criteria","latency_ms":21,"user_id":null,"details":null}
{"timestamp":"2025-12-24 17:46:02.000000","request_id":"ebd4d0ab-bd5b-4471-a46d-1a3d3318c67a","event":"debug","phase":"RESPONSE","message":"Final POI count","latency_ms":22,"data":{"total_in_route":0,"returned":0,"by_category":[]}}
{"timestamp":"2025-12-24 17:46:15.000000","request_id":"c7679336-d2cb-446f-a7f8-d98d108809e0","event":"request_start","endpoint":"/api/pois-for-route","method":"POST","ip_address":"127.0.0.1","user_id":null}
{"timestamp":"2025-12-24 17:46:15.000000","request_id":"c7679336-d2cb-446f-a7f8-d98d108809e0","event":"debug","phase":"VALIDATION","message":"Polyline received","latency_ms":1,"data":{"point_count":1041}}
{"timestamp":"2025-12-24 17:46:15.000000","request_id":"c7679336-d2cb-446f-a7f8-d98d108809e0","event":"debug","phase":"VALIDATION","message":"Input validated","latency_ms":3,"data":{"polyline_points":1041,"categories":["fuel"],"radius_km":5}}
{"timestamp":"2025-12-24 17:46:15.000000","request_id":"c7679336-d2cb-446f-a7f8-d98d108809e0","event":"debug","phase":"BBOX_QUERY","message":"Executing spatial query","latency_ms":5,"data":{"min_lat":19.019789954954952,"max_lat":28.658954045045046,"min_lng":72.82949895495496,"max_lng":77.39003204504505,"categories":["fuel"]}}
{"timestamp":"2025-12-24 17:46:15.000000","request_id":"c7679336-d2cb-446f-a7f8-d98d108809e0","event":"debug","phase":"BBOX_RESULT","message":"Bounding box query completed","latency_ms":7,"data":{"pois_in_bbox":0}}
{"timestamp":"2025-12-24 17:46:15.000000","request_id":"c7679336-d2cb-446f-a7f8-d98d108809e0","event":"debug","phase":"DISTANCE_FILTER","message":"Starting distance-to-route filtering","latency_ms":8,"data":{"all_pois_count":0,"buffer_meters":5000}}
{"timestamp":"2025-12-24 17:46:15.000000","request_id":"c7679336-d2cb-446f-a7f8-d98d108809e0","event":"debug","phase":"DISTANCE_FILTER","message":"Filtering complete","latency_ms":8,"data":{"filtered_pois_count":0}}
{"timestamp":"2025-12-24 17:46:15.000000","request_id":"c7679336-d2cb-446f-a7f8-d98d108809e0","event":"response_error","endpoint":"/api/pois-for-route","http_code":200,"error_code":"POI_ZERO_RESULTS","message":"No POIs found within criteria","latency_ms":9,"user_id":null,"details":null}
{"timestamp":"2025-12-24 17:46:15.000000","request_id":"c7679336-d2cb-446f-a7f8-d98d108809e0","event":"debug","phase":"RESPONSE","message":"Final POI count","latency_ms":9,"data":{"total_in_route":0,"returned":0,"by_category":[]}}
{"timestamp":"2025-12-24 17:46:15.000000","request_id":"472b76ea-bb6b-422b-8c4f-5b42acde34d1","event":"request_start","endpoint":"/api/pois-for-route","method":"POST","ip_address":"127.0.0.1","user_id":null}
{"timestamp":"2025-12-24 17:46:15.000000","request_id":"472b76ea-bb6b-422b-8c4f-5b42acde34d1","event":"debug","phase":"VALIDATION","message":"Polyline received","latency_ms":1,"data":{"point_count":1041}}
{"timestamp":"2025-12-24 17:46:15.000000","request_id":"472b76ea-bb6b-422b-8c4f-5b42acde34d1","event":"debug","phase":"VALIDATION","message":"Input validated","latency_ms":1,"data":{"polyline_points":1041,"categories":["restaurant","hospital","temple","fuel"],"radius_km":20}}
{"timestamp":"2025-12-24 17:46:15.000000","request_id":"472b76ea-bb6b-422b-8c4f-5b42acde34d1","event":"debug","phase":"BBOX_QUERY","message":"Executing spatial query","latency_ms":1,"data":{"min_lat":18.88465481981982,"max_lat":28.79408918018018,"min_lng":72.69436381981981,"max_lng":77.52516718018019,"categories":["restaurant","hospital","temple","fuel"]}}
{"timestamp":"2025-12-24 17:46:15.000000","request_id":"472b76ea-bb6b-422b-8c4f-5b42acde34d1","event":"debug","phase":"BBOX_RESULT","message":"Bounding box query completed","latency_ms":4,"data":{"pois_in_bbox":0}}
{"timestamp":"2025-12-24 17:46:15.000000","request_id":"472b76ea-bb6b-422b-8c4f-5b42acde34d1","event":"debug","phase":"DISTANCE_FILTER","message":"Starting distance-to-route filtering","latency_ms":5,"data":{"all_pois_count":0,"buffer_meters":20000}}
{"timestamp":"2025-12-24 17:46:15.000000","request_id":"472b76ea-bb6b-422b-8c4f-5b42acde34d1","event":"debug","phase":"DISTANCE_FILTER","message":"Filtering complete","latency_ms":6,"data":{"filtered_pois_count":0}}
{"timestamp":"2025-12-24 17:46:15.000000","request_id":"472b76ea-bb6b-422b-8c4f-5b42acde34d1","event":"response_error","endpoint":"/api/pois-for-route","http_code":200,"error_code":"POI_ZERO_RESULTS","message":"No POIs found within criteria","latency_ms":7,"user_id":null,"details":null}
{"timestamp":"2025-12-24 17:46:15.000000","request_id":"472b76ea-bb6b-422b-8c4f-5b42acde34d1","event":"debug","phase":"RESPONSE","message":"Final POI count","latency_ms":8,"data":{"total_in_route":0,"returned":0,"by_category":[]}}
{"timestamp":"2025-12-24 17:46:23.000000","request_id":"89a9ad1d-1740-42c1-bfb7-0aa35e94095d","event":"request_start","endpoint":"/api/pois-for-route","method":"POST","ip_address":"127.0.0.1","user_id":null}
{"timestamp":"2025-12-24 17:46:23.000000","request_id":"89a9ad1d-1740-42c1-bfb7-0aa35e94095d","event":"debug","phase":"VALIDATION","message":"Polyline received","latency_ms":1,"data":{"point_count":1041}}
{"timestamp":"2025-12-24 17:46:23.000000","request_id":"89a9ad1d-1740-42c1-bfb7-0aa35e94095d","event":"debug","phase":"VALIDATION","message":"Input validated","latency_ms":2,"data":{"polyline_points":1041,"categories":["cng"],"radius_km":5}}
{"timestamp":"2025-12-24 17:46:23.000000","request_id":"89a9ad1d-1740-42c1-bfb7-0aa35e94095d","event":"debug","phase":"BBOX_QUERY","message":"Executing spatial query","latency_ms":3,"data":{"min_lat":19.019789954954952,"max_lat":28.658954045045046,"min_lng":72.82949895495496,"max_lng":77.39003204504505,"categories":["cng"]}}
{"timestamp":"2025-12-24 17:46:23.000000","request_id":"89a9ad1d-1740-42c1-bfb7-0aa35e94095d","event":"debug","phase":"BBOX_RESULT","message":"Bounding box query completed","latency_ms":4,"data":{"pois_in_bbox":0}}
{"timestamp":"2025-12-24 17:46:23.000000","request_id":"89a9ad1d-1740-42c1-bfb7-0aa35e94095d","event":"debug","phase":"DISTANCE_FILTER","message":"Starting distance-to-route filtering","latency_ms":5,"data":{"all_pois_count":0,"buffer_meters":5000}}
{"timestamp":"2025-12-24 17:46:23.000000","request_id":"89a9ad1d-1740-42c1-bfb7-0aa35e94095d","event":"debug","phase":"DISTANCE_FILTER","message":"Filtering complete","latency_ms":6,"data":{"filtered_pois_count":0}}
{"timestamp":"2025-12-24 17:46:23.000000","request_id":"89a9ad1d-1740-42c1-bfb7-0aa35e94095d","event":"response_error","endpoint":"/api/pois-for-route","http_code":200,"error_code":"POI_ZERO_RESULTS","message":"No POIs found within criteria","latency_ms":8,"user_id":null,"details":null}
{"timestamp":"2025-12-24 17:46:23.000000","request_id":"89a9ad1d-1740-42c1-bfb7-0aa35e94095d","event":"debug","phase":"RESPONSE","message":"Final POI count","latency_ms":8,"data":{"total_in_route":0,"returned":0,"by_category":[]}}
{"timestamp":"2025-12-24 17:46:23.000000","request_id":"0e9ee4dc-6581-4de0-80bd-a1efd5da0391","event":"request_start","endpoint":"/api/pois-for-route","method":"POST","ip_address":"127.0.0.1","user_id":null}
{"timestamp":"2025-12-24 17:46:23.000000","request_id":"0e9ee4dc-6581-4de0-80bd-a1efd5da0391","event":"debug","phase":"VALIDATION","message":"Polyline received","latency_ms":1,"data":{"point_count":1041}}
{"timestamp":"2025-12-24 17:46:23.000000","request_id":"0e9ee4dc-6581-4de0-80bd-a1efd5da0391","event":"debug","phase":"VALIDATION","message":"Input validated","latency_ms":1,"data":{"polyline_points":1041,"categories":["restaurant","hospital","temple","cng"],"radius_km":20}}
{"timestamp":"2025-12-24 17:46:23.000000","request_id":"0e9ee4dc-6581-4de0-80bd-a1efd5da0391","event":"debug","phase":"BBOX_QUERY","message":"Executing spatial query","latency_ms":2,"data":{"min_lat":18.88465481981982,"max_lat":28.79408918018018,"min_lng":72.69436381981981,"max_lng":77.52516718018019,"categories":["restaurant","hospital","temple","cng"]}}
{"timestamp":"2025-12-24 17:46:23.000000","request_id":"0e9ee4dc-6581-4de0-80bd-a1efd5da0391","event":"debug","phase":"BBOX_RESULT","message":"Bounding box query completed","latency_ms":3,"data":{"pois_in_bbox":0}}
{"timestamp":"2025-12-24 17:46:23.000000","request_id":"0e9ee4dc-6581-4de0-80bd-a1efd5da0391","event":"debug","phase":"DISTANCE_FILTER","message":"Starting distance-to-route filtering","latency_ms":3,"data":{"all_pois_count":0,"buffer_meters":20000}}
{"timestamp":"2025-12-24 17:46:23.000000","request_id":"0e9ee4dc-6581-4de0-80bd-a1efd5da0391","event":"debug","phase":"DISTANCE_FILTER","message":"Filtering complete","latency_ms":3,"data":{"filtered_pois_count":0}}
{"timestamp":"2025-12-24 17:46:23.000000","request_id":"0e9ee4dc-6581-4de0-80bd-a1efd5da0391","event":"response_error","endpoint":"/api/pois-for-route","http_code":200,"error_code":"POI_ZERO_RESULTS","message":"No POIs found within criteria","latency_ms":4,"user_id":null,"details":null}
{"timestamp":"2025-12-24 17:46:23.000000","request_id":"0e9ee4dc-6581-4de0-80bd-a1efd5da0391","event":"debug","phase":"RESPONSE","message":"Final POI count","latency_ms":4,"data":{"total_in_route":0,"returned":0,"by_category":[]}}
{"timestamp":"2025-12-24 17:46:24.000000","request_id":"d9d55c53-237a-4860-80c9-2328adfd91a8","event":"request_start","endpoint":"/api/pois-for-route","method":"POST","ip_address":"127.0.0.1","user_id":null}
{"timestamp":"2025-12-24 17:46:24.000000","request_id":"d9d55c53-237a-4860-80c9-2328adfd91a8","event":"debug","phase":"VALIDATION","message":"Polyline received","latency_ms":1,"data":{"point_count":1041}}
{"timestamp":"2025-12-24 17:46:24.000000","request_id":"d9d55c53-237a-4860-80c9-2328adfd91a8","event":"debug","phase":"VALIDATION","message":"Input validated","latency_ms":2,"data":{"polyline_points":1041,"categories":["cng"],"radius_km":5}}
{"timestamp":"2025-12-24 17:46:24.000000","request_id":"d9d55c53-237a-4860-80c9-2328adfd91a8","event":"debug","phase":"BBOX_QUERY","message":"Executing spatial query","latency_ms":3,"data":{"min_lat":19.019789954954952,"max_lat":28.658954045045046,"min_lng":72.82949895495496,"max_lng":77.39003204504505,"categories":["cng"]}}
{"timestamp":"2025-12-24 17:46:24.000000","request_id":"d9d55c53-237a-4860-80c9-2328adfd91a8","event":"debug","phase":"BBOX_RESULT","message":"Bounding box query completed","latency_ms":4,"data":{"pois_in_bbox":0}}
{"timestamp":"2025-12-24 17:46:24.000000","request_id":"d9d55c53-237a-4860-80c9-2328adfd91a8","event":"debug","phase":"DISTANCE_FILTER","message":"Starting distance-to-route filtering","latency_ms":5,"data":{"all_pois_count":0,"buffer_meters":5000}}
{"timestamp":"2025-12-24 17:46:24.000000","request_id":"d9d55c53-237a-4860-80c9-2328adfd91a8","event":"debug","phase":"DISTANCE_FILTER","message":"Filtering complete","latency_ms":5,"data":{"filtered_pois_count":0}}
{"timestamp":"2025-12-24 17:46:24.000000","request_id":"d9d55c53-237a-4860-80c9-2328adfd91a8","event":"response_error","endpoint":"/api/pois-for-route","http_code":200,"error_code":"POI_ZERO_RESULTS","message":"No POIs found within criteria","latency_ms":6,"user_id":null,"details":null}
{"timestamp":"2025-12-24 17:46:24.000000","request_id":"d9d55c53-237a-4860-80c9-2328adfd91a8","event":"debug","phase":"RESPONSE","message":"Final POI count","latency_ms":7,"data":{"total_in_route":0,"returned":0,"by_category":[]}}
{"timestamp":"2025-12-24 17:46:24.000000","request_id":"d5f0d9e9-3a5b-4ff2-9d5b-fcd11e6e5287","event":"request_start","endpoint":"/api/pois-for-route","method":"POST","ip_address":"127.0.0.1","user_id":null}
{"timestamp":"2025-12-24 17:46:24.000000","request_id":"d5f0d9e9-3a5b-4ff2-9d5b-fcd11e6e5287","event":"debug","phase":"VALIDATION","message":"Polyline received","latency_ms":1,"data":{"point_count":1041}}
{"timestamp":"2025-12-24 17:46:24.000000","request_id":"d5f0d9e9-3a5b-4ff2-9d5b-fcd11e6e5287","event":"debug","phase":"VALIDATION","message":"Input validated","latency_ms":2,"data":{"polyline_points":1041,"categories":["restaurant","hospital","temple","cng"],"radius_km":20}}
{"timestamp":"2025-12-24 17:46:24.000000","request_id":"d5f0d9e9-3a5b-4ff2-9d5b-fcd11e6e5287","event":"debug","phase":"BBOX_QUERY","message":"Executing spatial query","latency_ms":3,"data":{"min_lat":18.88465481981982,"max_lat":28.79408918018018,"min_lng":72.69436381981981,"max_lng":77.52516718018019,"categories":["restaurant","hospital","temple","cng"]}}
{"timestamp":"2025-12-24 17:46:24.000000","request_id":"d5f0d9e9-3a5b-4ff2-9d5b-fcd11e6e5287","event":"debug","phase":"BBOX_RESULT","message":"Bounding box query completed","latency_ms":5,"data":{"pois_in_bbox":0}}
{"timestamp":"2025-12-24 17:46:24.000000","request_id":"d5f0d9e9-3a5b-4ff2-9d5b-fcd11e6e5287","event":"debug","phase":"DISTANCE_FILTER","message":"Starting distance-to-route filtering","latency_ms":6,"data":{"all_pois_count":0,"buffer_meters":20000}}
{"timestamp":"2025-12-24 17:46:24.000000","request_id":"d5f0d9e9-3a5b-4ff2-9d5b-fcd11e6e5287","event":"debug","phase":"DISTANCE_FILTER","message":"Filtering complete","latency_ms":6,"data":{"filtered_pois_count":0}}
{"timestamp":"2025-12-24 17:46:24.000000","request_id":"d5f0d9e9-3a5b-4ff2-9d5b-fcd11e6e5287","event":"response_error","endpoint":"/api/pois-for-route","http_code":200,"error_code":"POI_ZERO_RESULTS","message":"No POIs found within criteria","latency_ms":7,"user_id":null,"details":null}
{"timestamp":"2025-12-24 17:46:24.000000","request_id":"d5f0d9e9-3a5b-4ff2-9d5b-fcd11e6e5287","event":"debug","phase":"RESPONSE","message":"Final POI count","latency_ms":8,"data":{"total_in_route":0,"returned":0,"by_category":[]}}
{"timestamp":"2025-12-24 17:46:25.000000","request_id":"2c6e78b6-15ed-492b-b2a7-11a7b0f1b7a7","event":"request_start","endpoint":"/api/pois-for-route","method":"POST","ip_address":"127.0.0.1","user_id":null}
{"timestamp":"2025-12-24 17:46:25.000000","request_id":"2c6e78b6-15ed-492b-b2a7-11a7b0f1b7a7","event":"debug","phase":"VALIDATION","message":"Polyline received","latency_ms":1,"data":{"point_count":1041}}
{"timestamp":"2025-12-24 17:46:25.000000","request_id":"2c6e78b6-15ed-492b-b2a7-11a7b0f1b7a7","event":"debug","phase":"VALIDATION","message":"Input validated","latency_ms":2,"data":{"polyline_points":1041,"categories":["cng"],"radius_km":5}}
{"timestamp":"2025-12-24 17:46:25.000000","request_id":"2c6e78b6-15ed-492b-b2a7-11a7b0f1b7a7","event":"debug","phase":"BBOX_QUERY","message":"Executing spatial query","latency_ms":2,"data":{"min_lat":19.019789954954952,"max_lat":28.658954045045046,"min_lng":72.82949895495496,"max_lng":77.39003204504505,"categories":["cng"]}}
{"timestamp":"2025-12-24 17:46:25.000000","request_id":"2c6e78b6-15ed-492b-b2a7-11a7b0f1b7a7","event":"debug","phase":"BBOX_RESULT","message":"Bounding box query completed","latency_ms":3,"data":{"pois_in_bbox":0}}
{"timestamp":"2025-12-24 17:46:25.000000","request_id":"2c6e78b6-15ed-492b-b2a7-11a7b0f1b7a7","event":"debug","phase":"DISTANCE_FILTER","message":"Starting distance-to-route filtering","latency_ms":3,"data":{"all_pois_count":0,"buffer_meters":5000}}
{"timestamp":"2025-12-24 17:46:25.000000","request_id":"2c6e78b6-15ed-492b-b2a7-11a7b0f1b7a7","event":"debug","phase":"DISTANCE_FILTER","message":"Filtering complete","latency_ms":3,"data":{"filtered_pois_count":0}}
{"timestamp":"2025-12-24 17:46:25.000000","request_id":"2c6e78b6-15ed-492b-b2a7-11a7b0f1b7a7","event":"response_error","endpoint":"/api/pois-for-route","http_code":200,"error_code":"POI_ZERO_RESULTS","message":"No POIs found within criteria","latency_ms":4,"user_id":null,"details":null}
{"timestamp":"2025-12-24 17:46:25.000000","request_id":"2c6e78b6-15ed-492b-b2a7-11a7b0f1b7a7","event":"debug","phase":"RESPONSE","message":"Final POI count","latency_ms":4,"data":{"total_in_route":0,"returned":0,"by_category":[]}}
{"timestamp":"2025-12-24 17:46:25.000000","request_id":"02813064-cd3f-455b-9b03-cd4d3e103655","event":"request_start","endpoint":"/api/pois-for-route","method":"POST","ip_address":"127.0.0.1","user_id":null}
{"timestamp":"2025-12-24 17:46:25.000000","request_id":"02813064-cd3f-455b-9b03-cd4d3e103655","event":"debug","phase":"VALIDATION","message":"Polyline received","latency_ms":1,"data":{"point_count":1041}}
{"timestamp":"2025-12-24 17:46:25.000000","request_id":"02813064-cd3f-455b-9b03-cd4d3e103655","event":"debug","phase":"VALIDATION","message":"Input validated","latency_ms":1,"data":{"polyline_points":1041,"categories":["restaurant","hospital","temple","cng"],"radius_km":20}}
{"timestamp":"2025-12-24 17:46:25.000000","request_id":"02813064-cd3f-455b-9b03-cd4d3e103655","event":"debug","phase":"BBOX_QUERY","message":"Executing spatial query","latency_ms":2,"data":{"min_lat":18.88465481981982,"max_lat":28.79408918018018,"min_lng":72.69436381981981,"max_lng":77.52516718018019,"categories":["restaurant","hospital","temple","cng"]}}
{"timestamp":"2025-12-24 17:46:25.000000","request_id":"02813064-cd3f-455b-9b03-cd4d3e103655","event":"debug","phase":"BBOX_RESULT","message":"Bounding box query completed","latency_ms":5,"data":{"pois_in_bbox":0}}
{"timestamp":"2025-12-24 17:46:25.000000","request_id":"02813064-cd3f-455b-9b03-cd4d3e103655","event":"debug","phase":"DISTANCE_FILTER","message":"Starting distance-to-route filtering","latency_ms":5,"data":{"all_pois_count":0,"buffer_meters":20000}}
{"timestamp":"2025-12-24 17:46:25.000000","request_id":"02813064-cd3f-455b-9b03-cd4d3e103655","event":"debug","phase":"DISTANCE_FILTER","message":"Filtering complete","latency_ms":5,"data":{"filtered_pois_count":0}}
{"timestamp":"2025-12-24 17:46:25.000000","request_id":"02813064-cd3f-455b-9b03-cd4d3e103655","event":"response_error","endpoint":"/api/pois-for-route","http_code":200,"error_code":"POI_ZERO_RESULTS","message":"No POIs found within criteria","latency_ms":6,"user_id":null,"details":null}
{"timestamp":"2025-12-24 17:46:25.000000","request_id":"02813064-cd3f-455b-9b03-cd4d3e103655","event":"debug","phase":"RESPONSE","message":"Final POI count","latency_ms":7,"data":{"total_in_route":0,"returned":0,"by_category":[]}}
{"timestamp":"2025-12-24 17:46:26.000000","request_id":"36a520e9-133a-4688-8b30-7e37e38ad85c","event":"request_start","endpoint":"/api/trips","method":"POST","ip_address":"127.0.0.1","user_id":null}
{"timestamp":"2025-12-24 17:46:26.000000","request_id":"36a520e9-133a-4688-8b30-7e37e38ad85c","event":"response_error","endpoint":"/api/trips","http_code":400,"error_code":"INVALID_SIGNATURE","message":"Missing signed journey data","latency_ms":0,"user_id":null,"details":null}
{"timestamp":"2025-12-24 17:46:30.000000","request_id":"8d05db7c-4da0-4c19-b05b-96e7bf0f355b","event":"request_start","endpoint":"/api/trips","method":"POST","ip_address":"127.0.0.1","user_id":null}
{"timestamp":"2025-12-24 17:46:30.000000","request_id":"8d05db7c-4da0-4c19-b05b-96e7bf0f355b","event":"response_error","endpoint":"/api/trips","http_code":400,"error_code":"INVALID_SIGNATURE","message":"Missing signed journey data","latency_ms":13,"user_id":null,"details":null}
{"timestamp":"2025-12-24 17:49:32.000000","request_id":"14c69191-a574-4626-843a-c5ed50fe7f92","event":"request_start","endpoint":"/api/trips","method":"POST","ip_address":"127.0.0.1","user_id":null}
{"timestamp":"2025-12-24 17:49:32.000000","request_id":"14c69191-a574-4626-843a-c5ed50fe7f92","event":"debug","phase":"SECURITY","message":"Signature verified","latency_ms":11,"data":[]}
{"timestamp":"2025-12-24 17:49:32.000000","request_id":"14c69191-a574-4626-843a-c5ed50fe7f92","event":"debug","phase":"TRIP_SAVE","message":"Prepared trip data","latency_ms":27,"data":{"source":"Delhi","destination":"Agra","mode":"car","distance_km":202.13,"stops_count":0}}
{"timestamp":"2025-12-24 17:49:32.000000","request_id":"9d91279b-1210-41f9-90ff-367b29eeece4","event":"request_start","endpoint":"/api/trips","method":"POST","ip_address":"127.0.0.1","user_id":null}
{"timestamp":"2025-12-24 17:49:32.000000","request_id":"9d91279b-1210-41f9-90ff-367b29eeece4","event":"response_error","endpoint":"/api/trips","http_code":403,"error_code":"INVALID_SIGNATURE","message":"Journey signature verification failed","latency_ms":15,"user_id":null,"details":null}
{"timestamp":"2025-12-24 17:49:32.000000","request_id":"ea3ad314-30d5-409e-a566-155fb02920a1","event":"request_start","endpoint":"/api/trips","method":"POST","ip_address":"127.0.0.1","user_id":null}
{"timestamp":"2025-12-24 17:49:32.000000","request_id":"ea3ad314-30d5-409e-a566-155fb02920a1","event":"response_error","endpoint":"/api/trips","http_code":403,"error_code":"INVALID_SIGNATURE","message":"Journey signature verification failed","latency_ms":14,"user_id":null,"details":null}
{"timestamp":"2025-12-24 17:49:32.000000","request_id":"14846426-d3f9-45e3-9810-3b0e269be67c","event":"request_start","endpoint":"/api/trips","method":"POST","ip_address":"127.0.0.1","user_id":null}
{"timestamp":"2025-12-24 17:49:32.000000","request_id":"14846426-d3f9-45e3-9810-3b0e269be67c","event":"response_error","endpoint":"/api/trips","http_code":400,"error_code":"INVALID_SIGNATURE","message":"Missing signed journey data","latency_ms":4,"user_id":null,"details":null}
{"timestamp":"2025-12-24 17:50:00.000000","request_id":"610bedeb-b520-4690-8de6-dd84a7487ebb","event":"request_start","endpoint":"/api/trips","method":"POST","ip_address":"127.0.0.1","user_id":null}
{"timestamp":"2025-12-24 17:50:00.000000","request_id":"610bedeb-b520-4690-8de6-dd84a7487ebb","event":"debug","phase":"SECURITY","message":"Signature verified","latency_ms":17,"data":[]}
{"timestamp":"2025-12-24 17:50:00.000000","request_id":"610bedeb-b520-4690-8de6-dd84a7487ebb","event":"debug","phase":"TRIP_SAVE","message":"Prepared trip data","latency_ms":25,"data":{"source":"Delhi","destination":"Agra","mode":"car","distance_km":202.13,"stops_count":0}}
{"timestamp":"2025-12-24 17:50:00.000000","request_id":"9f19508a-d0f6-46c7-ac07-fe32a16d292b","event":"request_start","endpoint":"/api/trips","method":"POST","ip_address":"127.0.0.1","user_id":null}
{"timestamp":"2025-12-24 17:50:00.000000","request_id":"9f19508a-d0f6-46c7-ac07-fe32a16d292b","event":"response_error","endpoint":"/api/trips","http_code":403,"error_code":"INVALID_SIGNATURE","message":"Journey signature verification failed","latency_ms":13,"user_id":null,"details":null}
{"timestamp":"2025-12-24 17:50:00.000000","request_id":"5e2c98b1-b0c4-4258-8f9c-5ae30c83653a","event":"request_start","endpoint":"/api/trips","method":"POST","ip_address":"127.0.0.1","user_id":null}
{"timestamp":"2025-12-24 17:50:00.000000","request_id":"5e2c98b1-b0c4-4258-8f9c-5ae30c83653a","event":"response_error","endpoint":"/api/trips","http_code":403,"error_code":"INVALID_SIGNATURE","message":"Journey signature verification failed","latency_ms":18,"user_id":null,"details":null}
{"timestamp":"2025-12-24 17:50:01.000000","request_id":"109c490c-02f2-4d54-8118-d0166427005d","event":"request_start","endpoint":"/api/trips","method":"POST","ip_address":"127.0.0.1","user_id":null}
{"timestamp":"2025-12-24 17:50:01.000000","request_id":"109c490c-02f2-4d54-8118-d0166427005d","event":"response_error","endpoint":"/api/trips","http_code":400,"error_code":"INVALID_SIGNATURE","message":"Missing signed journey data","latency_ms":4,"user_id":null,"details":null}
{"timestamp":"2025-12-24 17:50:23.000000","request_id":"574e2b53-fe7b-46cf-8d72-d984aa433ab2","event":"request_start","endpoint":"/api/trips","method":"POST","ip_address":"127.0.0.1","user_id":null}
{"timestamp":"2025-12-24 17:50:23.000000","request_id":"574e2b53-fe7b-46cf-8d72-d984aa433ab2","event":"debug","phase":"SECURITY","message":"Signature verified","latency_ms":12,"data":[]}
{"timestamp":"2025-12-24 17:50:23.000000","request_id":"574e2b53-fe7b-46cf-8d72-d984aa433ab2","event":"debug","phase":"TRIP_SAVE","message":"Prepared trip data","latency_ms":22,"data":{"source":"Delhi","destination":"Agra","mode":"car","distance_km":202.13,"stops_count":0}}
{"timestamp":"2025-12-24 17:50:23.000000","request_id":"574e2b53-fe7b-46cf-8d72-d984aa433ab2","event":"response_error","endpoint":"/api/trips","http_code":409,"error_code":"DUPLICATE_ENTRY","message":"Trip already exists","latency_ms":25,"user_id":null,"details":null}
{"timestamp":"2025-12-24 17:50:23.000000","request_id":"ed67c386-7003-4fae-a90f-0fbe2a917c8d","event":"request_start","endpoint":"/api/trips","method":"POST","ip_address":"127.0.0.1","user_id":null}
{"timestamp":"2025-12-24 17:50:23.000000","request_id":"ed67c386-7003-4fae-a90f-0fbe2a917c8d","event":"response_error","endpoint":"/api/trips","http_code":403,"error_code":"INVALID_SIGNATURE","message":"Journey signature verification failed","latency_ms":16,"user_id":null,"details":null}
{"timestamp":"2025-12-24 17:50:23.000000","request_id":"4b987c88-f3e4-42c5-a8d3-a8de86898a38","event":"request_start","endpoint":"/api/trips","method":"POST","ip_address":"127.0.0.1","user_id":null}
{"timestamp":"2025-12-24 17:50:24.000000","request_id":"4b987c88-f3e4-42c5-a8d3-a8de86898a38","event":"response_error","endpoint":"/api/trips","http_code":403,"error_code":"INVALID_SIGNATURE","message":"Journey signature verification failed","latency_ms":10,"user_id":null,"details":null}
{"timestamp":"2025-12-24 17:50:24.000000","request_id":"9f904f26-850f-47b4-96ef-03210b9006e5","event":"request_start","endpoint":"/api/trips","method":"POST","ip_address":"127.0.0.1","user_id":null}
{"timestamp":"2025-12-24 17:50:24.000000","request_id":"9f904f26-850f-47b4-96ef-03210b9006e5","event":"response_error","endpoint":"/api/trips","http_code":400,"error_code":"INVALID_SIGNATURE","message":"Missing signed journey data","latency_ms":2,"user_id":null,"details":null}
{"timestamp":"2025-12-24 17:50:59.000000","request_id":"f602d050-17d2-402b-bdaf-7db6726fafcf","event":"request_start","endpoint":"/api/trips","method":"POST","ip_address":"127.0.0.1","user_id":null}
{"timestamp":"2025-12-24 17:50:59.000000","request_id":"f602d050-17d2-402b-bdaf-7db6726fafcf","event":"debug","phase":"SECURITY","message":"Signature verified","latency_ms":4,"data":[]}
{"timestamp":"2025-12-24 17:50:59.000000","request_id":"f602d050-17d2-402b-bdaf-7db6726fafcf","event":"debug","phase":"TRIP_SAVE","message":"Prepared trip data","latency_ms":10,"data":{"source":"Jaipur","destination":"Ajmer","mode":"car","distance_km":132.89,"stops_count":0}}
{"timestamp":"2025-12-24 17:51:38.000000","request_id":"9c2fb108-9669-4ec9-b334-c90ac5445208","event":"request_start","endpoint":"/api/trips","method":"POST","ip_address":"127.0.0.1","user_id":null}
{"timestamp":"2025-12-24 17:51:38.000000","request_id":"9c2fb108-9669-4ec9-b334-c90ac5445208","event":"debug","phase":"SECURITY","message":"Signature verified","latency_ms":6,"data":[]}
{"timestamp":"2025-12-24 17:51:38.000000","request_id":"9c2fb108-9669-4ec9-b334-c90ac5445208","event":"debug","phase":"TRIP_SAVE","message":"Prepared trip data","latency_ms":9,"data":{"source":"Jaipur","destination":"Ajmer","mode":"car","distance_km":132.89,"stops_count":0}}
{"timestamp":"2025-12-24 17:52:07.000000","request_id":"c572e659-d1fa-4ec4-a802-9986b63e16d6","event":"request_start","endpoint":"/api/trips","method":"POST","ip_address":"127.0.0.1","user_id":null}
{"timestamp":"2025-12-24 17:52:07.000000","request_id":"c572e659-d1fa-4ec4-a802-9986b63e16d6","event":"debug","phase":"SECURITY","message":"Signature verified","latency_ms":7,"data":[]}
{"timestamp":"2025-12-24 17:52:07.000000","request_id":"c572e659-d1fa-4ec4-a802-9986b63e16d6","event":"debug","phase":"TRIP_SAVE","message":"Prepared trip data","latency_ms":11,"data":{"source":"Jaipur","destination":"Ajmer","mode":"car","distance_km":132.89,"stops_count":0}}
{"timestamp":"2025-12-24 17:52:07.000000","request_id":"c572e659-d1fa-4ec4-a802-9986b63e16d6","event":"response_success","endpoint":"/api/trips","http_code":201,"latency_ms":20,"cache_hit":false,"cache_miss":false,"data_count":1}
{"timestamp":"2025-12-24 17:52:07.000000","request_id":"c572e659-d1fa-4ec4-a802-9986b63e16d6","event":"debug","phase":"TRIP_SAVE","message":"Trip saved successfully","latency_ms":21,"data":{"trip_id":41}}
{"timestamp":"2025-12-24 17:52:07.000000","request_id":"39128562-c0b1-4097-a1d7-f6fef27d5870","event":"request_start","endpoint":"/api/trips","method":"POST","ip_address":"127.0.0.1","user_id":null}
{"timestamp":"2025-12-24 17:52:07.000000","request_id":"39128562-c0b1-4097-a1d7-f6fef27d5870","event":"debug","phase":"SECURITY","message":"Signature verified","latency_ms":5,"data":[]}
{"timestamp":"2025-12-24 17:52:32.000000","request_id":"3b39a02a-bc41-49c6-ae35-27d85ed51b2c","event":"request_start","endpoint":"/api/trips","method":"POST","ip_address":"127.0.0.1","user_id":null}
{"timestamp":"2025-12-24 17:52:32.000000","request_id":"3b39a02a-bc41-49c6-ae35-27d85ed51b2c","event":"debug","phase":"SECURITY","message":"Signature verified","latency_ms":5,"data":[]}
{"timestamp":"2025-12-24 17:52:32.000000","request_id":"3b39a02a-bc41-49c6-ae35-27d85ed51b2c","event":"debug","phase":"TRIP_SAVE","message":"Prepared trip data","latency_ms":11,"data":{"source":"Jaipur","destination":"Ajmer","mode":"car","distance_km":132.89,"stops_count":0}}
{"timestamp":"2025-12-24 17:52:32.000000","request_id":"3b39a02a-bc41-49c6-ae35-27d85ed51b2c","event":"response_success","endpoint":"/api/trips","http_code":201,"latency_ms":18,"cache_hit":false,"cache_miss":false,"data_count":1}
{"timestamp":"2025-12-24 17:52:32.000000","request_id":"3b39a02a-bc41-49c6-ae35-27d85ed51b2c","event":"debug","phase":"TRIP_SAVE","message":"Trip saved successfully","latency_ms":18,"data":{"trip_id":42}}
{"timestamp":"2025-12-24 17:52:32.000000","request_id":"506fe95c-d575-468f-a51c-90d41684ba7b","event":"request_start","endpoint":"/api/trips","method":"POST","ip_address":"127.0.0.1","user_id":null}
{"timestamp":"2025-12-24 17:52:32.000000","request_id":"506fe95c-d575-468f-a51c-90d41684ba7b","event":"debug","phase":"SECURITY","message":"Signature verified","latency_ms":6,"data":[]}
{"timestamp":"2025-12-24 17:53:10.000000","request_id":"202544ac-7c85-4435-80e3-8af8edf31234","event":"request_start","endpoint":"/api/trips","method":"POST","ip_address":"127.0.0.1","user_id":null}
{"timestamp":"2025-12-24 17:53:10.000000","request_id":"202544ac-7c85-4435-80e3-8af8edf31234","event":"debug","phase":"SECURITY","message":"Signature verified","latency_ms":6,"data":[]}
{"timestamp":"2025-12-24 17:53:10.000000","request_id":"202544ac-7c85-4435-80e3-8af8edf31234","event":"debug","phase":"TRIP_SAVE","message":"Prepared trip data","latency_ms":11,"data":{"source":"Jaipur","destination":"Ajmer","mode":"car","distance_km":132.89,"stops_count":0}}
{"timestamp":"2025-12-24 17:53:10.000000","request_id":"202544ac-7c85-4435-80e3-8af8edf31234","event":"response_success","endpoint":"/api/trips","http_code":201,"latency_ms":20,"cache_hit":false,"cache_miss":false,"data_count":1}
{"timestamp":"2025-12-24 17:53:10.000000","request_id":"202544ac-7c85-4435-80e3-8af8edf31234","event":"debug","phase":"TRIP_SAVE","message":"Trip saved successfully","latency_ms":20,"data":{"trip_id":43}}
{"timestamp":"2025-12-24 17:53:10.000000","request_id":"cc069e0b-5648-40dc-af6c-e5f2c4efd74c","event":"request_start","endpoint":"/api/trips","method":"POST","ip_address":"127.0.0.1","user_id":null}
{"timestamp":"2025-12-24 17:53:10.000000","request_id":"cc069e0b-5648-40dc-af6c-e5f2c4efd74c","event":"debug","phase":"SECURITY","message":"Signature verified","latency_ms":7,"data":[]}
{"timestamp":"2025-12-24 17:53:10.000000","request_id":"cc069e0b-5648-40dc-af6c-e5f2c4efd74c","event":"response_error","endpoint":"/api/trips","http_code":500,"error_code":"POI_VALIDATION_ERROR","message":"Failed to validate POIs","latency_ms":12,"user_id":null,"details":null}
{"timestamp":"2025-12-24 17:53:48.000000","request_id":"7770927a-c3d6-4181-84f5-1d01be9bbd90","event":"request_start","endpoint":"/api/trips","method":"POST","ip_address":"127.0.0.1","user_id":null}
{"timestamp":"2025-12-24 17:53:48.000000","request_id":"7770927a-c3d6-4181-84f5-1d01be9bbd90","event":"debug","phase":"SECURITY","message":"Signature verified","latency_ms":5,"data":[]}
{"timestamp":"2025-12-24 17:53:48.000000","request_id":"7770927a-c3d6-4181-84f5-1d01be9bbd90","event":"debug","phase":"TRIP_SAVE","message":"Prepared trip data","latency_ms":8,"data":{"source":"Jaipur","destination":"Ajmer","mode":"car","distance_km":132.89,"stops_count":0}}
{"timestamp":"2025-12-24 17:53:48.000000","request_id":"7770927a-c3d6-4181-84f5-1d01be9bbd90","event":"response_success","endpoint":"/api/trips","http_code":201,"latency_ms":17,"cache_hit":false,"cache_miss":false,"data_count":1}
{"timestamp":"2025-12-24 17:53:48.000000","request_id":"7770927a-c3d6-4181-84f5-1d01be9bbd90","event":"debug","phase":"TRIP_SAVE","message":"Trip saved successfully","latency_ms":17,"data":{"trip_id":44}}
{"timestamp":"2025-12-24 17:53:48.000000","request_id":"db66c903-0218-4e7b-bebd-3ab133d75cfc","event":"request_start","endpoint":"/api/trips","method":"POST","ip_address":"127.0.0.1","user_id":null}
{"timestamp":"2025-12-24 17:53:48.000000","request_id":"db66c903-0218-4e7b-bebd-3ab133d75cfc","event":"debug","phase":"SECURITY","message":"Signature verified","latency_ms":5,"data":[]}
{"timestamp":"2025-12-24 17:53:48.000000","request_id":"db66c903-0218-4e7b-bebd-3ab133d75cfc","event":"response_error","endpoint":"/api/trips","http_code":500,"error_code":"POI_VALIDATION_ERROR","message":"Failed to validate POIs","latency_ms":9,"user_id":null,"details":null}
{"timestamp":"2025-12-24 17:54:14.000000","request_id":"c1d1bb6d-5b87-42c3-8d36-71ccde6f64e0","event":"request_start","endpoint":"/api/trips","method":"POST","ip_address":"127.0.0.1","user_id":null}
{"timestamp":"2025-12-24 17:54:14.000000","request_id":"c1d1bb6d-5b87-42c3-8d36-71ccde6f64e0","event":"debug","phase":"SECURITY","message":"Signature verified","latency_ms":6,"data":[]}
{"timestamp":"2025-12-24 17:54:14.000000","request_id":"c1d1bb6d-5b87-42c3-8d36-71ccde6f64e0","event":"debug","phase":"TRIP_SAVE","message":"Prepared trip data","latency_ms":11,"data":{"source":"Jaipur","destination":"Ajmer","mode":"car","distance_km":132.89,"stops_count":0}}
{"timestamp":"2025-12-24 17:54:14.000000","request_id":"c1d1bb6d-5b87-42c3-8d36-71ccde6f64e0","event":"response_success","endpoint":"/api/trips","http_code":201,"latency_ms":18,"cache_hit":false,"cache_miss":false,"data_count":1}
{"timestamp":"2025-12-24 17:54:14.000000","request_id":"c1d1bb6d-5b87-42c3-8d36-71ccde6f64e0","event":"debug","phase":"TRIP_SAVE","message":"Trip saved successfully","latency_ms":18,"data":{"trip_id":45}}
{"timestamp":"2025-12-24 17:54:14.000000","request_id":"ed87d5bd-8792-4776-9fe0-3a8a306cd19f","event":"request_start","endpoint":"/api/trips","method":"POST","ip_address":"127.0.0.1","user_id":null}
{"timestamp":"2025-12-24 17:54:14.000000","request_id":"ed87d5bd-8792-4776-9fe0-3a8a306cd19f","event":"debug","phase":"SECURITY","message":"Signature verified","latency_ms":6,"data":[]}
{"timestamp":"2025-12-24 17:54:14.000000","request_id":"ed87d5bd-8792-4776-9fe0-3a8a306cd19f","event":"response_error","endpoint":"/api/trips","http_code":500,"error_code":"POI_VALIDATION_ERROR","message":"Failed to validate POIs","latency_ms":12,"user_id":null,"details":null}
{"timestamp":"2025-12-24 17:54:53.000000","request_id":"1abce2bc-561b-41d8-b179-c1cd92244ce8","event":"request_start","endpoint":"/api/trips","method":"POST","ip_address":"127.0.0.1","user_id":null}
{"timestamp":"2025-12-24 17:54:53.000000","request_id":"1abce2bc-561b-41d8-b179-c1cd92244ce8","event":"debug","phase":"SECURITY","message":"Signature verified","latency_ms":8,"data":[]}
{"timestamp":"2025-12-24 17:54:53.000000","request_id":"1abce2bc-561b-41d8-b179-c1cd92244ce8","event":"debug","phase":"TRIP_SAVE","message":"Prepared trip data","latency_ms":13,"data":{"source":"Jaipur","destination":"Ajmer","mode":"car","distance_km":132.89,"stops_count":0}}
{"timestamp":"2025-12-24 17:54:53.000000","request_id":"1abce2bc-561b-41d8-b179-c1cd92244ce8","event":"response_success","endpoint":"/api/trips","http_code":201,"latency_ms":19,"cache_hit":false,"cache_miss":false,"data_count":1}
{"timestamp":"2025-12-24 17:54:53.000000","request_id":"1abce2bc-561b-41d8-b179-c1cd92244ce8","event":"debug","phase":"TRIP_SAVE","message":"Trip saved successfully","latency_ms":20,"data":{"trip_id":46}}
{"timestamp":"2025-12-24 17:54:53.000000","request_id":"d31ae37d-7c58-458a-aa9c-c61ff8a95d0e","event":"request_start","endpoint":"/api/trips","method":"POST","ip_address":"127.0.0.1","user_id":null}
{"timestamp":"2025-12-24 17:54:53.000000","request_id":"d31ae37d-7c58-458a-aa9c-c61ff8a95d0e","event":"debug","phase":"SECURITY","message":"Signature verified","latency_ms":6,"data":[]}
{"timestamp":"2025-12-24 17:54:53.000000","request_id":"d31ae37d-7c58-458a-aa9c-c61ff8a95d0e","event":"debug","phase":"TRIP_SAVE","message":"Prepared trip data","latency_ms":18,"data":{"source":"Jaipur","destination":"Ajmer","mode":"car","distance_km":132.89,"stops_count":0}}
{"timestamp":"2025-12-24 17:54:53.000000","request_id":"d31ae37d-7c58-458a-aa9c-c61ff8a95d0e","event":"response_success","endpoint":"/api/trips","http_code":201,"latency_ms":27,"cache_hit":false,"cache_miss":false,"data_count":1}
{"timestamp":"2025-12-24 17:54:53.000000","request_id":"d31ae37d-7c58-458a-aa9c-c61ff8a95d0e","event":"debug","phase":"TRIP_SAVE","message":"Trip saved successfully","latency_ms":27,"data":{"trip_id":47}}
