{"timestamp":"2026-02-27 22:19:03.000000","request_id":"dfe9ded9-1f13-4a76-80fe-78ee44a94dc3","event":"request_start","endpoint":"/api/pois-for-route","method":"POST","ip_address":"127.0.0.1","user_id":null}
{"timestamp":"2026-02-27 22:19:03.000000","request_id":"dfe9ded9-1f13-4a76-80fe-78ee44a94dc3","event":"debug","phase":"VALIDATION","message":"Polyline received","latency_ms":3,"data":{"point_count":1041}}
{"timestamp":"2026-02-27 22:19:03.000000","request_id":"dfe9ded9-1f13-4a76-80fe-78ee44a94dc3","event":"debug","phase":"VALIDATION","message":"Input validated","latency_ms":4,"data":{"polyline_points":1041,"categories":["temple","fuel","charger","toll","restaurant","hospital"],"radius_km":3}}
{"timestamp":"2026-02-27 22:19:03.000000","request_id":"dfe9ded9-1f13-4a76-80fe-78ee44a94dc3","event":"debug","phase":"BBOX_QUERY","message":"Executing spatial query","latency_ms":6,"data":{"min_lat":19.03780797297297,"max_lat":28.640936027027028,"min_lng":72.84751697297297,"max_lng":77.37201402702703,"categories":["temple","fuel","charger","toll","restaurant","hospital"]}}
{"timestamp":"2026-02-27 22:19:03.000000","request_id":"dfe9ded9-1f13-4a76-80fe-78ee44a94dc3","event":"debug","phase":"BBOX_RESULT","message":"Bounding box query completed","latency_ms":198,"data":{"pois_in_bbox":5000}}
{"timestamp":"2026-02-27 22:19:03.000000","request_id":"dfe9ded9-1f13-4a76-80fe-78ee44a94dc3","event":"debug","phase":"DISTANCE_FILTER","message":"Starting distance-to-route filtering","latency_ms":199,"data":{"all_pois_count":5000,"buffer_meters":3000}}
{"timestamp":"2026-02-27 22:19:04.000000","request_id":"dfe9ded9-1f13-4a76-80fe-78ee44a94dc3","event":"debug","phase":"DISTANCE_FILTER","message":"Filtering complete","latency_ms":1120,"data":{"filtered_pois_count":50}}
{"timestamp":"2026-02-27 22:19:04.000000","request_id":"dfe9ded9-1f13-4a76-80fe-78ee44a94dc3","event":"response_success","endpoint":"/api/pois-for-route","http_code":200,"latency_ms":1121,"cache_hit":false,"cache_miss":false,"data_count":50}
{"timestamp":"2026-02-27 22:19:04.000000","request_id":"dfe9ded9-1f13-4a76-80fe-78ee44a94dc3","event":"debug","phase":"RESPONSE","message":"Final POI count","latency_ms":1121,"data":{"total_in_route":50,"returned":50,"by_category":{"fuel":16,"restaurant":16,"hospital":8,"temple":10}}}
{"timestamp":"2026-02-27 22:23:53.000000","request_id":"1990149c-090b-4958-b0b8-db2347463402","event":"request_start","endpoint":"/api/pois-for-route","method":"POST","ip_address":"127.0.0.1","user_id":null}
{"timestamp":"2026-02-27 22:23:53.000000","request_id":"1990149c-090b-4958-b0b8-db2347463402","event":"debug","phase":"VALIDATION","message":"Polyline received","latency_ms":0,"data":{"point_count":10}}
{"timestamp":"2026-02-27 22:23:53.000000","request_id":"1990149c-090b-4958-b0b8-db2347463402","event":"debug","phase":"VALIDATION","message":"Input validated","latency_ms":1,"data":{"polyline_points":10,"categories":["temple","restaurant"],"radius_km":5}}
{"timestamp":"2026-02-27 22:23:53.000000","request_id":"1990149c-090b-4958-b0b8-db2347463402","event":"debug","phase":"BBOX_QUERY","message":"Executing spatial query","latency_ms":1,"data":{"min_lat":18.924554954954953,"max_lat":28.687945045045048,"min_lng":72.77435495495496,"max_lng":77.26454504504504,"categories":["temple","restaurant"]}}
{"timestamp":"2026-02-27 22:23:53.000000","request_id":"1990149c-090b-4958-b0b8-db2347463402","event":"debug","phase":"BBOX_RESULT","message":"Bounding box query completed","latency_ms":786,"data":{"pois_in_bbox":3365}}
{"timestamp":"2026-02-27 22:23:53.000000","request_id":"1990149c-090b-4958-b0b8-db2347463402","event":"debug","phase":"DISTANCE_FILTER","message":"Starting distance-to-route filtering","latency_ms":787,"data":{"all_pois_count":3365,"buffer_meters":5000}}
{"timestamp":"2026-02-27 22:23:54.000000","request_id":"1990149c-090b-4958-b0b8-db2347463402","event":"debug","phase":"DISTANCE_FILTER","message":"Filtering complete","latency_ms":901,"data":{"filtered_pois_count":9}}
{"timestamp":"2026-02-27 22:23:54.000000","request_id":"1990149c-090b-4958-b0b8-db2347463402","event":"response_success","endpoint":"/api/pois-for-route","http_code":200,"latency_ms":906,"cache_hit":false,"cache_miss":false,"data_count":9}
{"timestamp":"2026-02-27 22:23:54.000000","request_id":"1990149c-090b-4958-b0b8-db2347463402","event":"debug","phase":"RESPONSE","message":"Final POI count","latency_ms":907,"data":{"total_in_route":9,"returned":9,"by_category":{"restaurant":6,"temple":3}}}
{"timestamp":"2026-02-27 22:23:54.000000","request_id":"ee87c68b-2203-4c4d-8520-cc3e3595da0a","event":"request_start","endpoint":"/api/pois-for-route","method":"POST","ip_address":"127.0.0.1","user_id":null}
{"timestamp":"2026-02-27 22:23:54.000000","request_id":"ee87c68b-2203-4c4d-8520-cc3e3595da0a","event":"debug","phase":"VALIDATION","message":"Polyline received","latency_ms":1,"data":{"point_count":10}}
{"timestamp":"2026-02-27 22:23:54.000000","request_id":"ee87c68b-2203-4c4d-8520-cc3e3595da0a","event":"debug","phase":"VALIDATION","message":"Input validated","latency_ms":2,"data":{"polyline_points":10,"categories":["temple","restaurant"],"radius_km":5}}
{"timestamp":"2026-02-27 22:23:54.000000","request_id":"ee87c68b-2203-4c4d-8520-cc3e3595da0a","event":"debug","phase":"BBOX_QUERY","message":"Executing spatial query","latency_ms":3,"data":{"min_lat":18.924554954954953,"max_lat":28.687945045045048,"min_lng":72.77435495495496,"max_lng":77.26454504504504,"categories":["temple","restaurant"]}}
{"timestamp":"2026-02-27 22:23:54.000000","request_id":"ee87c68b-2203-4c4d-8520-cc3e3595da0a","event":"debug","phase":"BBOX_RESULT","message":"Bounding box query completed","latency_ms":266,"data":{"pois_in_bbox":3365}}
{"timestamp":"2026-02-27 22:23:54.000000","request_id":"ee87c68b-2203-4c4d-8520-cc3e3595da0a","event":"debug","phase":"DISTANCE_FILTER","message":"Starting distance-to-route filtering","latency_ms":266,"data":{"all_pois_count":3365,"buffer_meters":5000}}
{"timestamp":"2026-02-27 22:23:54.000000","request_id":"ee87c68b-2203-4c4d-8520-cc3e3595da0a","event":"debug","phase":"DISTANCE_FILTER","message":"Filtering complete","latency_ms":308,"data":{"filtered_pois_count":9}}
{"timestamp":"2026-02-27 22:23:54.000000","request_id":"ee87c68b-2203-4c4d-8520-cc3e3595da0a","event":"response_success","endpoint":"/api/pois-for-route","http_code":200,"latency_ms":309,"cache_hit":false,"cache_miss":false,"data_count":9}
{"timestamp":"2026-02-27 22:23:54.000000","request_id":"ee87c68b-2203-4c4d-8520-cc3e3595da0a","event":"debug","phase":"RESPONSE","message":"Final POI count","latency_ms":309,"data":{"total_in_route":9,"returned":9,"by_category":{"restaurant":6,"temple":3}}}
{"timestamp":"2026-02-27 22:24:16.000000","request_id":"c1b4de93-03a6-45f7-8fdd-a9aa7f90f49f","event":"request_start","endpoint":"/api/pois-for-route","method":"POST","ip_address":"127.0.0.1","user_id":null}
{"timestamp":"2026-02-27 22:24:16.000000","request_id":"c1b4de93-03a6-45f7-8fdd-a9aa7f90f49f","event":"debug","phase":"VALIDATION","message":"Polyline received","latency_ms":9,"data":{"point_count":1041}}
{"timestamp":"2026-02-27 22:24:16.000000","request_id":"c1b4de93-03a6-45f7-8fdd-a9aa7f90f49f","event":"debug","phase":"VALIDATION","message":"Input validated","latency_ms":11,"data":{"polyline_points":1041,"categories":["temple","fuel","charger","toll","restaurant","hospital"],"radius_km":3}}
{"timestamp":"2026-02-27 22:24:16.000000","request_id":"c1b4de93-03a6-45f7-8fdd-a9aa7f90f49f","event":"debug","phase":"BBOX_QUERY","message":"Executing spatial query","latency_ms":12,"data":{"min_lat":19.03780797297297,"max_lat":28.640936027027028,"min_lng":72.84751697297297,"max_lng":77.37201402702703,"categories":["temple","fuel","charger","toll","restaurant","hospital"]}}
{"timestamp":"2026-02-27 22:24:16.000000","request_id":"c1b4de93-03a6-45f7-8fdd-a9aa7f90f49f","event":"debug","phase":"BBOX_RESULT","message":"Bounding box query completed","latency_ms":182,"data":{"pois_in_bbox":5000}}
{"timestamp":"2026-02-27 22:24:16.000000","request_id":"c1b4de93-03a6-45f7-8fdd-a9aa7f90f49f","event":"debug","phase":"DISTANCE_FILTER","message":"Starting distance-to-route filtering","latency_ms":183,"data":{"all_pois_count":5000,"buffer_meters":3000}}
{"timestamp":"2026-02-27 22:24:17.000000","request_id":"c1b4de93-03a6-45f7-8fdd-a9aa7f90f49f","event":"debug","phase":"DISTANCE_FILTER","message":"Filtering complete","latency_ms":1092,"data":{"filtered_pois_count":50}}
{"timestamp":"2026-02-27 22:24:17.000000","request_id":"c1b4de93-03a6-45f7-8fdd-a9aa7f90f49f","event":"response_success","endpoint":"/api/pois-for-route","http_code":200,"latency_ms":1093,"cache_hit":false,"cache_miss":false,"data_count":50}
{"timestamp":"2026-02-27 22:24:17.000000","request_id":"c1b4de93-03a6-45f7-8fdd-a9aa7f90f49f","event":"debug","phase":"RESPONSE","message":"Final POI count","latency_ms":1093,"data":{"total_in_route":50,"returned":50,"by_category":{"fuel":16,"restaurant":16,"hospital":8,"temple":10}}}
{"timestamp":"2026-02-27 23:03:52.000000","request_id":"4266013f-17a3-4a72-8766-7db179bdc80a","event":"request_start","endpoint":"/api/pois-for-route","method":"POST","ip_address":"127.0.0.1","user_id":null}
{"timestamp":"2026-02-27 23:03:52.000000","request_id":"4266013f-17a3-4a72-8766-7db179bdc80a","event":"debug","phase":"VALIDATION","message":"Polyline received","latency_ms":5,"data":{"point_count":1374}}
{"timestamp":"2026-02-27 23:03:52.000000","request_id":"4266013f-17a3-4a72-8766-7db179bdc80a","event":"debug","phase":"VALIDATION","message":"Input validated","latency_ms":9,"data":{"polyline_points":1374,"categories":["temple","fuel","charger","toll","restaurant","hospital"],"radius_km":3}}
{"timestamp":"2026-02-27 23:03:52.000000","request_id":"4266013f-17a3-4a72-8766-7db179bdc80a","event":"debug","phase":"BBOX_QUERY","message":"Executing spatial query","latency_ms":11,"data":{"min_lat":17.33433097297297,"max_lat":28.640936027027028,"min_lng":77.18197997297297,"max_lng":79.27369302702704,"categories":["temple","fuel","charger","toll","restaurant","hospital"]}}
{"timestamp":"2026-02-27 23:03:52.000000","request_id":"4266013f-17a3-4a72-8766-7db179bdc80a","event":"debug","phase":"BBOX_RESULT","message":"Bounding box query completed","latency_ms":247,"data":{"pois_in_bbox":4840}}
{"timestamp":"2026-02-27 23:03:52.000000","request_id":"4266013f-17a3-4a72-8766-7db179bdc80a","event":"debug","phase":"DISTANCE_FILTER","message":"Starting distance-to-route filtering","latency_ms":248,"data":{"all_pois_count":4840,"buffer_meters":3000}}
{"timestamp":"2026-02-27 23:03:54.000000","request_id":"4266013f-17a3-4a72-8766-7db179bdc80a","event":"debug","phase":"DISTANCE_FILTER","message":"Filtering complete","latency_ms":1930,"data":{"filtered_pois_count":112}}
{"timestamp":"2026-02-27 23:03:54.000000","request_id":"4266013f-17a3-4a72-8766-7db179bdc80a","event":"response_success","endpoint":"/api/pois-for-route","http_code":200,"latency_ms":1933,"cache_hit":false,"cache_miss":false,"data_count":100}
{"timestamp":"2026-02-27 23:03:54.000000","request_id":"4266013f-17a3-4a72-8766-7db179bdc80a","event":"debug","phase":"RESPONSE","message":"Final POI count","latency_ms":1934,"data":{"total_in_route":112,"returned":100,"by_category":{"fuel":32,"restaurant":34,"hospital":35,"temple":11}}}
{"timestamp":"2026-02-27 23:04:04.000000","request_id":"c86a578f-1d9a-4cc1-a2e0-96cf7246572c","event":"request_start","endpoint":"/api/pois-for-route","method":"POST","ip_address":"127.0.0.1","user_id":null}
{"timestamp":"2026-02-27 23:04:04.000000","request_id":"c86a578f-1d9a-4cc1-a2e0-96cf7246572c","event":"debug","phase":"VALIDATION","message":"Polyline received","latency_ms":1,"data":{"point_count":10}}
{"timestamp":"2026-02-27 23:04:04.000000","request_id":"c86a578f-1d9a-4cc1-a2e0-96cf7246572c","event":"debug","phase":"VALIDATION","message":"Input validated","latency_ms":2,"data":{"polyline_points":10,"categories":["temple","restaurant"],"radius_km":5}}
{"timestamp":"2026-02-27 23:04:04.000000","request_id":"c86a578f-1d9a-4cc1-a2e0-96cf7246572c","event":"debug","phase":"BBOX_QUERY","message":"Executing spatial query","latency_ms":3,"data":{"min_lat":17.330254954954952,"max_lat":28.687945045045048,"min_lng":77.16395495495496,"max_lng":78.53174504504504,"categories":["temple","restaurant"]}}
{"timestamp":"2026-02-27 23:04:04.000000","request_id":"c86a578f-1d9a-4cc1-a2e0-96cf7246572c","event":"debug","phase":"BBOX_RESULT","message":"Bounding box query completed","latency_ms":115,"data":{"pois_in_bbox":1259}}
{"timestamp":"2026-02-27 23:04:04.000000","request_id":"c86a578f-1d9a-4cc1-a2e0-96cf7246572c","event":"debug","phase":"DISTANCE_FILTER","message":"Starting distance-to-route filtering","latency_ms":117,"data":{"all_pois_count":1259,"buffer_meters":5000}}
{"timestamp":"2026-02-27 23:04:04.000000","request_id":"c86a578f-1d9a-4cc1-a2e0-96cf7246572c","event":"debug","phase":"DISTANCE_FILTER","message":"Filtering complete","latency_ms":135,"data":{"filtered_pois_count":5}}
{"timestamp":"2026-02-27 23:04:04.000000","request_id":"c86a578f-1d9a-4cc1-a2e0-96cf7246572c","event":"response_success","endpoint":"/api/pois-for-route","http_code":200,"latency_ms":136,"cache_hit":false,"cache_miss":false,"data_count":5}
{"timestamp":"2026-02-27 23:04:04.000000","request_id":"c86a578f-1d9a-4cc1-a2e0-96cf7246572c","event":"debug","phase":"RESPONSE","message":"Final POI count","latency_ms":138,"data":{"total_in_route":5,"returned":5,"by_category":{"restaurant":3,"temple":2}}}
{"timestamp":"2026-02-27 23:04:04.000000","request_id":"dad47e99-4235-496f-aebc-47876bd9c593","event":"request_start","endpoint":"/api/pois-for-route","method":"POST","ip_address":"127.0.0.1","user_id":null}
{"timestamp":"2026-02-27 23:04:04.000000","request_id":"dad47e99-4235-496f-aebc-47876bd9c593","event":"debug","phase":"VALIDATION","message":"Polyline received","latency_ms":1,"data":{"point_count":10}}
{"timestamp":"2026-02-27 23:04:04.000000","request_id":"dad47e99-4235-496f-aebc-47876bd9c593","event":"debug","phase":"VALIDATION","message":"Input validated","latency_ms":2,"data":{"polyline_points":10,"categories":["temple","restaurant"],"radius_km":5}}
{"timestamp":"2026-02-27 23:04:04.000000","request_id":"dad47e99-4235-496f-aebc-47876bd9c593","event":"debug","phase":"BBOX_QUERY","message":"Executing spatial query","latency_ms":5,"data":{"min_lat":17.330254954954952,"max_lat":28.687945045045048,"min_lng":77.16395495495496,"max_lng":78.53174504504504,"categories":["temple","restaurant"]}}
{"timestamp":"2026-02-27 23:04:04.000000","request_id":"dad47e99-4235-496f-aebc-47876bd9c593","event":"debug","phase":"BBOX_RESULT","message":"Bounding box query completed","latency_ms":116,"data":{"pois_in_bbox":1259}}
{"timestamp":"2026-02-27 23:04:04.000000","request_id":"dad47e99-4235-496f-aebc-47876bd9c593","event":"debug","phase":"DISTANCE_FILTER","message":"Starting distance-to-route filtering","latency_ms":117,"data":{"all_pois_count":1259,"buffer_meters":5000}}
{"timestamp":"2026-02-27 23:04:04.000000","request_id":"dad47e99-4235-496f-aebc-47876bd9c593","event":"debug","phase":"DISTANCE_FILTER","message":"Filtering complete","latency_ms":134,"data":{"filtered_pois_count":5}}
{"timestamp":"2026-02-27 23:04:04.000000","request_id":"dad47e99-4235-496f-aebc-47876bd9c593","event":"response_success","endpoint":"/api/pois-for-route","http_code":200,"latency_ms":136,"cache_hit":false,"cache_miss":false,"data_count":5}
{"timestamp":"2026-02-27 23:04:04.000000","request_id":"dad47e99-4235-496f-aebc-47876bd9c593","event":"debug","phase":"RESPONSE","message":"Final POI count","latency_ms":137,"data":{"total_in_route":5,"returned":5,"by_category":{"restaurant":3,"temple":2}}}
{"timestamp":"2026-02-27 23:24:44.000000","request_id":"2f11be0a-314e-40a0-892d-57792a9ab8ab","event":"request_start","endpoint":"/api/pois-for-route","method":"POST","ip_address":"127.0.0.1","user_id":null}
{"timestamp":"2026-02-27 23:24:44.000000","request_id":"2f11be0a-314e-40a0-892d-57792a9ab8ab","event":"debug","phase":"VALIDATION","message":"Polyline received","latency_ms":4,"data":{"point_count":1374}}
{"timestamp":"2026-02-27 23:24:44.000000","request_id":"2f11be0a-314e-40a0-892d-57792a9ab8ab","event":"debug","phase":"VALIDATION","message":"Input validated","latency_ms":7,"data":{"polyline_points":1374,"categories":["temple","fuel","charger","toll","restaurant","hospital"],"radius_km":3}}
{"timestamp":"2026-02-27 23:24:44.000000","request_id":"2f11be0a-314e-40a0-892d-57792a9ab8ab","event":"debug","phase":"BBOX_QUERY","message":"Executing spatial query","latency_ms":15,"data":{"min_lat":17.33433097297297,"max_lat":28.640936027027028,"min_lng":77.18197997297297,"max_lng":79.27369302702704,"categories":["temple","fuel","charger","toll","restaurant","hospital"]}}
{"timestamp":"2026-02-27 23:24:44.000000","request_id":"2f11be0a-314e-40a0-892d-57792a9ab8ab","event":"debug","phase":"BBOX_RESULT","message":"Bounding box query completed","latency_ms":186,"data":{"pois_in_bbox":4840}}
{"timestamp":"2026-02-27 23:24:44.000000","request_id":"2f11be0a-314e-40a0-892d-57792a9ab8ab","event":"debug","phase":"DISTANCE_FILTER","message":"Starting distance-to-route filtering","latency_ms":187,"data":{"all_pois_count":4840,"buffer_meters":3000}}
{"timestamp":"2026-02-27 23:24:46.000000","request_id":"2f11be0a-314e-40a0-892d-57792a9ab8ab","event":"debug","phase":"DISTANCE_FILTER","message":"Filtering complete","latency_ms":1522,"data":{"filtered_pois_count":112}}
{"timestamp":"2026-02-27 23:24:46.000000","request_id":"2f11be0a-314e-40a0-892d-57792a9ab8ab","event":"response_success","endpoint":"/api/pois-for-route","http_code":200,"latency_ms":1524,"cache_hit":false,"cache_miss":false,"data_count":100}
{"timestamp":"2026-02-27 23:24:46.000000","request_id":"2f11be0a-314e-40a0-892d-57792a9ab8ab","event":"debug","phase":"RESPONSE","message":"Final POI count","latency_ms":1525,"data":{"total_in_route":112,"returned":100,"by_category":{"fuel":32,"restaurant":34,"hospital":35,"temple":11}}}
{"timestamp":"2026-02-27 23:25:17.000000","request_id":"62ea8bf6-2f92-4707-b5e7-47eda0586652","event":"request_start","endpoint":"/api/pois-for-route","method":"POST","ip_address":"127.0.0.1","user_id":null}
{"timestamp":"2026-02-27 23:25:17.000000","request_id":"62ea8bf6-2f92-4707-b5e7-47eda0586652","event":"debug","phase":"VALIDATION","message":"Polyline received","latency_ms":1,"data":{"point_count":11}}
{"timestamp":"2026-02-27 23:25:17.000000","request_id":"62ea8bf6-2f92-4707-b5e7-47eda0586652","event":"debug","phase":"VALIDATION","message":"Input validated","latency_ms":2,"data":{"polyline_points":11,"categories":["temple","restaurant"],"radius_km":5}}
{"timestamp":"2026-02-27 23:25:17.000000","request_id":"62ea8bf6-2f92-4707-b5e7-47eda0586652","event":"debug","phase":"BBOX_QUERY","message":"Executing spatial query","latency_ms":3,"data":{"min_lat":17.315543954954954,"max_lat":28.658940045045046,"min_lng":77.16396095495496,"max_lng":78.51910604504505,"categories":["temple","restaurant"]}}
{"timestamp":"2026-02-27 23:25:17.000000","request_id":"62ea8bf6-2f92-4707-b5e7-47eda0586652","event":"debug","phase":"BBOX_RESULT","message":"Bounding box query completed","latency_ms":117,"data":{"pois_in_bbox":1242}}
{"timestamp":"2026-02-27 23:25:17.000000","request_id":"62ea8bf6-2f92-4707-b5e7-47eda0586652","event":"debug","phase":"DISTANCE_FILTER","message":"Starting distance-to-route filtering","latency_ms":117,"data":{"all_pois_count":1242,"buffer_meters":5000}}
{"timestamp":"2026-02-27 23:25:17.000000","request_id":"62ea8bf6-2f92-4707-b5e7-47eda0586652","event":"debug","phase":"DISTANCE_FILTER","message":"Filtering complete","latency_ms":134,"data":{"filtered_pois_count":9}}
{"timestamp":"2026-02-27 23:25:17.000000","request_id":"62ea8bf6-2f92-4707-b5e7-47eda0586652","event":"response_success","endpoint":"/api/pois-for-route","http_code":200,"latency_ms":135,"cache_hit":false,"cache_miss":false,"data_count":9}
{"timestamp":"2026-02-27 23:25:17.000000","request_id":"62ea8bf6-2f92-4707-b5e7-47eda0586652","event":"debug","phase":"RESPONSE","message":"Final POI count","latency_ms":136,"data":{"total_in_route":9,"returned":9,"by_category":{"restaurant":4,"temple":5}}}
{"timestamp":"2026-02-27 23:25:17.000000","request_id":"fb1d3ce4-c052-4f97-b580-2adf8c58244f","event":"request_start","endpoint":"/api/pois-for-route","method":"POST","ip_address":"127.0.0.1","user_id":null}
{"timestamp":"2026-02-27 23:25:17.000000","request_id":"fb1d3ce4-c052-4f97-b580-2adf8c58244f","event":"debug","phase":"VALIDATION","message":"Polyline received","latency_ms":2,"data":{"point_count":11}}
{"timestamp":"2026-02-27 23:25:17.000000","request_id":"fb1d3ce4-c052-4f97-b580-2adf8c58244f","event":"debug","phase":"VALIDATION","message":"Input validated","latency_ms":5,"data":{"polyline_points":11,"categories":["temple","restaurant"],"radius_km":5}}
{"timestamp":"2026-02-27 23:25:17.000000","request_id":"fb1d3ce4-c052-4f97-b580-2adf8c58244f","event":"debug","phase":"BBOX_QUERY","message":"Executing spatial query","latency_ms":7,"data":{"min_lat":17.315543954954954,"max_lat":28.658940045045046,"min_lng":77.16396095495496,"max_lng":78.51910604504505,"categories":["temple","restaurant"]}}
{"timestamp":"2026-02-27 23:25:17.000000","request_id":"fb1d3ce4-c052-4f97-b580-2adf8c58244f","event":"debug","phase":"BBOX_RESULT","message":"Bounding box query completed","latency_ms":147,"data":{"pois_in_bbox":1242}}
{"timestamp":"2026-02-27 23:25:17.000000","request_id":"fb1d3ce4-c052-4f97-b580-2adf8c58244f","event":"debug","phase":"DISTANCE_FILTER","message":"Starting distance-to-route filtering","latency_ms":148,"data":{"all_pois_count":1242,"buffer_meters":5000}}
{"timestamp":"2026-02-27 23:25:17.000000","request_id":"fb1d3ce4-c052-4f97-b580-2adf8c58244f","event":"debug","phase":"DISTANCE_FILTER","message":"Filtering complete","latency_ms":162,"data":{"filtered_pois_count":9}}
{"timestamp":"2026-02-27 23:25:17.000000","request_id":"fb1d3ce4-c052-4f97-b580-2adf8c58244f","event":"response_success","endpoint":"/api/pois-for-route","http_code":200,"latency_ms":163,"cache_hit":false,"cache_miss":false,"data_count":9}
{"timestamp":"2026-02-27 23:25:17.000000","request_id":"fb1d3ce4-c052-4f97-b580-2adf8c58244f","event":"debug","phase":"RESPONSE","message":"Final POI count","latency_ms":163,"data":{"total_in_route":9,"returned":9,"by_category":{"restaurant":4,"temple":5}}}
{"timestamp":"2026-02-27 23:25:47.000000","request_id":"92244a71-944b-4720-877b-17db8da8ce6f","event":"request_start","endpoint":"/api/trips","method":"GET","ip_address":"127.0.0.1","user_id":null}
{"timestamp":"2026-02-27 23:25:47.000000","request_id":"92244a71-944b-4720-877b-17db8da8ce6f","event":"response_success","endpoint":"/api/trips","http_code":200,"latency_ms":7,"cache_hit":false,"cache_miss":false,"data_count":26}
{"timestamp":"2026-02-27 23:25:47.000000","request_id":"954ae664-6ee6-4f21-9ac3-b59e0eccd6af","event":"request_start","endpoint":"/api/trips","method":"GET","ip_address":"127.0.0.1","user_id":null}
{"timestamp":"2026-02-27 23:25:47.000000","request_id":"954ae664-6ee6-4f21-9ac3-b59e0eccd6af","event":"response_success","endpoint":"/api/trips","http_code":200,"latency_ms":6,"cache_hit":false,"cache_miss":false,"data_count":26}
{"timestamp":"2026-02-27 23:31:17.000000","request_id":"abfe72de-cebc-4cf5-8e1d-ea61782fe8fc","event":"request_start","endpoint":"/api/trips","method":"GET","ip_address":"127.0.0.1","user_id":null}
{"timestamp":"2026-02-27 23:31:17.000000","request_id":"abfe72de-cebc-4cf5-8e1d-ea61782fe8fc","event":"response_success","endpoint":"/api/trips","http_code":200,"latency_ms":3,"cache_hit":false,"cache_miss":false,"data_count":26}
{"timestamp":"2026-02-27 23:33:36.000000","request_id":"1d4773c7-fec8-4c4b-89af-ffe7af7ca37c","event":"request_start","endpoint":"/api/pois-for-route","method":"POST","ip_address":"127.0.0.1","user_id":null}
{"timestamp":"2026-02-27 23:33:36.000000","request_id":"1d4773c7-fec8-4c4b-89af-ffe7af7ca37c","event":"debug","phase":"VALIDATION","message":"Polyline received","latency_ms":4,"data":{"point_count":1790}}
{"timestamp":"2026-02-27 23:33:36.000000","request_id":"1d4773c7-fec8-4c4b-89af-ffe7af7ca37c","event":"debug","phase":"VALIDATION","message":"Input validated","latency_ms":5,"data":{"polyline_points":1790,"categories":["temple","fuel","charger","toll","restaurant","hospital"],"radius_km":3}}
{"timestamp":"2026-02-27 23:33:36.000000","request_id":"1d4773c7-fec8-4c4b-89af-ffe7af7ca37c","event":"debug","phase":"BBOX_QUERY","message":"Executing spatial query","latency_ms":6,"data":{"min_lat":13.056419972972973,"max_lat":28.573791027027028,"min_lng":77.25066897297297,"max_lng":80.29722702702703,"categories":["temple","fuel","charger","toll","restaurant","hospital"]}}
{"timestamp":"2026-02-27 23:33:36.000000","request_id":"1d4773c7-fec8-4c4b-89af-ffe7af7ca37c","event":"debug","phase":"BBOX_RESULT","message":"Bounding box query completed","latency_ms":232,"data":{"pois_in_bbox":5000}}
{"timestamp":"2026-02-27 23:33:36.000000","request_id":"1d4773c7-fec8-4c4b-89af-ffe7af7ca37c","event":"debug","phase":"DISTANCE_FILTER","message":"Starting distance-to-route filtering","latency_ms":232,"data":{"all_pois_count":5000,"buffer_meters":3000}}
{"timestamp":"2026-02-27 23:33:37.000000","request_id":"1d4773c7-fec8-4c4b-89af-ffe7af7ca37c","event":"debug","phase":"DISTANCE_FILTER","message":"Filtering complete","latency_ms":1394,"data":{"filtered_pois_count":44}}
{"timestamp":"2026-02-27 23:33:37.000000","request_id":"1d4773c7-fec8-4c4b-89af-ffe7af7ca37c","event":"response_success","endpoint":"/api/pois-for-route","http_code":200,"latency_ms":1395,"cache_hit":false,"cache_miss":false,"data_count":44}
{"timestamp":"2026-02-27 23:33:37.000000","request_id":"1d4773c7-fec8-4c4b-89af-ffe7af7ca37c","event":"debug","phase":"RESPONSE","message":"Final POI count","latency_ms":1396,"data":{"total_in_route":44,"returned":44,"by_category":{"restaurant":9,"fuel":12,"hospital":16,"temple":7}}}
{"timestamp":"2026-02-27 23:33:44.000000","request_id":"892b089d-3e21-493a-b900-773d7b66837e","event":"request_start","endpoint":"/api/pois-for-route","method":"POST","ip_address":"127.0.0.1","user_id":null}
{"timestamp":"2026-02-27 23:33:44.000000","request_id":"892b089d-3e21-493a-b900-773d7b66837e","event":"debug","phase":"VALIDATION","message":"Polyline received","latency_ms":0,"data":{"point_count":10}}
{"timestamp":"2026-02-27 23:33:44.000000","request_id":"892b089d-3e21-493a-b900-773d7b66837e","event":"debug","phase":"VALIDATION","message":"Input validated","latency_ms":1,"data":{"polyline_points":10,"categories":["temple","restaurant"],"radius_km":5}}
{"timestamp":"2026-02-27 23:33:44.000000","request_id":"892b089d-3e21-493a-b900-773d7b66837e","event":"debug","phase":"BBOX_QUERY","message":"Executing spatial query","latency_ms":2,"data":{"min_lat":13.037054954954955,"max_lat":28.687945045045048,"min_lng":77.16395495495496,"max_lng":80.32004504504505,"categories":["temple","restaurant"]}}
{"timestamp":"2026-02-27 23:33:44.000000","request_id":"892b089d-3e21-493a-b900-773d7b66837e","event":"debug","phase":"BBOX_RESULT","message":"Bounding box query completed","latency_ms":270,"data":{"pois_in_bbox":4065}}
{"timestamp":"2026-02-27 23:33:44.000000","request_id":"892b089d-3e21-493a-b900-773d7b66837e","event":"debug","phase":"DISTANCE_FILTER","message":"Starting distance-to-route filtering","latency_ms":271,"data":{"all_pois_count":4065,"buffer_meters":5000}}
{"timestamp":"2026-02-27 23:33:44.000000","request_id":"892b089d-3e21-493a-b900-773d7b66837e","event":"debug","phase":"DISTANCE_FILTER","message":"Filtering complete","latency_ms":336,"data":{"filtered_pois_count":2}}
{"timestamp":"2026-02-27 23:33:44.000000","request_id":"892b089d-3e21-493a-b900-773d7b66837e","event":"response_success","endpoint":"/api/pois-for-route","http_code":200,"latency_ms":336,"cache_hit":false,"cache_miss":false,"data_count":2}
{"timestamp":"2026-02-27 23:33:44.000000","request_id":"892b089d-3e21-493a-b900-773d7b66837e","event":"debug","phase":"RESPONSE","message":"Final POI count","latency_ms":337,"data":{"total_in_route":2,"returned":2,"by_category":{"temple":2}}}
{"timestamp":"2026-02-27 23:33:44.000000","request_id":"4730eba6-73a4-4481-acfc-0ba3a8f42e5f","event":"request_start","endpoint":"/api/pois-for-route","method":"POST","ip_address":"127.0.0.1","user_id":null}
{"timestamp":"2026-02-27 23:33:44.000000","request_id":"4730eba6-73a4-4481-acfc-0ba3a8f42e5f","event":"debug","phase":"VALIDATION","message":"Polyline received","latency_ms":1,"data":{"point_count":10}}
{"timestamp":"2026-02-27 23:33:44.000000","request_id":"4730eba6-73a4-4481-acfc-0ba3a8f42e5f","event":"debug","phase":"VALIDATION","message":"Input validated","latency_ms":1,"data":{"polyline_points":10,"categories":["temple","restaurant"],"radius_km":5}}
{"timestamp":"2026-02-27 23:33:44.000000","request_id":"4730eba6-73a4-4481-acfc-0ba3a8f42e5f","event":"debug","phase":"BBOX_QUERY","message":"Executing spatial query","latency_ms":2,"data":{"min_lat":13.037054954954955,"max_lat":28.687945045045048,"min_lng":77.16395495495496,"max_lng":80.32004504504505,"categories":["temple","restaurant"]}}
{"timestamp":"2026-02-27 23:33:45.000000","request_id":"4730eba6-73a4-4481-acfc-0ba3a8f42e5f","event":"debug","phase":"BBOX_RESULT","message":"Bounding box query completed","latency_ms":213,"data":{"pois_in_bbox":4065}}
{"timestamp":"2026-02-27 23:33:45.000000","request_id":"4730eba6-73a4-4481-acfc-0ba3a8f42e5f","event":"debug","phase":"DISTANCE_FILTER","message":"Starting distance-to-route filtering","latency_ms":214,"data":{"all_pois_count":4065,"buffer_meters":5000}}
{"timestamp":"2026-02-27 23:33:45.000000","request_id":"4730eba6-73a4-4481-acfc-0ba3a8f42e5f","event":"debug","phase":"DISTANCE_FILTER","message":"Filtering complete","latency_ms":288,"data":{"filtered_pois_count":2}}
{"timestamp":"2026-02-27 23:33:45.000000","request_id":"4730eba6-73a4-4481-acfc-0ba3a8f42e5f","event":"response_success","endpoint":"/api/pois-for-route","http_code":200,"latency_ms":292,"cache_hit":false,"cache_miss":false,"data_count":2}
{"timestamp":"2026-02-27 23:33:45.000000","request_id":"4730eba6-73a4-4481-acfc-0ba3a8f42e5f","event":"debug","phase":"RESPONSE","message":"Final POI count","latency_ms":293,"data":{"total_in_route":2,"returned":2,"by_category":{"temple":2}}}
