{"timestamp":"2026-01-04 21:16:58.000000","request_id":"2807e7a3-8d1c-4bff-910b-cddeb602b9fa","event":"request_start","endpoint":"/api/pois-for-route","method":"POST","ip_address":"127.0.0.1","user_id":null}
{"timestamp":"2026-01-04 21:16:58.000000","request_id":"2807e7a3-8d1c-4bff-910b-cddeb602b9fa","event":"debug","phase":"VALIDATION","message":"Polyline received","latency_ms":4,"data":{"point_count":908}}
{"timestamp":"2026-01-04 21:16:58.000000","request_id":"2807e7a3-8d1c-4bff-910b-cddeb602b9fa","event":"debug","phase":"VALIDATION","message":"Input validated","latency_ms":5,"data":{"polyline_points":908,"categories":["temple","fuel","charger","toll","restaurant","hospital"],"radius_km":3}}
{"timestamp":"2026-01-04 21:16:58.000000","request_id":"2807e7a3-8d1c-4bff-910b-cddeb602b9fa","event":"debug","phase":"BBOX_QUERY","message":"Executing spatial query","latency_ms":7,"data":{"min_lat":15.083895972972973,"max_lat":16.53831502702703,"min_lng":74.04702997297296,"max_lng":80.65868702702703,"categories":["temple","fuel","charger","toll","restaurant","hospital"]}}
{"timestamp":"2026-01-04 21:16:59.000000","request_id":"2807e7a3-8d1c-4bff-910b-cddeb602b9fa","event":"debug","phase":"BBOX_RESULT","message":"Bounding box query completed","latency_ms":169,"data":{"pois_in_bbox":0}}
{"timestamp":"2026-01-04 21:16:59.000000","request_id":"2807e7a3-8d1c-4bff-910b-cddeb602b9fa","event":"debug","phase":"DISTANCE_FILTER","message":"Starting distance-to-route filtering","latency_ms":170,"data":{"all_pois_count":0,"buffer_meters":3000}}
{"timestamp":"2026-01-04 21:16:59.000000","request_id":"2807e7a3-8d1c-4bff-910b-cddeb602b9fa","event":"debug","phase":"DISTANCE_FILTER","message":"Filtering complete","latency_ms":172,"data":{"filtered_pois_count":0}}
{"timestamp":"2026-01-04 21:16:59.000000","request_id":"2807e7a3-8d1c-4bff-910b-cddeb602b9fa","event":"response_error","endpoint":"/api/pois-for-route","http_code":200,"error_code":"POI_ZERO_RESULTS","message":"No POIs found within criteria","latency_ms":172,"user_id":null,"details":null}
{"timestamp":"2026-01-04 21:16:59.000000","request_id":"2807e7a3-8d1c-4bff-910b-cddeb602b9fa","event":"debug","phase":"RESPONSE","message":"Final POI count","latency_ms":173,"data":{"total_in_route":0,"returned":0,"by_category":[]}}
{"timestamp":"2026-01-04 21:17:25.000000","request_id":"f5ae4f81-e77f-476e-9d3b-5876fbed3d0f","event":"request_start","endpoint":"/api/pois-for-route","method":"POST","ip_address":"127.0.0.1","user_id":null}
{"timestamp":"2026-01-04 21:17:25.000000","request_id":"f5ae4f81-e77f-476e-9d3b-5876fbed3d0f","event":"debug","phase":"VALIDATION","message":"Polyline received","latency_ms":1,"data":{"point_count":908}}
{"timestamp":"2026-01-04 21:17:25.000000","request_id":"f5ae4f81-e77f-476e-9d3b-5876fbed3d0f","event":"debug","phase":"VALIDATION","message":"Input validated","latency_ms":2,"data":{"polyline_points":908,"categories":["temple","fuel","charger","toll","restaurant","hospital"],"radius_km":3}}
{"timestamp":"2026-01-04 21:17:25.000000","request_id":"f5ae4f81-e77f-476e-9d3b-5876fbed3d0f","event":"debug","phase":"BBOX_QUERY","message":"Executing spatial query","latency_ms":2,"data":{"min_lat":15.083895972972973,"max_lat":16.53831502702703,"min_lng":74.04702997297296,"max_lng":80.65868702702703,"categories":["temple","fuel","charger","toll","restaurant","hospital"]}}
{"timestamp":"2026-01-04 21:17:25.000000","request_id":"f5ae4f81-e77f-476e-9d3b-5876fbed3d0f","event":"debug","phase":"BBOX_RESULT","message":"Bounding box query completed","latency_ms":4,"data":{"pois_in_bbox":0}}
{"timestamp":"2026-01-04 21:17:25.000000","request_id":"f5ae4f81-e77f-476e-9d3b-5876fbed3d0f","event":"debug","phase":"DISTANCE_FILTER","message":"Starting distance-to-route filtering","latency_ms":5,"data":{"all_pois_count":0,"buffer_meters":3000}}
{"timestamp":"2026-01-04 21:17:25.000000","request_id":"f5ae4f81-e77f-476e-9d3b-5876fbed3d0f","event":"debug","phase":"DISTANCE_FILTER","message":"Filtering complete","latency_ms":5,"data":{"filtered_pois_count":0}}
{"timestamp":"2026-01-04 21:17:25.000000","request_id":"f5ae4f81-e77f-476e-9d3b-5876fbed3d0f","event":"response_error","endpoint":"/api/pois-for-route","http_code":200,"error_code":"POI_ZERO_RESULTS","message":"No POIs found within criteria","latency_ms":19,"user_id":null,"details":null}
{"timestamp":"2026-01-04 21:17:25.000000","request_id":"f5ae4f81-e77f-476e-9d3b-5876fbed3d0f","event":"debug","phase":"RESPONSE","message":"Final POI count","latency_ms":20,"data":{"total_in_route":0,"returned":0,"by_category":[]}}
{"timestamp":"2026-01-04 21:17:42.000000","request_id":"af3bb4ac-350c-40e3-bc9c-0c166a0f8709","event":"request_start","endpoint":"/api/pois-for-route","method":"POST","ip_address":"127.0.0.1","user_id":null}
{"timestamp":"2026-01-04 21:17:42.000000","request_id":"af3bb4ac-350c-40e3-bc9c-0c166a0f8709","event":"debug","phase":"VALIDATION","message":"Polyline received","latency_ms":1,"data":{"point_count":908}}
{"timestamp":"2026-01-04 21:17:42.000000","request_id":"af3bb4ac-350c-40e3-bc9c-0c166a0f8709","event":"debug","phase":"VALIDATION","message":"Input validated","latency_ms":2,"data":{"polyline_points":908,"categories":["fuel"],"radius_km":5}}
{"timestamp":"2026-01-04 21:17:42.000000","request_id":"af3bb4ac-350c-40e3-bc9c-0c166a0f8709","event":"debug","phase":"BBOX_QUERY","message":"Executing spatial query","latency_ms":4,"data":{"min_lat":15.065877954954955,"max_lat":16.556333045045047,"min_lng":74.02901195495495,"max_lng":80.67670504504504,"categories":["fuel"]}}
{"timestamp":"2026-01-04 21:17:42.000000","request_id":"af3bb4ac-350c-40e3-bc9c-0c166a0f8709","event":"debug","phase":"BBOX_RESULT","message":"Bounding box query completed","latency_ms":7,"data":{"pois_in_bbox":0}}
{"timestamp":"2026-01-04 21:17:42.000000","request_id":"af3bb4ac-350c-40e3-bc9c-0c166a0f8709","event":"debug","phase":"DISTANCE_FILTER","message":"Starting distance-to-route filtering","latency_ms":8,"data":{"all_pois_count":0,"buffer_meters":5000}}
{"timestamp":"2026-01-04 21:17:42.000000","request_id":"af3bb4ac-350c-40e3-bc9c-0c166a0f8709","event":"debug","phase":"DISTANCE_FILTER","message":"Filtering complete","latency_ms":9,"data":{"filtered_pois_count":0}}
{"timestamp":"2026-01-04 21:17:42.000000","request_id":"af3bb4ac-350c-40e3-bc9c-0c166a0f8709","event":"response_error","endpoint":"/api/pois-for-route","http_code":200,"error_code":"POI_ZERO_RESULTS","message":"No POIs found within criteria","latency_ms":9,"user_id":null,"details":null}
{"timestamp":"2026-01-04 21:17:42.000000","request_id":"af3bb4ac-350c-40e3-bc9c-0c166a0f8709","event":"debug","phase":"RESPONSE","message":"Final POI count","latency_ms":10,"data":{"total_in_route":0,"returned":0,"by_category":[]}}
{"timestamp":"2026-01-04 21:17:42.000000","request_id":"c62ae8d2-b4de-4503-8388-dce35c51ed4e","event":"request_start","endpoint":"/api/pois-for-route","method":"POST","ip_address":"127.0.0.1","user_id":null}
{"timestamp":"2026-01-04 21:17:42.000000","request_id":"c62ae8d2-b4de-4503-8388-dce35c51ed4e","event":"debug","phase":"VALIDATION","message":"Polyline received","latency_ms":1,"data":{"point_count":908}}
{"timestamp":"2026-01-04 21:17:42.000000","request_id":"c62ae8d2-b4de-4503-8388-dce35c51ed4e","event":"debug","phase":"VALIDATION","message":"Input validated","latency_ms":2,"data":{"polyline_points":908,"categories":["restaurant","hospital","temple","fuel"],"radius_km":20}}
{"timestamp":"2026-01-04 21:17:42.000000","request_id":"c62ae8d2-b4de-4503-8388-dce35c51ed4e","event":"debug","phase":"BBOX_QUERY","message":"Executing spatial query","latency_ms":3,"data":{"min_lat":14.93074281981982,"max_lat":16.69146818018018,"min_lng":73.89387681981981,"max_lng":80.81184018018018,"categories":["restaurant","hospital","temple","fuel"]}}
{"timestamp":"2026-01-04 21:17:42.000000","request_id":"c62ae8d2-b4de-4503-8388-dce35c51ed4e","event":"debug","phase":"BBOX_RESULT","message":"Bounding box query completed","latency_ms":3,"data":{"pois_in_bbox":0}}
{"timestamp":"2026-01-04 21:17:42.000000","request_id":"c62ae8d2-b4de-4503-8388-dce35c51ed4e","event":"debug","phase":"DISTANCE_FILTER","message":"Starting distance-to-route filtering","latency_ms":4,"data":{"all_pois_count":0,"buffer_meters":20000}}
{"timestamp":"2026-01-04 21:17:42.000000","request_id":"c62ae8d2-b4de-4503-8388-dce35c51ed4e","event":"debug","phase":"DISTANCE_FILTER","message":"Filtering complete","latency_ms":4,"data":{"filtered_pois_count":0}}
{"timestamp":"2026-01-04 21:17:42.000000","request_id":"c62ae8d2-b4de-4503-8388-dce35c51ed4e","event":"response_error","endpoint":"/api/pois-for-route","http_code":200,"error_code":"POI_ZERO_RESULTS","message":"No POIs found within criteria","latency_ms":5,"user_id":null,"details":null}
{"timestamp":"2026-01-04 21:17:42.000000","request_id":"c62ae8d2-b4de-4503-8388-dce35c51ed4e","event":"debug","phase":"RESPONSE","message":"Final POI count","latency_ms":5,"data":{"total_in_route":0,"returned":0,"by_category":[]}}
{"timestamp":"2026-01-04 21:18:23.000000","request_id":"8506817e-b21e-4d1e-b9d8-b2b383fde098","event":"request_start","endpoint":"/api/pois-for-route","method":"POST","ip_address":"127.0.0.1","user_id":null}
{"timestamp":"2026-01-04 21:18:23.000000","request_id":"8506817e-b21e-4d1e-b9d8-b2b383fde098","event":"debug","phase":"VALIDATION","message":"Polyline received","latency_ms":1,"data":{"point_count":908}}
{"timestamp":"2026-01-04 21:18:23.000000","request_id":"8506817e-b21e-4d1e-b9d8-b2b383fde098","event":"debug","phase":"VALIDATION","message":"Input validated","latency_ms":2,"data":{"polyline_points":908,"categories":["fuel"],"radius_km":5}}
{"timestamp":"2026-01-04 21:18:23.000000","request_id":"8506817e-b21e-4d1e-b9d8-b2b383fde098","event":"debug","phase":"BBOX_QUERY","message":"Executing spatial query","latency_ms":2,"data":{"min_lat":15.065877954954955,"max_lat":16.556333045045047,"min_lng":74.02901195495495,"max_lng":80.67670504504504,"categories":["fuel"]}}
{"timestamp":"2026-01-04 21:18:23.000000","request_id":"8506817e-b21e-4d1e-b9d8-b2b383fde098","event":"debug","phase":"BBOX_RESULT","message":"Bounding box query completed","latency_ms":5,"data":{"pois_in_bbox":0}}
{"timestamp":"2026-01-04 21:18:23.000000","request_id":"8506817e-b21e-4d1e-b9d8-b2b383fde098","event":"debug","phase":"DISTANCE_FILTER","message":"Starting distance-to-route filtering","latency_ms":5,"data":{"all_pois_count":0,"buffer_meters":5000}}
{"timestamp":"2026-01-04 21:18:23.000000","request_id":"8506817e-b21e-4d1e-b9d8-b2b383fde098","event":"debug","phase":"DISTANCE_FILTER","message":"Filtering complete","latency_ms":5,"data":{"filtered_pois_count":0}}
{"timestamp":"2026-01-04 21:18:23.000000","request_id":"8506817e-b21e-4d1e-b9d8-b2b383fde098","event":"response_error","endpoint":"/api/pois-for-route","http_code":200,"error_code":"POI_ZERO_RESULTS","message":"No POIs found within criteria","latency_ms":6,"user_id":null,"details":null}
{"timestamp":"2026-01-04 21:18:23.000000","request_id":"8506817e-b21e-4d1e-b9d8-b2b383fde098","event":"debug","phase":"RESPONSE","message":"Final POI count","latency_ms":7,"data":{"total_in_route":0,"returned":0,"by_category":[]}}
{"timestamp":"2026-01-04 21:18:23.000000","request_id":"8c2da5a9-fc72-4c14-a1c7-3b592bd23089","event":"request_start","endpoint":"/api/pois-for-route","method":"POST","ip_address":"127.0.0.1","user_id":null}
{"timestamp":"2026-01-04 21:18:23.000000","request_id":"8c2da5a9-fc72-4c14-a1c7-3b592bd23089","event":"debug","phase":"VALIDATION","message":"Polyline received","latency_ms":1,"data":{"point_count":908}}
{"timestamp":"2026-01-04 21:18:23.000000","request_id":"8c2da5a9-fc72-4c14-a1c7-3b592bd23089","event":"debug","phase":"VALIDATION","message":"Input validated","latency_ms":1,"data":{"polyline_points":908,"categories":["restaurant","hospital","temple","fuel"],"radius_km":20}}
{"timestamp":"2026-01-04 21:18:23.000000","request_id":"8c2da5a9-fc72-4c14-a1c7-3b592bd23089","event":"debug","phase":"BBOX_QUERY","message":"Executing spatial query","latency_ms":2,"data":{"min_lat":14.93074281981982,"max_lat":16.69146818018018,"min_lng":73.89387681981981,"max_lng":80.81184018018018,"categories":["restaurant","hospital","temple","fuel"]}}
{"timestamp":"2026-01-04 21:18:23.000000","request_id":"8c2da5a9-fc72-4c14-a1c7-3b592bd23089","event":"debug","phase":"BBOX_RESULT","message":"Bounding box query completed","latency_ms":4,"data":{"pois_in_bbox":0}}
{"timestamp":"2026-01-04 21:18:23.000000","request_id":"8c2da5a9-fc72-4c14-a1c7-3b592bd23089","event":"debug","phase":"DISTANCE_FILTER","message":"Starting distance-to-route filtering","latency_ms":7,"data":{"all_pois_count":0,"buffer_meters":20000}}
{"timestamp":"2026-01-04 21:18:23.000000","request_id":"8c2da5a9-fc72-4c14-a1c7-3b592bd23089","event":"debug","phase":"DISTANCE_FILTER","message":"Filtering complete","latency_ms":8,"data":{"filtered_pois_count":0}}
{"timestamp":"2026-01-04 21:18:23.000000","request_id":"8c2da5a9-fc72-4c14-a1c7-3b592bd23089","event":"response_error","endpoint":"/api/pois-for-route","http_code":200,"error_code":"POI_ZERO_RESULTS","message":"No POIs found within criteria","latency_ms":8,"user_id":null,"details":null}
{"timestamp":"2026-01-04 21:18:23.000000","request_id":"8c2da5a9-fc72-4c14-a1c7-3b592bd23089","event":"debug","phase":"RESPONSE","message":"Final POI count","latency_ms":9,"data":{"total_in_route":0,"returned":0,"by_category":[]}}
{"timestamp":"2026-01-04 21:18:27.000000","request_id":"dc1823fb-8854-49b8-93d5-f0fca11f796f","event":"request_start","endpoint":"/api/pois-for-route","method":"POST","ip_address":"127.0.0.1","user_id":null}
{"timestamp":"2026-01-04 21:18:27.000000","request_id":"dc1823fb-8854-49b8-93d5-f0fca11f796f","event":"debug","phase":"VALIDATION","message":"Polyline received","latency_ms":1,"data":{"point_count":908}}
{"timestamp":"2026-01-04 21:18:27.000000","request_id":"dc1823fb-8854-49b8-93d5-f0fca11f796f","event":"debug","phase":"VALIDATION","message":"Input validated","latency_ms":2,"data":{"polyline_points":908,"categories":["fuel"],"radius_km":5}}
{"timestamp":"2026-01-04 21:18:27.000000","request_id":"dc1823fb-8854-49b8-93d5-f0fca11f796f","event":"debug","phase":"BBOX_QUERY","message":"Executing spatial query","latency_ms":2,"data":{"min_lat":15.065877954954955,"max_lat":16.556333045045047,"min_lng":74.02901195495495,"max_lng":80.67670504504504,"categories":["fuel"]}}
{"timestamp":"2026-01-04 21:18:27.000000","request_id":"dc1823fb-8854-49b8-93d5-f0fca11f796f","event":"debug","phase":"BBOX_RESULT","message":"Bounding box query completed","latency_ms":4,"data":{"pois_in_bbox":0}}
{"timestamp":"2026-01-04 21:18:27.000000","request_id":"dc1823fb-8854-49b8-93d5-f0fca11f796f","event":"debug","phase":"DISTANCE_FILTER","message":"Starting distance-to-route filtering","latency_ms":5,"data":{"all_pois_count":0,"buffer_meters":5000}}
{"timestamp":"2026-01-04 21:18:27.000000","request_id":"dc1823fb-8854-49b8-93d5-f0fca11f796f","event":"debug","phase":"DISTANCE_FILTER","message":"Filtering complete","latency_ms":5,"data":{"filtered_pois_count":0}}
{"timestamp":"2026-01-04 21:18:27.000000","request_id":"dc1823fb-8854-49b8-93d5-f0fca11f796f","event":"response_error","endpoint":"/api/pois-for-route","http_code":200,"error_code":"POI_ZERO_RESULTS","message":"No POIs found within criteria","latency_ms":6,"user_id":null,"details":null}
{"timestamp":"2026-01-04 21:18:27.000000","request_id":"dc1823fb-8854-49b8-93d5-f0fca11f796f","event":"debug","phase":"RESPONSE","message":"Final POI count","latency_ms":6,"data":{"total_in_route":0,"returned":0,"by_category":[]}}
{"timestamp":"2026-01-04 21:18:27.000000","request_id":"43f2f984-603a-4ad2-82cc-73ee1b3a99a7","event":"request_start","endpoint":"/api/pois-for-route","method":"POST","ip_address":"127.0.0.1","user_id":null}
{"timestamp":"2026-01-04 21:18:27.000000","request_id":"43f2f984-603a-4ad2-82cc-73ee1b3a99a7","event":"debug","phase":"VALIDATION","message":"Polyline received","latency_ms":1,"data":{"point_count":908}}
{"timestamp":"2026-01-04 21:18:27.000000","request_id":"43f2f984-603a-4ad2-82cc-73ee1b3a99a7","event":"debug","phase":"VALIDATION","message":"Input validated","latency_ms":2,"data":{"polyline_points":908,"categories":["restaurant","hospital","temple","fuel"],"radius_km":20}}
{"timestamp":"2026-01-04 21:18:27.000000","request_id":"43f2f984-603a-4ad2-82cc-73ee1b3a99a7","event":"debug","phase":"BBOX_QUERY","message":"Executing spatial query","latency_ms":2,"data":{"min_lat":14.93074281981982,"max_lat":16.69146818018018,"min_lng":73.89387681981981,"max_lng":80.81184018018018,"categories":["restaurant","hospital","temple","fuel"]}}
{"timestamp":"2026-01-04 21:18:27.000000","request_id":"43f2f984-603a-4ad2-82cc-73ee1b3a99a7","event":"debug","phase":"BBOX_RESULT","message":"Bounding box query completed","latency_ms":4,"data":{"pois_in_bbox":0}}
{"timestamp":"2026-01-04 21:18:27.000000","request_id":"43f2f984-603a-4ad2-82cc-73ee1b3a99a7","event":"debug","phase":"DISTANCE_FILTER","message":"Starting distance-to-route filtering","latency_ms":4,"data":{"all_pois_count":0,"buffer_meters":20000}}
{"timestamp":"2026-01-04 21:18:27.000000","request_id":"43f2f984-603a-4ad2-82cc-73ee1b3a99a7","event":"debug","phase":"DISTANCE_FILTER","message":"Filtering complete","latency_ms":5,"data":{"filtered_pois_count":0}}
{"timestamp":"2026-01-04 21:18:27.000000","request_id":"43f2f984-603a-4ad2-82cc-73ee1b3a99a7","event":"response_error","endpoint":"/api/pois-for-route","http_code":200,"error_code":"POI_ZERO_RESULTS","message":"No POIs found within criteria","latency_ms":5,"user_id":null,"details":null}
{"timestamp":"2026-01-04 21:18:27.000000","request_id":"43f2f984-603a-4ad2-82cc-73ee1b3a99a7","event":"debug","phase":"RESPONSE","message":"Final POI count","latency_ms":6,"data":{"total_in_route":0,"returned":0,"by_category":[]}}
{"timestamp":"2026-01-04 21:18:27.000000","request_id":"a937d3c5-14b8-4aae-af75-7259f7dc03e1","event":"request_start","endpoint":"/api/pois-for-route","method":"POST","ip_address":"127.0.0.1","user_id":null}
{"timestamp":"2026-01-04 21:18:27.000000","request_id":"a937d3c5-14b8-4aae-af75-7259f7dc03e1","event":"debug","phase":"VALIDATION","message":"Polyline received","latency_ms":2,"data":{"point_count":908}}
{"timestamp":"2026-01-04 21:18:27.000000","request_id":"a937d3c5-14b8-4aae-af75-7259f7dc03e1","event":"debug","phase":"VALIDATION","message":"Input validated","latency_ms":3,"data":{"polyline_points":908,"categories":["fuel"],"radius_km":5}}
{"timestamp":"2026-01-04 21:18:27.000000","request_id":"a937d3c5-14b8-4aae-af75-7259f7dc03e1","event":"debug","phase":"BBOX_QUERY","message":"Executing spatial query","latency_ms":3,"data":{"min_lat":15.065877954954955,"max_lat":16.556333045045047,"min_lng":74.02901195495495,"max_lng":80.67670504504504,"categories":["fuel"]}}
{"timestamp":"2026-01-04 21:18:27.000000","request_id":"a937d3c5-14b8-4aae-af75-7259f7dc03e1","event":"debug","phase":"BBOX_RESULT","message":"Bounding box query completed","latency_ms":4,"data":{"pois_in_bbox":0}}
{"timestamp":"2026-01-04 21:18:27.000000","request_id":"a937d3c5-14b8-4aae-af75-7259f7dc03e1","event":"debug","phase":"DISTANCE_FILTER","message":"Starting distance-to-route filtering","latency_ms":5,"data":{"all_pois_count":0,"buffer_meters":5000}}
{"timestamp":"2026-01-04 21:18:27.000000","request_id":"a937d3c5-14b8-4aae-af75-7259f7dc03e1","event":"debug","phase":"DISTANCE_FILTER","message":"Filtering complete","latency_ms":6,"data":{"filtered_pois_count":0}}
{"timestamp":"2026-01-04 21:18:27.000000","request_id":"a937d3c5-14b8-4aae-af75-7259f7dc03e1","event":"response_error","endpoint":"/api/pois-for-route","http_code":200,"error_code":"POI_ZERO_RESULTS","message":"No POIs found within criteria","latency_ms":6,"user_id":null,"details":null}
{"timestamp":"2026-01-04 21:18:27.000000","request_id":"a937d3c5-14b8-4aae-af75-7259f7dc03e1","event":"debug","phase":"RESPONSE","message":"Final POI count","latency_ms":7,"data":{"total_in_route":0,"returned":0,"by_category":[]}}
{"timestamp":"2026-01-04 21:18:27.000000","request_id":"2c566163-3d4c-4350-91dd-ed6cd1980a0b","event":"request_start","endpoint":"/api/pois-for-route","method":"POST","ip_address":"127.0.0.1","user_id":null}
{"timestamp":"2026-01-04 21:18:27.000000","request_id":"2c566163-3d4c-4350-91dd-ed6cd1980a0b","event":"debug","phase":"VALIDATION","message":"Polyline received","latency_ms":1,"data":{"point_count":908}}
{"timestamp":"2026-01-04 21:18:27.000000","request_id":"2c566163-3d4c-4350-91dd-ed6cd1980a0b","event":"debug","phase":"VALIDATION","message":"Input validated","latency_ms":1,"data":{"polyline_points":908,"categories":["restaurant","hospital","temple","fuel"],"radius_km":20}}
{"timestamp":"2026-01-04 21:18:27.000000","request_id":"2c566163-3d4c-4350-91dd-ed6cd1980a0b","event":"debug","phase":"BBOX_QUERY","message":"Executing spatial query","latency_ms":2,"data":{"min_lat":14.93074281981982,"max_lat":16.69146818018018,"min_lng":73.89387681981981,"max_lng":80.81184018018018,"categories":["restaurant","hospital","temple","fuel"]}}
{"timestamp":"2026-01-04 21:18:27.000000","request_id":"2c566163-3d4c-4350-91dd-ed6cd1980a0b","event":"debug","phase":"BBOX_RESULT","message":"Bounding box query completed","latency_ms":4,"data":{"pois_in_bbox":0}}
{"timestamp":"2026-01-04 21:18:27.000000","request_id":"2c566163-3d4c-4350-91dd-ed6cd1980a0b","event":"debug","phase":"DISTANCE_FILTER","message":"Starting distance-to-route filtering","latency_ms":5,"data":{"all_pois_count":0,"buffer_meters":20000}}
{"timestamp":"2026-01-04 21:18:27.000000","request_id":"2c566163-3d4c-4350-91dd-ed6cd1980a0b","event":"debug","phase":"DISTANCE_FILTER","message":"Filtering complete","latency_ms":5,"data":{"filtered_pois_count":0}}
{"timestamp":"2026-01-04 21:18:27.000000","request_id":"2c566163-3d4c-4350-91dd-ed6cd1980a0b","event":"response_error","endpoint":"/api/pois-for-route","http_code":200,"error_code":"POI_ZERO_RESULTS","message":"No POIs found within criteria","latency_ms":5,"user_id":null,"details":null}
{"timestamp":"2026-01-04 21:18:27.000000","request_id":"2c566163-3d4c-4350-91dd-ed6cd1980a0b","event":"debug","phase":"RESPONSE","message":"Final POI count","latency_ms":6,"data":{"total_in_route":0,"returned":0,"by_category":[]}}
{"timestamp":"2026-01-04 21:18:28.000000","request_id":"0d83e5e1-08e8-48e3-9ab1-18f7f2f0f3ed","event":"request_start","endpoint":"/api/pois-for-route","method":"POST","ip_address":"127.0.0.1","user_id":null}
{"timestamp":"2026-01-04 21:18:28.000000","request_id":"0d83e5e1-08e8-48e3-9ab1-18f7f2f0f3ed","event":"debug","phase":"VALIDATION","message":"Polyline received","latency_ms":1,"data":{"point_count":908}}
{"timestamp":"2026-01-04 21:18:28.000000","request_id":"0d83e5e1-08e8-48e3-9ab1-18f7f2f0f3ed","event":"debug","phase":"VALIDATION","message":"Input validated","latency_ms":2,"data":{"polyline_points":908,"categories":["fuel"],"radius_km":5}}
{"timestamp":"2026-01-04 21:18:28.000000","request_id":"0d83e5e1-08e8-48e3-9ab1-18f7f2f0f3ed","event":"debug","phase":"BBOX_QUERY","message":"Executing spatial query","latency_ms":2,"data":{"min_lat":15.065877954954955,"max_lat":16.556333045045047,"min_lng":74.02901195495495,"max_lng":80.67670504504504,"categories":["fuel"]}}
{"timestamp":"2026-01-04 21:18:28.000000","request_id":"0d83e5e1-08e8-48e3-9ab1-18f7f2f0f3ed","event":"debug","phase":"BBOX_RESULT","message":"Bounding box query completed","latency_ms":5,"data":{"pois_in_bbox":0}}
{"timestamp":"2026-01-04 21:18:28.000000","request_id":"0d83e5e1-08e8-48e3-9ab1-18f7f2f0f3ed","event":"debug","phase":"DISTANCE_FILTER","message":"Starting distance-to-route filtering","latency_ms":6,"data":{"all_pois_count":0,"buffer_meters":5000}}
{"timestamp":"2026-01-04 21:18:28.000000","request_id":"0d83e5e1-08e8-48e3-9ab1-18f7f2f0f3ed","event":"debug","phase":"DISTANCE_FILTER","message":"Filtering complete","latency_ms":7,"data":{"filtered_pois_count":0}}
{"timestamp":"2026-01-04 21:18:28.000000","request_id":"0d83e5e1-08e8-48e3-9ab1-18f7f2f0f3ed","event":"response_error","endpoint":"/api/pois-for-route","http_code":200,"error_code":"POI_ZERO_RESULTS","message":"No POIs found within criteria","latency_ms":7,"user_id":null,"details":null}
{"timestamp":"2026-01-04 21:18:28.000000","request_id":"0d83e5e1-08e8-48e3-9ab1-18f7f2f0f3ed","event":"debug","phase":"RESPONSE","message":"Final POI count","latency_ms":8,"data":{"total_in_route":0,"returned":0,"by_category":[]}}
{"timestamp":"2026-01-04 21:18:28.000000","request_id":"36c48a9a-e898-4a96-8532-039d7e56457b","event":"request_start","endpoint":"/api/pois-for-route","method":"POST","ip_address":"127.0.0.1","user_id":null}
{"timestamp":"2026-01-04 21:18:28.000000","request_id":"36c48a9a-e898-4a96-8532-039d7e56457b","event":"debug","phase":"VALIDATION","message":"Polyline received","latency_ms":1,"data":{"point_count":908}}
{"timestamp":"2026-01-04 21:18:28.000000","request_id":"36c48a9a-e898-4a96-8532-039d7e56457b","event":"debug","phase":"VALIDATION","message":"Input validated","latency_ms":2,"data":{"polyline_points":908,"categories":["restaurant","hospital","temple","fuel"],"radius_km":20}}
{"timestamp":"2026-01-04 21:18:28.000000","request_id":"36c48a9a-e898-4a96-8532-039d7e56457b","event":"debug","phase":"BBOX_QUERY","message":"Executing spatial query","latency_ms":3,"data":{"min_lat":14.93074281981982,"max_lat":16.69146818018018,"min_lng":73.89387681981981,"max_lng":80.81184018018018,"categories":["restaurant","hospital","temple","fuel"]}}
{"timestamp":"2026-01-04 21:18:28.000000","request_id":"36c48a9a-e898-4a96-8532-039d7e56457b","event":"debug","phase":"BBOX_RESULT","message":"Bounding box query completed","latency_ms":5,"data":{"pois_in_bbox":0}}
{"timestamp":"2026-01-04 21:18:28.000000","request_id":"36c48a9a-e898-4a96-8532-039d7e56457b","event":"debug","phase":"DISTANCE_FILTER","message":"Starting distance-to-route filtering","latency_ms":6,"data":{"all_pois_count":0,"buffer_meters":20000}}
{"timestamp":"2026-01-04 21:18:28.000000","request_id":"36c48a9a-e898-4a96-8532-039d7e56457b","event":"debug","phase":"DISTANCE_FILTER","message":"Filtering complete","latency_ms":7,"data":{"filtered_pois_count":0}}
{"timestamp":"2026-01-04 21:18:28.000000","request_id":"36c48a9a-e898-4a96-8532-039d7e56457b","event":"response_error","endpoint":"/api/pois-for-route","http_code":200,"error_code":"POI_ZERO_RESULTS","message":"No POIs found within criteria","latency_ms":7,"user_id":null,"details":null}
{"timestamp":"2026-01-04 21:18:28.000000","request_id":"36c48a9a-e898-4a96-8532-039d7e56457b","event":"debug","phase":"RESPONSE","message":"Final POI count","latency_ms":8,"data":{"total_in_route":0,"returned":0,"by_category":[]}}
{"timestamp":"2026-01-04 21:18:28.000000","request_id":"9c2b9e60-c99b-4c09-8d32-8bb3a2c22242","event":"request_start","endpoint":"/api/pois-for-route","method":"POST","ip_address":"127.0.0.1","user_id":null}
{"timestamp":"2026-01-04 21:18:28.000000","request_id":"9c2b9e60-c99b-4c09-8d32-8bb3a2c22242","event":"debug","phase":"VALIDATION","message":"Polyline received","latency_ms":1,"data":{"point_count":908}}
{"timestamp":"2026-01-04 21:18:28.000000","request_id":"9c2b9e60-c99b-4c09-8d32-8bb3a2c22242","event":"debug","phase":"VALIDATION","message":"Input validated","latency_ms":2,"data":{"polyline_points":908,"categories":["fuel"],"radius_km":5}}
{"timestamp":"2026-01-04 21:18:28.000000","request_id":"9c2b9e60-c99b-4c09-8d32-8bb3a2c22242","event":"debug","phase":"BBOX_QUERY","message":"Executing spatial query","latency_ms":2,"data":{"min_lat":15.065877954954955,"max_lat":16.556333045045047,"min_lng":74.02901195495495,"max_lng":80.67670504504504,"categories":["fuel"]}}
{"timestamp":"2026-01-04 21:18:28.000000","request_id":"9c2b9e60-c99b-4c09-8d32-8bb3a2c22242","event":"debug","phase":"BBOX_RESULT","message":"Bounding box query completed","latency_ms":4,"data":{"pois_in_bbox":0}}
{"timestamp":"2026-01-04 21:18:28.000000","request_id":"9c2b9e60-c99b-4c09-8d32-8bb3a2c22242","event":"debug","phase":"DISTANCE_FILTER","message":"Starting distance-to-route filtering","latency_ms":4,"data":{"all_pois_count":0,"buffer_meters":5000}}
{"timestamp":"2026-01-04 21:18:28.000000","request_id":"9c2b9e60-c99b-4c09-8d32-8bb3a2c22242","event":"debug","phase":"DISTANCE_FILTER","message":"Filtering complete","latency_ms":5,"data":{"filtered_pois_count":0}}
{"timestamp":"2026-01-04 21:18:28.000000","request_id":"9c2b9e60-c99b-4c09-8d32-8bb3a2c22242","event":"response_error","endpoint":"/api/pois-for-route","http_code":200,"error_code":"POI_ZERO_RESULTS","message":"No POIs found within criteria","latency_ms":5,"user_id":null,"details":null}
{"timestamp":"2026-01-04 21:18:28.000000","request_id":"9c2b9e60-c99b-4c09-8d32-8bb3a2c22242","event":"debug","phase":"RESPONSE","message":"Final POI count","latency_ms":6,"data":{"total_in_route":0,"returned":0,"by_category":[]}}
{"timestamp":"2026-01-04 21:18:28.000000","request_id":"c179ab32-2972-4830-aac0-5292b2867683","event":"request_start","endpoint":"/api/pois-for-route","method":"POST","ip_address":"127.0.0.1","user_id":null}
{"timestamp":"2026-01-04 21:18:28.000000","request_id":"c179ab32-2972-4830-aac0-5292b2867683","event":"debug","phase":"VALIDATION","message":"Polyline received","latency_ms":2,"data":{"point_count":908}}
{"timestamp":"2026-01-04 21:18:28.000000","request_id":"c179ab32-2972-4830-aac0-5292b2867683","event":"debug","phase":"VALIDATION","message":"Input validated","latency_ms":2,"data":{"polyline_points":908,"categories":["restaurant","hospital","temple","fuel"],"radius_km":20}}
{"timestamp":"2026-01-04 21:18:28.000000","request_id":"c179ab32-2972-4830-aac0-5292b2867683","event":"debug","phase":"BBOX_QUERY","message":"Executing spatial query","latency_ms":3,"data":{"min_lat":14.93074281981982,"max_lat":16.69146818018018,"min_lng":73.89387681981981,"max_lng":80.81184018018018,"categories":["restaurant","hospital","temple","fuel"]}}
{"timestamp":"2026-01-04 21:18:28.000000","request_id":"c179ab32-2972-4830-aac0-5292b2867683","event":"debug","phase":"BBOX_RESULT","message":"Bounding box query completed","latency_ms":5,"data":{"pois_in_bbox":0}}
{"timestamp":"2026-01-04 21:18:28.000000","request_id":"c179ab32-2972-4830-aac0-5292b2867683","event":"debug","phase":"DISTANCE_FILTER","message":"Starting distance-to-route filtering","latency_ms":5,"data":{"all_pois_count":0,"buffer_meters":20000}}
{"timestamp":"2026-01-04 21:18:28.000000","request_id":"c179ab32-2972-4830-aac0-5292b2867683","event":"debug","phase":"DISTANCE_FILTER","message":"Filtering complete","latency_ms":5,"data":{"filtered_pois_count":0}}
{"timestamp":"2026-01-04 21:18:28.000000","request_id":"c179ab32-2972-4830-aac0-5292b2867683","event":"response_error","endpoint":"/api/pois-for-route","http_code":200,"error_code":"POI_ZERO_RESULTS","message":"No POIs found within criteria","latency_ms":6,"user_id":null,"details":null}
{"timestamp":"2026-01-04 21:18:28.000000","request_id":"c179ab32-2972-4830-aac0-5292b2867683","event":"debug","phase":"RESPONSE","message":"Final POI count","latency_ms":6,"data":{"total_in_route":0,"returned":0,"by_category":[]}}
{"timestamp":"2026-01-04 21:18:33.000000","request_id":"675e93f2-1fb3-42e8-adf0-b8f5adc4b2ec","event":"request_start","endpoint":"/api/trips","method":"POST","ip_address":"127.0.0.1","user_id":null}
{"timestamp":"2026-01-04 21:18:33.000000","request_id":"675e93f2-1fb3-42e8-adf0-b8f5adc4b2ec","event":"response_error","endpoint":"/api/trips","http_code":400,"error_code":"INVALID_SIGNATURE","message":"Missing signed journey data","latency_ms":1,"user_id":null,"details":null}
