{"timestamp":"2026-01-19 10:21:22.000000","request_id":"1766e727-04e4-4a71-8672-bd78b3adc909","event":"request_start","endpoint":"/api/pois-for-route","method":"POST","ip_address":"127.0.0.1","user_id":null}
{"timestamp":"2026-01-19 10:21:22.000000","request_id":"1766e727-04e4-4a71-8672-bd78b3adc909","event":"debug","phase":"VALIDATION","message":"Polyline received","latency_ms":2,"data":{"point_count":1475}}
{"timestamp":"2026-01-19 10:21:22.000000","request_id":"1766e727-04e4-4a71-8672-bd78b3adc909","event":"debug","phase":"VALIDATION","message":"Input validated","latency_ms":2,"data":{"polyline_points":1475,"categories":["temple","fuel","charger","toll","restaurant","hospital"],"radius_km":3}}
{"timestamp":"2026-01-19 10:21:22.000000","request_id":"1766e727-04e4-4a71-8672-bd78b3adc909","event":"debug","phase":"BBOX_QUERY","message":"Executing spatial query","latency_ms":4,"data":{"min_lat":16.484260972972972,"max_lat":28.63870802702703,"min_lng":77.20057397297298,"max_lng":80.64302902702703,"categories":["temple","fuel","charger","toll","restaurant","hospital"]}}
{"timestamp":"2026-01-19 10:21:22.000000","request_id":"1766e727-04e4-4a71-8672-bd78b3adc909","event":"debug","phase":"BBOX_RESULT","message":"Bounding box query completed","latency_ms":32,"data":{"pois_in_bbox":4}}
{"timestamp":"2026-01-19 10:21:22.000000","request_id":"1766e727-04e4-4a71-8672-bd78b3adc909","event":"debug","phase":"DISTANCE_FILTER","message":"Starting distance-to-route filtering","latency_ms":33,"data":{"all_pois_count":4,"buffer_meters":3000}}
{"timestamp":"2026-01-19 10:21:22.000000","request_id":"1766e727-04e4-4a71-8672-bd78b3adc909","event":"debug","phase":"DISTANCE_FILTER","message":"Filtering complete","latency_ms":34,"data":{"filtered_pois_count":0}}
{"timestamp":"2026-01-19 10:21:22.000000","request_id":"1766e727-04e4-4a71-8672-bd78b3adc909","event":"response_error","endpoint":"/api/pois-for-route","http_code":200,"error_code":"POI_ZERO_RESULTS","message":"No POIs found within criteria","latency_ms":34,"user_id":null,"details":null}
{"timestamp":"2026-01-19 10:21:22.000000","request_id":"1766e727-04e4-4a71-8672-bd78b3adc909","event":"debug","phase":"RESPONSE","message":"Final POI count","latency_ms":34,"data":{"total_in_route":0,"returned":0,"by_category":[]}}
{"timestamp":"2026-01-19 10:22:13.000000","request_id":"11efd161-bffa-4aae-b6ba-fde59f8487e8","event":"request_start","endpoint":"/api/pois-for-route","method":"POST","ip_address":"127.0.0.1","user_id":null}
{"timestamp":"2026-01-19 10:22:13.000000","request_id":"11efd161-bffa-4aae-b6ba-fde59f8487e8","event":"debug","phase":"VALIDATION","message":"Polyline received","latency_ms":3,"data":{"point_count":1475}}
{"timestamp":"2026-01-19 10:22:13.000000","request_id":"11efd161-bffa-4aae-b6ba-fde59f8487e8","event":"debug","phase":"VALIDATION","message":"Input validated","latency_ms":4,"data":{"polyline_points":1475,"categories":["temple","fuel","charger","toll","restaurant","hospital"],"radius_km":3}}
{"timestamp":"2026-01-19 10:22:13.000000","request_id":"11efd161-bffa-4aae-b6ba-fde59f8487e8","event":"debug","phase":"BBOX_QUERY","message":"Executing spatial query","latency_ms":5,"data":{"min_lat":16.484260972972972,"max_lat":28.63870802702703,"min_lng":77.20057397297298,"max_lng":80.64302902702703,"categories":["temple","fuel","charger","toll","restaurant","hospital"]}}
{"timestamp":"2026-01-19 10:22:13.000000","request_id":"11efd161-bffa-4aae-b6ba-fde59f8487e8","event":"debug","phase":"BBOX_RESULT","message":"Bounding box query completed","latency_ms":7,"data":{"pois_in_bbox":4}}
{"timestamp":"2026-01-19 10:22:13.000000","request_id":"11efd161-bffa-4aae-b6ba-fde59f8487e8","event":"debug","phase":"DISTANCE_FILTER","message":"Starting distance-to-route filtering","latency_ms":7,"data":{"all_pois_count":4,"buffer_meters":3000}}
{"timestamp":"2026-01-19 10:22:13.000000","request_id":"11efd161-bffa-4aae-b6ba-fde59f8487e8","event":"debug","phase":"DISTANCE_FILTER","message":"Filtering complete","latency_ms":8,"data":{"filtered_pois_count":0}}
{"timestamp":"2026-01-19 10:22:13.000000","request_id":"11efd161-bffa-4aae-b6ba-fde59f8487e8","event":"response_error","endpoint":"/api/pois-for-route","http_code":200,"error_code":"POI_ZERO_RESULTS","message":"No POIs found within criteria","latency_ms":9,"user_id":null,"details":null}
{"timestamp":"2026-01-19 10:22:13.000000","request_id":"11efd161-bffa-4aae-b6ba-fde59f8487e8","event":"debug","phase":"RESPONSE","message":"Final POI count","latency_ms":9,"data":{"total_in_route":0,"returned":0,"by_category":[]}}
{"timestamp":"2026-01-19 10:22:30.000000","request_id":"a7e431e1-a3eb-4c75-ad8b-6df24f060b00","event":"request_start","endpoint":"/api/pois-for-route","method":"POST","ip_address":"127.0.0.1","user_id":null}
{"timestamp":"2026-01-19 10:22:30.000000","request_id":"a7e431e1-a3eb-4c75-ad8b-6df24f060b00","event":"debug","phase":"VALIDATION","message":"Polyline received","latency_ms":0,"data":{"point_count":902}}
{"timestamp":"2026-01-19 10:22:30.000000","request_id":"a7e431e1-a3eb-4c75-ad8b-6df24f060b00","event":"debug","phase":"VALIDATION","message":"Input validated","latency_ms":1,"data":{"polyline_points":902,"categories":["toll","restaurant","hospital","fuel","charger"],"radius_km":3}}
{"timestamp":"2026-01-19 10:22:30.000000","request_id":"a7e431e1-a3eb-4c75-ad8b-6df24f060b00","event":"debug","phase":"BBOX_QUERY","message":"Executing spatial query","latency_ms":1,"data":{"min_lat":16.47017597297297,"max_lat":22.64933202702703,"min_lng":80.58897497297296,"max_lng":88.39155402702703,"categories":["toll","restaurant","hospital","fuel","charger"]}}
{"timestamp":"2026-01-19 10:22:30.000000","request_id":"a7e431e1-a3eb-4c75-ad8b-6df24f060b00","event":"debug","phase":"BBOX_RESULT","message":"Bounding box query completed","latency_ms":2,"data":{"pois_in_bbox":0}}
{"timestamp":"2026-01-19 10:22:30.000000","request_id":"a7e431e1-a3eb-4c75-ad8b-6df24f060b00","event":"debug","phase":"DISTANCE_FILTER","message":"Starting distance-to-route filtering","latency_ms":3,"data":{"all_pois_count":0,"buffer_meters":3000}}
{"timestamp":"2026-01-19 10:22:30.000000","request_id":"a7e431e1-a3eb-4c75-ad8b-6df24f060b00","event":"debug","phase":"DISTANCE_FILTER","message":"Filtering complete","latency_ms":3,"data":{"filtered_pois_count":0}}
{"timestamp":"2026-01-19 10:22:30.000000","request_id":"a7e431e1-a3eb-4c75-ad8b-6df24f060b00","event":"response_error","endpoint":"/api/pois-for-route","http_code":200,"error_code":"POI_ZERO_RESULTS","message":"No POIs found within criteria","latency_ms":4,"user_id":null,"details":null}
{"timestamp":"2026-01-19 10:22:30.000000","request_id":"a7e431e1-a3eb-4c75-ad8b-6df24f060b00","event":"debug","phase":"RESPONSE","message":"Final POI count","latency_ms":5,"data":{"total_in_route":0,"returned":0,"by_category":[]}}
{"timestamp":"2026-01-19 10:22:46.000000","request_id":"461192d7-6ce9-406c-a211-76449aebda9e","event":"request_start","endpoint":"/api/pois-for-route","method":"POST","ip_address":"127.0.0.1","user_id":null}
{"timestamp":"2026-01-19 10:22:46.000000","request_id":"461192d7-6ce9-406c-a211-76449aebda9e","event":"debug","phase":"VALIDATION","message":"Polyline received","latency_ms":2,"data":{"point_count":1475}}
{"timestamp":"2026-01-19 10:22:46.000000","request_id":"461192d7-6ce9-406c-a211-76449aebda9e","event":"debug","phase":"VALIDATION","message":"Input validated","latency_ms":3,"data":{"polyline_points":1475,"categories":["toll","restaurant","hospital","fuel","charger"],"radius_km":3}}
{"timestamp":"2026-01-19 10:22:46.000000","request_id":"461192d7-6ce9-406c-a211-76449aebda9e","event":"debug","phase":"BBOX_QUERY","message":"Executing spatial query","latency_ms":4,"data":{"min_lat":16.484260972972972,"max_lat":28.63870802702703,"min_lng":77.20057397297298,"max_lng":80.64302902702703,"categories":["toll","restaurant","hospital","fuel","charger"]}}
{"timestamp":"2026-01-19 10:22:46.000000","request_id":"461192d7-6ce9-406c-a211-76449aebda9e","event":"debug","phase":"BBOX_RESULT","message":"Bounding box query completed","latency_ms":6,"data":{"pois_in_bbox":4}}
{"timestamp":"2026-01-19 10:22:46.000000","request_id":"461192d7-6ce9-406c-a211-76449aebda9e","event":"debug","phase":"DISTANCE_FILTER","message":"Starting distance-to-route filtering","latency_ms":6,"data":{"all_pois_count":4,"buffer_meters":3000}}
{"timestamp":"2026-01-19 10:22:46.000000","request_id":"461192d7-6ce9-406c-a211-76449aebda9e","event":"debug","phase":"DISTANCE_FILTER","message":"Filtering complete","latency_ms":7,"data":{"filtered_pois_count":0}}
{"timestamp":"2026-01-19 10:22:46.000000","request_id":"461192d7-6ce9-406c-a211-76449aebda9e","event":"response_error","endpoint":"/api/pois-for-route","http_code":200,"error_code":"POI_ZERO_RESULTS","message":"No POIs found within criteria","latency_ms":7,"user_id":null,"details":null}
{"timestamp":"2026-01-19 10:22:46.000000","request_id":"461192d7-6ce9-406c-a211-76449aebda9e","event":"debug","phase":"RESPONSE","message":"Final POI count","latency_ms":8,"data":{"total_in_route":0,"returned":0,"by_category":[]}}
{"timestamp":"2026-01-19 10:23:01.000000","request_id":"53b06fd0-fac6-4597-9fc4-58099385c02b","event":"request_start","endpoint":"/api/pois-for-route","method":"POST","ip_address":"127.0.0.1","user_id":null}
{"timestamp":"2026-01-19 10:23:01.000000","request_id":"53b06fd0-fac6-4597-9fc4-58099385c02b","event":"debug","phase":"VALIDATION","message":"Polyline received","latency_ms":2,"data":{"point_count":1475}}
{"timestamp":"2026-01-19 10:23:01.000000","request_id":"53b06fd0-fac6-4597-9fc4-58099385c02b","event":"debug","phase":"VALIDATION","message":"Input validated","latency_ms":2,"data":{"polyline_points":1475,"categories":["temple","fuel","charger","toll","restaurant","hospital"],"radius_km":3}}
{"timestamp":"2026-01-19 10:23:01.000000","request_id":"53b06fd0-fac6-4597-9fc4-58099385c02b","event":"debug","phase":"BBOX_QUERY","message":"Executing spatial query","latency_ms":3,"data":{"min_lat":16.484260972972972,"max_lat":28.63870802702703,"min_lng":77.20057397297298,"max_lng":80.64302902702703,"categories":["temple","fuel","charger","toll","restaurant","hospital"]}}
{"timestamp":"2026-01-19 10:23:01.000000","request_id":"53b06fd0-fac6-4597-9fc4-58099385c02b","event":"debug","phase":"BBOX_RESULT","message":"Bounding box query completed","latency_ms":4,"data":{"pois_in_bbox":4}}
{"timestamp":"2026-01-19 10:23:01.000000","request_id":"53b06fd0-fac6-4597-9fc4-58099385c02b","event":"debug","phase":"DISTANCE_FILTER","message":"Starting distance-to-route filtering","latency_ms":4,"data":{"all_pois_count":4,"buffer_meters":3000}}
{"timestamp":"2026-01-19 10:23:01.000000","request_id":"53b06fd0-fac6-4597-9fc4-58099385c02b","event":"debug","phase":"DISTANCE_FILTER","message":"Filtering complete","latency_ms":5,"data":{"filtered_pois_count":0}}
{"timestamp":"2026-01-19 10:23:01.000000","request_id":"53b06fd0-fac6-4597-9fc4-58099385c02b","event":"response_error","endpoint":"/api/pois-for-route","http_code":200,"error_code":"POI_ZERO_RESULTS","message":"No POIs found within criteria","latency_ms":5,"user_id":null,"details":null}
{"timestamp":"2026-01-19 10:23:01.000000","request_id":"53b06fd0-fac6-4597-9fc4-58099385c02b","event":"debug","phase":"RESPONSE","message":"Final POI count","latency_ms":6,"data":{"total_in_route":0,"returned":0,"by_category":[]}}
{"timestamp":"2026-01-19 10:23:26.000000","request_id":"a1049788-d82d-42c6-8d92-4e727c9c336d","event":"request_start","endpoint":"/api/pois-for-route","method":"POST","ip_address":"127.0.0.1","user_id":null}
{"timestamp":"2026-01-19 10:23:26.000000","request_id":"a1049788-d82d-42c6-8d92-4e727c9c336d","event":"debug","phase":"VALIDATION","message":"Polyline received","latency_ms":1,"data":{"point_count":565}}
{"timestamp":"2026-01-19 10:23:26.000000","request_id":"a1049788-d82d-42c6-8d92-4e727c9c336d","event":"debug","phase":"VALIDATION","message":"Input validated","latency_ms":1,"data":{"polyline_points":565,"categories":["toll","restaurant","hospital","fuel","charger"],"radius_km":3}}
{"timestamp":"2026-01-19 10:23:26.000000","request_id":"a1049788-d82d-42c6-8d92-4e727c9c336d","event":"debug","phase":"BBOX_QUERY","message":"Executing spatial query","latency_ms":1,"data":{"min_lat":16.484260972972972,"max_lat":18.548617027027028,"min_lng":73.82673197297296,"max_lng":80.64302902702703,"categories":["toll","restaurant","hospital","fuel","charger"]}}
{"timestamp":"2026-01-19 10:23:26.000000","request_id":"a1049788-d82d-42c6-8d92-4e727c9c336d","event":"debug","phase":"BBOX_RESULT","message":"Bounding box query completed","latency_ms":3,"data":{"pois_in_bbox":4}}
{"timestamp":"2026-01-19 10:23:26.000000","request_id":"a1049788-d82d-42c6-8d92-4e727c9c336d","event":"debug","phase":"DISTANCE_FILTER","message":"Starting distance-to-route filtering","latency_ms":3,"data":{"all_pois_count":4,"buffer_meters":3000}}
{"timestamp":"2026-01-19 10:23:26.000000","request_id":"a1049788-d82d-42c6-8d92-4e727c9c336d","event":"debug","phase":"DISTANCE_FILTER","message":"Filtering complete","latency_ms":5,"data":{"filtered_pois_count":0}}
{"timestamp":"2026-01-19 10:23:26.000000","request_id":"a1049788-d82d-42c6-8d92-4e727c9c336d","event":"response_error","endpoint":"/api/pois-for-route","http_code":200,"error_code":"POI_ZERO_RESULTS","message":"No POIs found within criteria","latency_ms":6,"user_id":null,"details":null}
{"timestamp":"2026-01-19 10:23:26.000000","request_id":"a1049788-d82d-42c6-8d92-4e727c9c336d","event":"debug","phase":"RESPONSE","message":"Final POI count","latency_ms":6,"data":{"total_in_route":0,"returned":0,"by_category":[]}}
{"timestamp":"2026-01-19 10:23:51.000000","request_id":"572d47a3-1fc0-476b-aa2d-2231c7f8a8f6","event":"request_start","endpoint":"/api/pois-for-route","method":"POST","ip_address":"127.0.0.1","user_id":null}
{"timestamp":"2026-01-19 10:23:51.000000","request_id":"572d47a3-1fc0-476b-aa2d-2231c7f8a8f6","event":"debug","phase":"VALIDATION","message":"Polyline received","latency_ms":1,"data":{"point_count":1475}}
{"timestamp":"2026-01-19 10:23:51.000000","request_id":"572d47a3-1fc0-476b-aa2d-2231c7f8a8f6","event":"debug","phase":"VALIDATION","message":"Input validated","latency_ms":2,"data":{"polyline_points":1475,"categories":["toll","restaurant","hospital","fuel","charger"],"radius_km":3}}
{"timestamp":"2026-01-19 10:23:51.000000","request_id":"572d47a3-1fc0-476b-aa2d-2231c7f8a8f6","event":"debug","phase":"BBOX_QUERY","message":"Executing spatial query","latency_ms":2,"data":{"min_lat":16.484260972972972,"max_lat":28.63870802702703,"min_lng":77.20057397297298,"max_lng":80.64302902702703,"categories":["toll","restaurant","hospital","fuel","charger"]}}
{"timestamp":"2026-01-19 10:23:51.000000","request_id":"572d47a3-1fc0-476b-aa2d-2231c7f8a8f6","event":"debug","phase":"BBOX_RESULT","message":"Bounding box query completed","latency_ms":3,"data":{"pois_in_bbox":4}}
{"timestamp":"2026-01-19 10:23:51.000000","request_id":"572d47a3-1fc0-476b-aa2d-2231c7f8a8f6","event":"debug","phase":"DISTANCE_FILTER","message":"Starting distance-to-route filtering","latency_ms":3,"data":{"all_pois_count":4,"buffer_meters":3000}}
{"timestamp":"2026-01-19 10:23:51.000000","request_id":"572d47a3-1fc0-476b-aa2d-2231c7f8a8f6","event":"debug","phase":"DISTANCE_FILTER","message":"Filtering complete","latency_ms":4,"data":{"filtered_pois_count":0}}
{"timestamp":"2026-01-19 10:23:51.000000","request_id":"572d47a3-1fc0-476b-aa2d-2231c7f8a8f6","event":"response_error","endpoint":"/api/pois-for-route","http_code":200,"error_code":"POI_ZERO_RESULTS","message":"No POIs found within criteria","latency_ms":4,"user_id":null,"details":null}
{"timestamp":"2026-01-19 10:23:51.000000","request_id":"572d47a3-1fc0-476b-aa2d-2231c7f8a8f6","event":"debug","phase":"RESPONSE","message":"Final POI count","latency_ms":5,"data":{"total_in_route":0,"returned":0,"by_category":[]}}
